java.io.EOFException
	at java.base/java.util.zip.GZIPInputStream.readUByte(GZIPInputStream.java:268)
	at java.base/java.util.zip.GZIPInputStream.readUShort(GZIPInputStream.java:258)
	at java.base/java.util.zip.GZIPInputStream.readHeader(GZIPInputStream.java:164)
	at java.base/java.util.zip.GZIPInputStream.<init>(GZIPInputStream.java:79)
	at java.base/java.util.zip.GZIPInputStream.<init>(GZIPInputStream.java:91)
	at com.askimed.nf.test.util.FileUtil.getMd5(FileUtil.java:103)
	at com.askimed.nf.test.lang.extensions.PathExtension.getMd5(PathExtension.java:21)
	at com.askimed.nf.test.lang.extensions.util.PathConverter.serializeFile(PathConverter.java:57)
	at com.askimed.nf.test.lang.extensions.util.PathConverter.convert(PathConverter.java:42)
	at groovy.json.DefaultJsonGenerator.writeObject(DefaultJsonGenerator.java:185)
	at groovy.json.DefaultJsonGenerator.writeObject(DefaultJsonGenerator.java:164)
	at groovy.json.DefaultJsonGenerator.writeIterator(DefaultJsonGenerator.java:396)
	at groovy.json.DefaultJsonGenerator.writeObject(DefaultJsonGenerator.java:202)
	at groovy.json.DefaultJsonGenerator.writeObject(DefaultJsonGenerator.java:164)
	at groovy.json.DefaultJsonGenerator.writeIterator(DefaultJsonGenerator.java:396)
	at groovy.json.DefaultJsonGenerator.writeObject(DefaultJsonGenerator.java:202)
	at groovy.json.DefaultJsonGenerator.writeObject(DefaultJsonGenerator.java:164)
	at groovy.json.DefaultJsonGenerator.writeIterator(DefaultJsonGenerator.java:396)
	at groovy.json.DefaultJsonGenerator.writeObject(DefaultJsonGenerator.java:202)
	at groovy.json.DefaultJsonGenerator.writeObject(DefaultJsonGenerator.java:164)
	at groovy.json.DefaultJsonGenerator.writeIterator(DefaultJsonGenerator.java:396)
	at groovy.json.DefaultJsonGenerator.writeArray(DefaultJsonGenerator.java:279)
	at groovy.json.DefaultJsonGenerator.writeObject(DefaultJsonGenerator.java:221)
	at groovy.json.DefaultJsonGenerator.writeObject(DefaultJsonGenerator.java:164)
	at groovy.json.DefaultJsonGenerator.toJson(DefaultJsonGenerator.java:98)
	at com.askimed.nf.test.lang.extensions.SnapshotFileItem.toString(SnapshotFileItem.java:80)
	at com.askimed.nf.test.lang.extensions.SnapshotFileItem.equals(SnapshotFileItem.java:64)
	at com.askimed.nf.test.lang.extensions.Snapshot.match(Snapshot.java:57)
	at com.askimed.nf.test.lang.extensions.Snapshot.match(Snapshot.java:27)
	at com.askimed.nf.test.lang.extensions.Snapshot$match.call(Unknown Source)
	at org.codehaus.groovy.runtime.callsite.CallSiteArray.defaultCall(CallSiteArray.java:47)
	at org.codehaus.groovy.runtime.callsite.AbstractCallSite.call(AbstractCallSite.java:125)
	at org.codehaus.groovy.runtime.callsite.AbstractCallSite.call(AbstractCallSite.java:130)
	at main_nf$_run_closure1$_closure2$_closure4$_closure7.doCall(main.nf.test:28)
	at main_nf$_run_closure1$_closure2$_closure4$_closure7.doCall(main.nf.test)
	at java.base/jdk.internal.reflect.NativeMethodAccessorImpl.invoke0(Native Method)
	at java.base/jdk.internal.reflect.NativeMethodAccessorImpl.invoke(NativeMethodAccessorImpl.java:77)
	at java.base/jdk.internal.reflect.DelegatingMethodAccessorImpl.invoke(DelegatingMethodAccessorImpl.java:43)
	at java.base/java.lang.reflect.Method.invoke(Method.java:569)
	at org.codehaus.groovy.reflection.CachedMethod.invoke(CachedMethod.java:107)
	at groovy.lang.MetaMethod.doMethodInvoke(MetaMethod.java:323)
	at org.codehaus.groovy.runtime.metaclass.ClosureMetaClass.invokeMethod(ClosureMetaClass.java:274)
	at groovy.lang.MetaClassImpl.invokeMethod(MetaClassImpl.java:1030)
	at groovy.lang.Closure.call(Closure.java:427)
	at groovy.lang.Closure.call(Closure.java:406)
	at com.askimed.nf.test.lang.extensions.GlobalMethods.assertAll(GlobalMethods.java:39)
	at java.base/jdk.internal.reflect.NativeMethodAccessorImpl.invoke0(Native Method)
	at java.base/jdk.internal.reflect.NativeMethodAccessorImpl.invoke(NativeMethodAccessorImpl.java:77)
	at java.base/jdk.internal.reflect.DelegatingMethodAccessorImpl.invoke(DelegatingMethodAccessorImpl.java:43)
	at java.base/java.lang.reflect.Method.invoke(Method.java:569)
	at org.codehaus.groovy.reflection.CachedMethod.invoke(CachedMethod.java:107)
	at groovy.lang.MetaMethod.doMethodInvoke(MetaMethod.java:323)
	at org.codehaus.groovy.runtime.callsite.StaticMetaMethodSite.invoke(StaticMetaMethodSite.java:44)
	at org.codehaus.groovy.runtime.callsite.StaticMetaMethodSite.callStatic(StaticMetaMethodSite.java:100)
	at org.codehaus.groovy.runtime.callsite.CallSiteArray.defaultCallStatic(CallSiteArray.java:55)
	at org.codehaus.groovy.runtime.callsite.AbstractCallSite.callStatic(AbstractCallSite.java:217)
	at org.codehaus.groovy.runtime.callsite.AbstractCallSite.callStatic(AbstractCallSite.java:240)
	at main_nf$_run_closure1$_closure2$_closure4.doCall(main.nf.test:26)
	at main_nf$_run_closure1$_closure2$_closure4.doCall(main.nf.test)
	at java.base/jdk.internal.reflect.NativeMethodAccessorImpl.invoke0(Native Method)
	at java.base/jdk.internal.reflect.NativeMethodAccessorImpl.invoke(NativeMethodAccessorImpl.java:77)
	at java.base/jdk.internal.reflect.DelegatingMethodAccessorImpl.invoke(DelegatingMethodAccessorImpl.java:43)
	at java.base/java.lang.reflect.Method.invoke(Method.java:569)
	at org.codehaus.groovy.reflection.CachedMethod.invoke(CachedMethod.java:107)
	at groovy.lang.MetaMethod.doMethodInvoke(MetaMethod.java:323)
	at org.codehaus.groovy.runtime.metaclass.ClosureMetaClass.invokeMethod(ClosureMetaClass.java:274)
	at groovy.lang.MetaClassImpl.invokeMethod(MetaClassImpl.java:1030)
	at groovy.lang.Closure.call(Closure.java:427)
	at groovy.lang.Closure.call(Closure.java:406)
	at com.askimed.nf.test.lang.TestCode.execute(TestCode.java:16)
	at com.askimed.nf.test.lang.process.ProcessTest.execute(ProcessTest.java:171)
	at com.askimed.nf.test.core.TestExecutionEngine.execute(TestExecutionEngine.java:172)
	at com.askimed.nf.test.commands.RunTestsCommand.execute(RunTestsCommand.java:322)
	at com.askimed.nf.test.commands.AbstractCommand.call(AbstractCommand.java:43)
	at com.askimed.nf.test.commands.AbstractCommand.call(AbstractCommand.java:18)
	at picocli.CommandLine.executeUserObject(CommandLine.java:1953)
	at picocli.CommandLine.access$1300(CommandLine.java:145)
	at picocli.CommandLine$RunLast.executeUserObjectOfLastSubcommandWithSameParent(CommandLine.java:2352)
	at picocli.CommandLine$RunLast.handle(CommandLine.java:2346)
	at picocli.CommandLine$RunLast.handle(CommandLine.java:2311)
	at picocli.CommandLine$AbstractParseResultHandler.execute(CommandLine.java:2179)
	at picocli.CommandLine.execute(CommandLine.java:2078)
	at com.askimed.nf.test.App.run(App.java:39)
	at com.askimed.nf.test.App.main(App.java:46)
java.io.EOFException
	at java.base/java.util.zip.GZIPInputStream.readUByte(GZIPInputStream.java:268)
	at java.base/java.util.zip.GZIPInputStream.readUShort(GZIPInputStream.java:258)
	at java.base/java.util.zip.GZIPInputStream.readHeader(GZIPInputStream.java:164)
	at java.base/java.util.zip.GZIPInputStream.<init>(GZIPInputStream.java:79)
	at java.base/java.util.zip.GZIPInputStream.<init>(GZIPInputStream.java:91)
	at com.askimed.nf.test.util.FileUtil.getMd5(FileUtil.java:103)
	at com.askimed.nf.test.lang.extensions.PathExtension.getMd5(PathExtension.java:21)
	at com.askimed.nf.test.lang.extensions.util.PathConverter.serializeFile(PathConverter.java:57)
	at com.askimed.nf.test.lang.extensions.util.PathConverter.convert(PathConverter.java:42)
	at groovy.json.DefaultJsonGenerator.writeObject(DefaultJsonGenerator.java:185)
	at groovy.json.DefaultJsonGenerator.writeObject(DefaultJsonGenerator.java:164)
	at groovy.json.DefaultJsonGenerator.writeIterator(DefaultJsonGenerator.java:396)
	at groovy.json.DefaultJsonGenerator.writeObject(DefaultJsonGenerator.java:202)
	at groovy.json.DefaultJsonGenerator.writeObject(DefaultJsonGenerator.java:164)
	at groovy.json.DefaultJsonGenerator.writeIterator(DefaultJsonGenerator.java:396)
	at groovy.json.DefaultJsonGenerator.writeObject(DefaultJsonGenerator.java:202)
	at groovy.json.DefaultJsonGenerator.writeObject(DefaultJsonGenerator.java:164)
	at groovy.json.DefaultJsonGenerator.writeIterator(DefaultJsonGenerator.java:396)
	at groovy.json.DefaultJsonGenerator.writeObject(DefaultJsonGenerator.java:202)
	at groovy.json.DefaultJsonGenerator.writeObject(DefaultJsonGenerator.java:164)
	at groovy.json.DefaultJsonGenerator.writeIterator(DefaultJsonGenerator.java:396)
	at groovy.json.DefaultJsonGenerator.writeArray(DefaultJsonGenerator.java:279)
	at groovy.json.DefaultJsonGenerator.writeObject(DefaultJsonGenerator.java:221)
	at groovy.json.DefaultJsonGenerator.writeObject(DefaultJsonGenerator.java:164)
	at groovy.json.DefaultJsonGenerator.toJson(DefaultJsonGenerator.java:98)
	at com.askimed.nf.test.lang.extensions.SnapshotFileItem.toString(SnapshotFileItem.java:80)
	at com.askimed.nf.test.lang.extensions.SnapshotFileItem.equals(SnapshotFileItem.java:64)
	at com.askimed.nf.test.lang.extensions.Snapshot.match(Snapshot.java:57)
	at com.askimed.nf.test.lang.extensions.Snapshot.match(Snapshot.java:27)
	at com.askimed.nf.test.lang.extensions.Snapshot$match.call(Unknown Source)
	at org.codehaus.groovy.runtime.callsite.CallSiteArray.defaultCall(CallSiteArray.java:47)
	at org.codehaus.groovy.runtime.callsite.AbstractCallSite.call(AbstractCallSite.java:125)
	at org.codehaus.groovy.runtime.callsite.AbstractCallSite.call(AbstractCallSite.java:130)
	at main_nf$_run_closure1$_closure2$_closure4$_closure7.doCall(main.nf.test:28)
	at main_nf$_run_closure1$_closure2$_closure4$_closure7.doCall(main.nf.test)
	at java.base/jdk.internal.reflect.NativeMethodAccessorImpl.invoke0(Native Method)
	at java.base/jdk.internal.reflect.NativeMethodAccessorImpl.invoke(NativeMethodAccessorImpl.java:77)
	at java.base/jdk.internal.reflect.DelegatingMethodAccessorImpl.invoke(DelegatingMethodAccessorImpl.java:43)
	at java.base/java.lang.reflect.Method.invoke(Method.java:569)
	at org.codehaus.groovy.reflection.CachedMethod.invoke(CachedMethod.java:107)
	at groovy.lang.MetaMethod.doMethodInvoke(MetaMethod.java:323)
	at org.codehaus.groovy.runtime.metaclass.ClosureMetaClass.invokeMethod(ClosureMetaClass.java:274)
	at groovy.lang.MetaClassImpl.invokeMethod(MetaClassImpl.java:1030)
	at groovy.lang.Closure.call(Closure.java:427)
	at groovy.lang.Closure.call(Closure.java:406)
	at com.askimed.nf.test.lang.extensions.GlobalMethods.assertAll(GlobalMethods.java:39)
	at java.base/jdk.internal.reflect.NativeMethodAccessorImpl.invoke0(Native Method)
	at java.base/jdk.internal.reflect.NativeMethodAccessorImpl.invoke(NativeMethodAccessorImpl.java:77)
	at java.base/jdk.internal.reflect.DelegatingMethodAccessorImpl.invoke(DelegatingMethodAccessorImpl.java:43)
	at java.base/java.lang.reflect.Method.invoke(Method.java:569)
	at org.codehaus.groovy.reflection.CachedMethod.invoke(CachedMethod.java:107)
	at groovy.lang.MetaMethod.doMethodInvoke(MetaMethod.java:323)
	at org.codehaus.groovy.runtime.callsite.StaticMetaMethodSite.invoke(StaticMetaMethodSite.java:44)
	at org.codehaus.groovy.runtime.callsite.StaticMetaMethodSite.callStatic(StaticMetaMethodSite.java:100)
	at org.codehaus.groovy.runtime.callsite.CallSiteArray.defaultCallStatic(CallSiteArray.java:55)
	at org.codehaus.groovy.runtime.callsite.AbstractCallSite.callStatic(AbstractCallSite.java:217)
	at org.codehaus.groovy.runtime.callsite.AbstractCallSite.callStatic(AbstractCallSite.java:240)
	at main_nf$_run_closure1$_closure2$_closure4.doCall(main.nf.test:26)
	at main_nf$_run_closure1$_closure2$_closure4.doCall(main.nf.test)
	at java.base/jdk.internal.reflect.NativeMethodAccessorImpl.invoke0(Native Method)
	at java.base/jdk.internal.reflect.NativeMethodAccessorImpl.invoke(NativeMethodAccessorImpl.java:77)
	at java.base/jdk.internal.reflect.DelegatingMethodAccessorImpl.invoke(DelegatingMethodAccessorImpl.java:43)
	at java.base/java.lang.reflect.Method.invoke(Method.java:569)
	at org.codehaus.groovy.reflection.CachedMethod.invoke(CachedMethod.java:107)
	at groovy.lang.MetaMethod.doMethodInvoke(MetaMethod.java:323)
	at org.codehaus.groovy.runtime.metaclass.ClosureMetaClass.invokeMethod(ClosureMetaClass.java:274)
	at groovy.lang.MetaClassImpl.invokeMethod(MetaClassImpl.java:1030)
	at groovy.lang.Closure.call(Closure.java:427)
	at groovy.lang.Closure.call(Closure.java:406)
	at com.askimed.nf.test.lang.TestCode.execute(TestCode.java:16)
	at com.askimed.nf.test.lang.process.ProcessTest.execute(ProcessTest.java:171)
	at com.askimed.nf.test.core.TestExecutionEngine.execute(TestExecutionEngine.java:172)
	at com.askimed.nf.test.commands.RunTestsCommand.execute(RunTestsCommand.java:322)
	at com.askimed.nf.test.commands.AbstractCommand.call(AbstractCommand.java:43)
	at com.askimed.nf.test.commands.AbstractCommand.call(AbstractCommand.java:18)
	at picocli.CommandLine.executeUserObject(CommandLine.java:1953)
	at picocli.CommandLine.access$1300(CommandLine.java:145)
	at picocli.CommandLine$RunLast.executeUserObjectOfLastSubcommandWithSameParent(CommandLine.java:2352)
	at picocli.CommandLine$RunLast.handle(CommandLine.java:2346)
	at picocli.CommandLine$RunLast.handle(CommandLine.java:2311)
	at picocli.CommandLine$AbstractParseResultHandler.execute(CommandLine.java:2179)
	at picocli.CommandLine.execute(CommandLine.java:2078)
	at com.askimed.nf.test.App.run(App.java:39)
	at com.askimed.nf.test.App.main(App.java:46)
java.io.EOFException
	at java.base/java.util.zip.GZIPInputStream.readUByte(GZIPInputStream.java:268)
	at java.base/java.util.zip.GZIPInputStream.readUShort(GZIPInputStream.java:258)
	at java.base/java.util.zip.GZIPInputStream.readHeader(GZIPInputStream.java:164)
	at java.base/java.util.zip.GZIPInputStream.<init>(GZIPInputStream.java:79)
	at java.base/java.util.zip.GZIPInputStream.<init>(GZIPInputStream.java:91)
	at com.askimed.nf.test.util.FileUtil.getMd5(FileUtil.java:103)
	at com.askimed.nf.test.lang.extensions.PathExtension.getMd5(PathExtension.java:21)
	at com.askimed.nf.test.lang.extensions.util.PathConverter.serializeFile(PathConverter.java:57)
	at com.askimed.nf.test.lang.extensions.util.PathConverter.convert(PathConverter.java:42)
	at groovy.json.DefaultJsonGenerator.writeObject(DefaultJsonGenerator.java:185)
	at groovy.json.DefaultJsonGenerator.writeObject(DefaultJsonGenerator.java:164)
	at groovy.json.DefaultJsonGenerator.writeIterator(DefaultJsonGenerator.java:396)
	at groovy.json.DefaultJsonGenerator.writeObject(DefaultJsonGenerator.java:202)
	at groovy.json.DefaultJsonGenerator.writeObject(DefaultJsonGenerator.java:164)
	at groovy.json.DefaultJsonGenerator.writeIterator(DefaultJsonGenerator.java:396)
	at groovy.json.DefaultJsonGenerator.writeObject(DefaultJsonGenerator.java:202)
	at groovy.json.DefaultJsonGenerator.writeObject(DefaultJsonGenerator.java:164)
	at groovy.json.DefaultJsonGenerator.writeIterator(DefaultJsonGenerator.java:396)
	at groovy.json.DefaultJsonGenerator.writeObject(DefaultJsonGenerator.java:202)
	at groovy.json.DefaultJsonGenerator.writeObject(DefaultJsonGenerator.java:164)
	at groovy.json.DefaultJsonGenerator.writeIterator(DefaultJsonGenerator.java:396)
	at groovy.json.DefaultJsonGenerator.writeArray(DefaultJsonGenerator.java:279)
	at groovy.json.DefaultJsonGenerator.writeObject(DefaultJsonGenerator.java:221)
	at groovy.json.DefaultJsonGenerator.writeObject(DefaultJsonGenerator.java:164)
	at groovy.json.DefaultJsonGenerator.toJson(DefaultJsonGenerator.java:98)
	at com.askimed.nf.test.lang.extensions.util.SnapshotDiffUtil.writeSnapshotToFile(SnapshotDiffUtil.java:95)
	at com.askimed.nf.test.lang.extensions.util.SnapshotDiffUtil.getDiff(SnapshotDiffUtil.java:37)
	at com.askimed.nf.test.lang.extensions.SnapshotFileItem.equals(SnapshotFileItem.java:69)
	at com.askimed.nf.test.lang.extensions.Snapshot.match(Snapshot.java:57)
	at com.askimed.nf.test.lang.extensions.Snapshot.match(Snapshot.java:27)
	at com.askimed.nf.test.lang.extensions.Snapshot$match.call(Unknown Source)
	at org.codehaus.groovy.runtime.callsite.CallSiteArray.defaultCall(CallSiteArray.java:47)
	at org.codehaus.groovy.runtime.callsite.AbstractCallSite.call(AbstractCallSite.java:125)
	at org.codehaus.groovy.runtime.callsite.AbstractCallSite.call(AbstractCallSite.java:130)
	at main_nf$_run_closure1$_closure2$_closure4$_closure7.doCall(main.nf.test:28)
	at main_nf$_run_closure1$_closure2$_closure4$_closure7.doCall(main.nf.test)
	at java.base/jdk.internal.reflect.NativeMethodAccessorImpl.invoke0(Native Method)
	at java.base/jdk.internal.reflect.NativeMethodAccessorImpl.invoke(NativeMethodAccessorImpl.java:77)
	at java.base/jdk.internal.reflect.DelegatingMethodAccessorImpl.invoke(DelegatingMethodAccessorImpl.java:43)
	at java.base/java.lang.reflect.Method.invoke(Method.java:569)
	at org.codehaus.groovy.reflection.CachedMethod.invoke(CachedMethod.java:107)
	at groovy.lang.MetaMethod.doMethodInvoke(MetaMethod.java:323)
	at org.codehaus.groovy.runtime.metaclass.ClosureMetaClass.invokeMethod(ClosureMetaClass.java:274)
	at groovy.lang.MetaClassImpl.invokeMethod(MetaClassImpl.java:1030)
	at groovy.lang.Closure.call(Closure.java:427)
	at groovy.lang.Closure.call(Closure.java:406)
	at com.askimed.nf.test.lang.extensions.GlobalMethods.assertAll(GlobalMethods.java:39)
	at java.base/jdk.internal.reflect.NativeMethodAccessorImpl.invoke0(Native Method)
	at java.base/jdk.internal.reflect.NativeMethodAccessorImpl.invoke(NativeMethodAccessorImpl.java:77)
	at java.base/jdk.internal.reflect.DelegatingMethodAccessorImpl.invoke(DelegatingMethodAccessorImpl.java:43)
	at java.base/java.lang.reflect.Method.invoke(Method.java:569)
	at org.codehaus.groovy.reflection.CachedMethod.invoke(CachedMethod.java:107)
	at groovy.lang.MetaMethod.doMethodInvoke(MetaMethod.java:323)
	at org.codehaus.groovy.runtime.callsite.StaticMetaMethodSite.invoke(StaticMetaMethodSite.java:44)
	at org.codehaus.groovy.runtime.callsite.StaticMetaMethodSite.callStatic(StaticMetaMethodSite.java:100)
	at org.codehaus.groovy.runtime.callsite.CallSiteArray.defaultCallStatic(CallSiteArray.java:55)
	at org.codehaus.groovy.runtime.callsite.AbstractCallSite.callStatic(AbstractCallSite.java:217)
	at org.codehaus.groovy.runtime.callsite.AbstractCallSite.callStatic(AbstractCallSite.java:240)
	at main_nf$_run_closure1$_closure2$_closure4.doCall(main.nf.test:26)
	at main_nf$_run_closure1$_closure2$_closure4.doCall(main.nf.test)
	at java.base/jdk.internal.reflect.NativeMethodAccessorImpl.invoke0(Native Method)
	at java.base/jdk.internal.reflect.NativeMethodAccessorImpl.invoke(NativeMethodAccessorImpl.java:77)
	at java.base/jdk.internal.reflect.DelegatingMethodAccessorImpl.invoke(DelegatingMethodAccessorImpl.java:43)
	at java.base/java.lang.reflect.Method.invoke(Method.java:569)
	at org.codehaus.groovy.reflection.CachedMethod.invoke(CachedMethod.java:107)
	at groovy.lang.MetaMethod.doMethodInvoke(MetaMethod.java:323)
	at org.codehaus.groovy.runtime.metaclass.ClosureMetaClass.invokeMethod(ClosureMetaClass.java:274)
	at groovy.lang.MetaClassImpl.invokeMethod(MetaClassImpl.java:1030)
	at groovy.lang.Closure.call(Closure.java:427)
	at groovy.lang.Closure.call(Closure.java:406)
	at com.askimed.nf.test.lang.TestCode.execute(TestCode.java:16)
	at com.askimed.nf.test.lang.process.ProcessTest.execute(ProcessTest.java:171)
	at com.askimed.nf.test.core.TestExecutionEngine.execute(TestExecutionEngine.java:172)
	at com.askimed.nf.test.commands.RunTestsCommand.execute(RunTestsCommand.java:322)
	at com.askimed.nf.test.commands.AbstractCommand.call(AbstractCommand.java:43)
	at com.askimed.nf.test.commands.AbstractCommand.call(AbstractCommand.java:18)
	at picocli.CommandLine.executeUserObject(CommandLine.java:1953)
	at picocli.CommandLine.access$1300(CommandLine.java:145)
	at picocli.CommandLine$RunLast.executeUserObjectOfLastSubcommandWithSameParent(CommandLine.java:2352)
	at picocli.CommandLine$RunLast.handle(CommandLine.java:2346)
	at picocli.CommandLine$RunLast.handle(CommandLine.java:2311)
	at picocli.CommandLine$AbstractParseResultHandler.execute(CommandLine.java:2179)
	at picocli.CommandLine.execute(CommandLine.java:2078)
	at com.askimed.nf.test.App.run(App.java:39)
	at com.askimed.nf.test.App.main(App.java:46)
java.io.EOFException
	at java.base/java.util.zip.GZIPInputStream.readUByte(GZIPInputStream.java:268)
	at java.base/java.util.zip.GZIPInputStream.readUShort(GZIPInputStream.java:258)
	at java.base/java.util.zip.GZIPInputStream.readHeader(GZIPInputStream.java:164)
	at java.base/java.util.zip.GZIPInputStream.<init>(GZIPInputStream.java:79)
	at java.base/java.util.zip.GZIPInputStream.<init>(GZIPInputStream.java:91)
	at com.askimed.nf.test.util.FileUtil.getMd5(FileUtil.java:103)
	at com.askimed.nf.test.lang.extensions.PathExtension.getMd5(PathExtension.java:21)
	at com.askimed.nf.test.lang.extensions.util.PathConverter.serializeFile(PathConverter.java:57)
	at com.askimed.nf.test.lang.extensions.util.PathConverter.convert(PathConverter.java:42)
	at groovy.json.DefaultJsonGenerator.writeObject(DefaultJsonGenerator.java:185)
	at groovy.json.DefaultJsonGenerator.writeObject(DefaultJsonGenerator.java:164)
	at groovy.json.DefaultJsonGenerator.writeIterator(DefaultJsonGenerator.java:396)
	at groovy.json.DefaultJsonGenerator.writeObject(DefaultJsonGenerator.java:202)
	at groovy.json.DefaultJsonGenerator.writeObject(DefaultJsonGenerator.java:164)
	at groovy.json.DefaultJsonGenerator.writeIterator(DefaultJsonGenerator.java:396)
	at groovy.json.DefaultJsonGenerator.writeObject(DefaultJsonGenerator.java:202)
	at groovy.json.DefaultJsonGenerator.writeObject(DefaultJsonGenerator.java:164)
	at groovy.json.DefaultJsonGenerator.writeIterator(DefaultJsonGenerator.java:396)
	at groovy.json.DefaultJsonGenerator.writeObject(DefaultJsonGenerator.java:202)
	at groovy.json.DefaultJsonGenerator.writeObject(DefaultJsonGenerator.java:164)
	at groovy.json.DefaultJsonGenerator.writeIterator(DefaultJsonGenerator.java:396)
	at groovy.json.DefaultJsonGenerator.writeArray(DefaultJsonGenerator.java:279)
	at groovy.json.DefaultJsonGenerator.writeObject(DefaultJsonGenerator.java:221)
	at groovy.json.DefaultJsonGenerator.writeObject(DefaultJsonGenerator.java:164)
	at groovy.json.DefaultJsonGenerator.toJson(DefaultJsonGenerator.java:98)
	at com.askimed.nf.test.lang.extensions.util.SnapshotDiffUtil.writeSnapshotToFile(SnapshotDiffUtil.java:95)
	at com.askimed.nf.test.lang.extensions.util.SnapshotDiffUtil.getDiff(SnapshotDiffUtil.java:37)
	at com.askimed.nf.test.lang.extensions.SnapshotFileItem.equals(SnapshotFileItem.java:69)
	at com.askimed.nf.test.lang.extensions.Snapshot.match(Snapshot.java:57)
	at com.askimed.nf.test.lang.extensions.Snapshot.match(Snapshot.java:27)
	at com.askimed.nf.test.lang.extensions.Snapshot$match.call(Unknown Source)
	at org.codehaus.groovy.runtime.callsite.CallSiteArray.defaultCall(CallSiteArray.java:47)
	at org.codehaus.groovy.runtime.callsite.AbstractCallSite.call(AbstractCallSite.java:125)
	at org.codehaus.groovy.runtime.callsite.AbstractCallSite.call(AbstractCallSite.java:130)
	at main_nf$_run_closure1$_closure2$_closure4$_closure7.doCall(main.nf.test:28)
	at main_nf$_run_closure1$_closure2$_closure4$_closure7.doCall(main.nf.test)
	at java.base/jdk.internal.reflect.NativeMethodAccessorImpl.invoke0(Native Method)
	at java.base/jdk.internal.reflect.NativeMethodAccessorImpl.invoke(NativeMethodAccessorImpl.java:77)
	at java.base/jdk.internal.reflect.DelegatingMethodAccessorImpl.invoke(DelegatingMethodAccessorImpl.java:43)
	at java.base/java.lang.reflect.Method.invoke(Method.java:569)
	at org.codehaus.groovy.reflection.CachedMethod.invoke(CachedMethod.java:107)
	at groovy.lang.MetaMethod.doMethodInvoke(MetaMethod.java:323)
	at org.codehaus.groovy.runtime.metaclass.ClosureMetaClass.invokeMethod(ClosureMetaClass.java:274)
	at groovy.lang.MetaClassImpl.invokeMethod(MetaClassImpl.java:1030)
	at groovy.lang.Closure.call(Closure.java:427)
	at groovy.lang.Closure.call(Closure.java:406)
	at com.askimed.nf.test.lang.extensions.GlobalMethods.assertAll(GlobalMethods.java:39)
	at java.base/jdk.internal.reflect.NativeMethodAccessorImpl.invoke0(Native Method)
	at java.base/jdk.internal.reflect.NativeMethodAccessorImpl.invoke(NativeMethodAccessorImpl.java:77)
	at java.base/jdk.internal.reflect.DelegatingMethodAccessorImpl.invoke(DelegatingMethodAccessorImpl.java:43)
	at java.base/java.lang.reflect.Method.invoke(Method.java:569)
	at org.codehaus.groovy.reflection.CachedMethod.invoke(CachedMethod.java:107)
	at groovy.lang.MetaMethod.doMethodInvoke(MetaMethod.java:323)
	at org.codehaus.groovy.runtime.callsite.StaticMetaMethodSite.invoke(StaticMetaMethodSite.java:44)
	at org.codehaus.groovy.runtime.callsite.StaticMetaMethodSite.callStatic(StaticMetaMethodSite.java:100)
	at org.codehaus.groovy.runtime.callsite.CallSiteArray.defaultCallStatic(CallSiteArray.java:55)
	at org.codehaus.groovy.runtime.callsite.AbstractCallSite.callStatic(AbstractCallSite.java:217)
	at org.codehaus.groovy.runtime.callsite.AbstractCallSite.callStatic(AbstractCallSite.java:240)
	at main_nf$_run_closure1$_closure2$_closure4.doCall(main.nf.test:26)
	at main_nf$_run_closure1$_closure2$_closure4.doCall(main.nf.test)
	at java.base/jdk.internal.reflect.NativeMethodAccessorImpl.invoke0(Native Method)
	at java.base/jdk.internal.reflect.NativeMethodAccessorImpl.invoke(NativeMethodAccessorImpl.java:77)
	at java.base/jdk.internal.reflect.DelegatingMethodAccessorImpl.invoke(DelegatingMethodAccessorImpl.java:43)
	at java.base/java.lang.reflect.Method.invoke(Method.java:569)
	at org.codehaus.groovy.reflection.CachedMethod.invoke(CachedMethod.java:107)
	at groovy.lang.MetaMethod.doMethodInvoke(MetaMethod.java:323)
	at org.codehaus.groovy.runtime.metaclass.ClosureMetaClass.invokeMethod(ClosureMetaClass.java:274)
	at groovy.lang.MetaClassImpl.invokeMethod(MetaClassImpl.java:1030)
	at groovy.lang.Closure.call(Closure.java:427)
	at groovy.lang.Closure.call(Closure.java:406)
	at com.askimed.nf.test.lang.TestCode.execute(TestCode.java:16)
	at com.askimed.nf.test.lang.process.ProcessTest.execute(ProcessTest.java:171)
	at com.askimed.nf.test.core.TestExecutionEngine.execute(TestExecutionEngine.java:172)
	at com.askimed.nf.test.commands.RunTestsCommand.execute(RunTestsCommand.java:322)
	at com.askimed.nf.test.commands.AbstractCommand.call(AbstractCommand.java:43)
	at com.askimed.nf.test.commands.AbstractCommand.call(AbstractCommand.java:18)
	at picocli.CommandLine.executeUserObject(CommandLine.java:1953)
	at picocli.CommandLine.access$1300(CommandLine.java:145)
	at picocli.CommandLine$RunLast.executeUserObjectOfLastSubcommandWithSameParent(CommandLine.java:2352)
	at picocli.CommandLine$RunLast.handle(CommandLine.java:2346)
	at picocli.CommandLine$RunLast.handle(CommandLine.java:2311)
	at picocli.CommandLine$AbstractParseResultHandler.execute(CommandLine.java:2179)
	at picocli.CommandLine.execute(CommandLine.java:2078)
	at com.askimed.nf.test.App.run(App.java:39)
	at com.askimed.nf.test.App.main(App.java:46)
java.lang.RuntimeException: Different Snapshot:
[													[
    [													    [
        [												        [
            {												            {
                "id": "test",										                "id": "test",
                "single_end": false									                "single_end": false
            },												            },
            [												            [
                "/Users/siyangming/nextflow_nf_core/bio.nf/.nf-test/tests/f034600994bd5a4702008e   |	                "/Users/siyangming/nextflow_nf_core/bio.nf/.nf-test/tests/f034600994bd5a4702008e
                "/Users/siyangming/nextflow_nf_core/bio.nf/.nf-test/tests/f034600994bd5a4702008e   |	                "/Users/siyangming/nextflow_nf_core/bio.nf/.nf-test/tests/f034600994bd5a4702008e
            ]												            ]
        ]												        ]
    ],													    ],
    [													    [
        "versions.yml:md5,7ab3db3c85086e0b2dd18b96d0e31029"						        "versions.yml:md5,7ab3db3c85086e0b2dd18b96d0e31029"
    ]													    ]
]
\ No newline at end of file
													]
\ No newline at end of file


java.io.EOFException
	at java.base/java.util.zip.GZIPInputStream.readUByte(GZIPInputStream.java:268)
	at java.base/java.util.zip.GZIPInputStream.readUShort(GZIPInputStream.java:258)
	at java.base/java.util.zip.GZIPInputStream.readHeader(GZIPInputStream.java:164)
	at java.base/java.util.zip.GZIPInputStream.<init>(GZIPInputStream.java:79)
	at java.base/java.util.zip.GZIPInputStream.<init>(GZIPInputStream.java:91)
	at com.askimed.nf.test.util.FileUtil.getMd5(FileUtil.java:103)
	at com.askimed.nf.test.lang.extensions.PathExtension.getMd5(PathExtension.java:21)
	at com.askimed.nf.test.lang.extensions.util.PathConverter.serializeFile(PathConverter.java:57)
	at com.askimed.nf.test.lang.extensions.util.PathConverter.convert(PathConverter.java:42)
	at groovy.json.DefaultJsonGenerator.writeObject(DefaultJsonGenerator.java:185)
	at groovy.json.DefaultJsonGenerator.writeObject(DefaultJsonGenerator.java:164)
	at groovy.json.DefaultJsonGenerator.writeIterator(DefaultJsonGenerator.java:396)
	at groovy.json.DefaultJsonGenerator.writeObject(DefaultJsonGenerator.java:202)
	at groovy.json.DefaultJsonGenerator.writeObject(DefaultJsonGenerator.java:164)
	at groovy.json.DefaultJsonGenerator.writeIterator(DefaultJsonGenerator.java:396)
	at groovy.json.DefaultJsonGenerator.writeObject(DefaultJsonGenerator.java:202)
	at groovy.json.DefaultJsonGenerator.writeObject(DefaultJsonGenerator.java:164)
	at groovy.json.DefaultJsonGenerator.writeIterator(DefaultJsonGenerator.java:396)
	at groovy.json.DefaultJsonGenerator.writeObject(DefaultJsonGenerator.java:202)
	at groovy.json.DefaultJsonGenerator.writeObject(DefaultJsonGenerator.java:164)
	at groovy.json.DefaultJsonGenerator.writeIterator(DefaultJsonGenerator.java:396)
	at groovy.json.DefaultJsonGenerator.writeArray(DefaultJsonGenerator.java:279)
	at groovy.json.DefaultJsonGenerator.writeObject(DefaultJsonGenerator.java:221)
	at groovy.json.DefaultJsonGenerator.writeObject(DefaultJsonGenerator.java:164)
	at groovy.json.DefaultJsonGenerator.toJson(DefaultJsonGenerator.java:98)
	at com.askimed.nf.test.lang.extensions.SnapshotFileItem.toString(SnapshotFileItem.java:80)
	at com.askimed.nf.test.lang.extensions.SnapshotFileItem.equals(SnapshotFileItem.java:64)
	at com.askimed.nf.test.lang.extensions.Snapshot.match(Snapshot.java:57)
	at com.askimed.nf.test.lang.extensions.Snapshot.match(Snapshot.java:27)
	at com.askimed.nf.test.lang.extensions.Snapshot$match.call(Unknown Source)
	at org.codehaus.groovy.runtime.callsite.CallSiteArray.defaultCall(CallSiteArray.java:47)
	at org.codehaus.groovy.runtime.callsite.AbstractCallSite.call(AbstractCallSite.java:125)
	at org.codehaus.groovy.runtime.callsite.AbstractCallSite.call(AbstractCallSite.java:130)
	at main_nf$_run_closure1$_closure2$_closure4$_closure7.doCall(main.nf.test:31)
	at main_nf$_run_closure1$_closure2$_closure4$_closure7.doCall(main.nf.test)
	at java.base/jdk.internal.reflect.NativeMethodAccessorImpl.invoke0(Native Method)
	at java.base/jdk.internal.reflect.NativeMethodAccessorImpl.invoke(NativeMethodAccessorImpl.java:77)
	at java.base/jdk.internal.reflect.DelegatingMethodAccessorImpl.invoke(DelegatingMethodAccessorImpl.java:43)
	at java.base/java.lang.reflect.Method.invoke(Method.java:569)
	at org.codehaus.groovy.reflection.CachedMethod.invoke(CachedMethod.java:107)
	at groovy.lang.MetaMethod.doMethodInvoke(MetaMethod.java:323)
	at org.codehaus.groovy.runtime.metaclass.ClosureMetaClass.invokeMethod(ClosureMetaClass.java:274)
	at groovy.lang.MetaClassImpl.invokeMethod(MetaClassImpl.java:1030)
	at groovy.lang.Closure.call(Closure.java:427)
	at groovy.lang.Closure.call(Closure.java:406)
	at com.askimed.nf.test.lang.extensions.GlobalMethods.assertAll(GlobalMethods.java:39)
	at java.base/jdk.internal.reflect.NativeMethodAccessorImpl.invoke0(Native Method)
	at java.base/jdk.internal.reflect.NativeMethodAccessorImpl.invoke(NativeMethodAccessorImpl.java:77)
	at java.base/jdk.internal.reflect.DelegatingMethodAccessorImpl.invoke(DelegatingMethodAccessorImpl.java:43)
	at java.base/java.lang.reflect.Method.invoke(Method.java:569)
	at org.codehaus.groovy.reflection.CachedMethod.invoke(CachedMethod.java:107)
	at groovy.lang.MetaMethod.doMethodInvoke(MetaMethod.java:323)
	at org.codehaus.groovy.runtime.callsite.StaticMetaMethodSite.invoke(StaticMetaMethodSite.java:44)
	at org.codehaus.groovy.runtime.callsite.StaticMetaMethodSite.callStatic(StaticMetaMethodSite.java:100)
	at org.codehaus.groovy.runtime.callsite.CallSiteArray.defaultCallStatic(CallSiteArray.java:55)
	at org.codehaus.groovy.runtime.callsite.AbstractCallSite.callStatic(AbstractCallSite.java:217)
	at org.codehaus.groovy.runtime.callsite.AbstractCallSite.callStatic(AbstractCallSite.java:240)
	at main_nf$_run_closure1$_closure2$_closure4.doCall(main.nf.test:29)
	at main_nf$_run_closure1$_closure2$_closure4.doCall(main.nf.test)
	at java.base/jdk.internal.reflect.NativeMethodAccessorImpl.invoke0(Native Method)
	at java.base/jdk.internal.reflect.NativeMethodAccessorImpl.invoke(NativeMethodAccessorImpl.java:77)
	at java.base/jdk.internal.reflect.DelegatingMethodAccessorImpl.invoke(DelegatingMethodAccessorImpl.java:43)
	at java.base/java.lang.reflect.Method.invoke(Method.java:569)
	at org.codehaus.groovy.reflection.CachedMethod.invoke(CachedMethod.java:107)
	at groovy.lang.MetaMethod.doMethodInvoke(MetaMethod.java:323)
	at org.codehaus.groovy.runtime.metaclass.ClosureMetaClass.invokeMethod(ClosureMetaClass.java:274)
	at groovy.lang.MetaClassImpl.invokeMethod(MetaClassImpl.java:1030)
	at groovy.lang.Closure.call(Closure.java:427)
	at groovy.lang.Closure.call(Closure.java:406)
	at com.askimed.nf.test.lang.TestCode.execute(TestCode.java:16)
	at com.askimed.nf.test.lang.process.ProcessTest.execute(ProcessTest.java:171)
	at com.askimed.nf.test.core.TestExecutionEngine.execute(TestExecutionEngine.java:172)
	at com.askimed.nf.test.commands.RunTestsCommand.execute(RunTestsCommand.java:322)
	at com.askimed.nf.test.commands.AbstractCommand.call(AbstractCommand.java:43)
	at com.askimed.nf.test.commands.AbstractCommand.call(AbstractCommand.java:18)
	at picocli.CommandLine.executeUserObject(CommandLine.java:1953)
	at picocli.CommandLine.access$1300(CommandLine.java:145)
	at picocli.CommandLine$RunLast.executeUserObjectOfLastSubcommandWithSameParent(CommandLine.java:2352)
	at picocli.CommandLine$RunLast.handle(CommandLine.java:2346)
	at picocli.CommandLine$RunLast.handle(CommandLine.java:2311)
	at picocli.CommandLine$AbstractParseResultHandler.execute(CommandLine.java:2179)
	at picocli.CommandLine.execute(CommandLine.java:2078)
	at com.askimed.nf.test.App.run(App.java:39)
	at com.askimed.nf.test.App.main(App.java:46)
java.io.EOFException
	at java.base/java.util.zip.GZIPInputStream.readUByte(GZIPInputStream.java:268)
	at java.base/java.util.zip.GZIPInputStream.readUShort(GZIPInputStream.java:258)
	at java.base/java.util.zip.GZIPInputStream.readHeader(GZIPInputStream.java:164)
	at java.base/java.util.zip.GZIPInputStream.<init>(GZIPInputStream.java:79)
	at java.base/java.util.zip.GZIPInputStream.<init>(GZIPInputStream.java:91)
	at com.askimed.nf.test.util.FileUtil.getMd5(FileUtil.java:103)
	at com.askimed.nf.test.lang.extensions.PathExtension.getMd5(PathExtension.java:21)
	at com.askimed.nf.test.lang.extensions.util.PathConverter.serializeFile(PathConverter.java:57)
	at com.askimed.nf.test.lang.extensions.util.PathConverter.convert(PathConverter.java:42)
	at groovy.json.DefaultJsonGenerator.writeObject(DefaultJsonGenerator.java:185)
	at groovy.json.DefaultJsonGenerator.writeObject(DefaultJsonGenerator.java:164)
	at groovy.json.DefaultJsonGenerator.writeIterator(DefaultJsonGenerator.java:396)
	at groovy.json.DefaultJsonGenerator.writeObject(DefaultJsonGenerator.java:202)
	at groovy.json.DefaultJsonGenerator.writeObject(DefaultJsonGenerator.java:164)
	at groovy.json.DefaultJsonGenerator.writeIterator(DefaultJsonGenerator.java:396)
	at groovy.json.DefaultJsonGenerator.writeObject(DefaultJsonGenerator.java:202)
	at groovy.json.DefaultJsonGenerator.writeObject(DefaultJsonGenerator.java:164)
	at groovy.json.DefaultJsonGenerator.writeIterator(DefaultJsonGenerator.java:396)
	at groovy.json.DefaultJsonGenerator.writeObject(DefaultJsonGenerator.java:202)
	at groovy.json.DefaultJsonGenerator.writeObject(DefaultJsonGenerator.java:164)
	at groovy.json.DefaultJsonGenerator.writeIterator(DefaultJsonGenerator.java:396)
	at groovy.json.DefaultJsonGenerator.writeArray(DefaultJsonGenerator.java:279)
	at groovy.json.DefaultJsonGenerator.writeObject(DefaultJsonGenerator.java:221)
	at groovy.json.DefaultJsonGenerator.writeObject(DefaultJsonGenerator.java:164)
	at groovy.json.DefaultJsonGenerator.toJson(DefaultJsonGenerator.java:98)
	at com.askimed.nf.test.lang.extensions.SnapshotFileItem.toString(SnapshotFileItem.java:80)
	at com.askimed.nf.test.lang.extensions.SnapshotFileItem.equals(SnapshotFileItem.java:64)
	at com.askimed.nf.test.lang.extensions.Snapshot.match(Snapshot.java:57)
	at com.askimed.nf.test.lang.extensions.Snapshot.match(Snapshot.java:27)
	at com.askimed.nf.test.lang.extensions.Snapshot$match.call(Unknown Source)
	at org.codehaus.groovy.runtime.callsite.CallSiteArray.defaultCall(CallSiteArray.java:47)
	at org.codehaus.groovy.runtime.callsite.AbstractCallSite.call(AbstractCallSite.java:125)
	at org.codehaus.groovy.runtime.callsite.AbstractCallSite.call(AbstractCallSite.java:130)
	at main_nf$_run_closure1$_closure2$_closure4$_closure7.doCall(main.nf.test:31)
	at main_nf$_run_closure1$_closure2$_closure4$_closure7.doCall(main.nf.test)
	at java.base/jdk.internal.reflect.NativeMethodAccessorImpl.invoke0(Native Method)
	at java.base/jdk.internal.reflect.NativeMethodAccessorImpl.invoke(NativeMethodAccessorImpl.java:77)
	at java.base/jdk.internal.reflect.DelegatingMethodAccessorImpl.invoke(DelegatingMethodAccessorImpl.java:43)
	at java.base/java.lang.reflect.Method.invoke(Method.java:569)
	at org.codehaus.groovy.reflection.CachedMethod.invoke(CachedMethod.java:107)
	at groovy.lang.MetaMethod.doMethodInvoke(MetaMethod.java:323)
	at org.codehaus.groovy.runtime.metaclass.ClosureMetaClass.invokeMethod(ClosureMetaClass.java:274)
	at groovy.lang.MetaClassImpl.invokeMethod(MetaClassImpl.java:1030)
	at groovy.lang.Closure.call(Closure.java:427)
	at groovy.lang.Closure.call(Closure.java:406)
	at com.askimed.nf.test.lang.extensions.GlobalMethods.assertAll(GlobalMethods.java:39)
	at java.base/jdk.internal.reflect.NativeMethodAccessorImpl.invoke0(Native Method)
	at java.base/jdk.internal.reflect.NativeMethodAccessorImpl.invoke(NativeMethodAccessorImpl.java:77)
	at java.base/jdk.internal.reflect.DelegatingMethodAccessorImpl.invoke(DelegatingMethodAccessorImpl.java:43)
	at java.base/java.lang.reflect.Method.invoke(Method.java:569)
	at org.codehaus.groovy.reflection.CachedMethod.invoke(CachedMethod.java:107)
	at groovy.lang.MetaMethod.doMethodInvoke(MetaMethod.java:323)
	at org.codehaus.groovy.runtime.callsite.StaticMetaMethodSite.invoke(StaticMetaMethodSite.java:44)
	at org.codehaus.groovy.runtime.callsite.StaticMetaMethodSite.callStatic(StaticMetaMethodSite.java:100)
	at org.codehaus.groovy.runtime.callsite.CallSiteArray.defaultCallStatic(CallSiteArray.java:55)
	at org.codehaus.groovy.runtime.callsite.AbstractCallSite.callStatic(AbstractCallSite.java:217)
	at org.codehaus.groovy.runtime.callsite.AbstractCallSite.callStatic(AbstractCallSite.java:240)
	at main_nf$_run_closure1$_closure2$_closure4.doCall(main.nf.test:29)
	at main_nf$_run_closure1$_closure2$_closure4.doCall(main.nf.test)
	at java.base/jdk.internal.reflect.NativeMethodAccessorImpl.invoke0(Native Method)
	at java.base/jdk.internal.reflect.NativeMethodAccessorImpl.invoke(NativeMethodAccessorImpl.java:77)
	at java.base/jdk.internal.reflect.DelegatingMethodAccessorImpl.invoke(DelegatingMethodAccessorImpl.java:43)
	at java.base/java.lang.reflect.Method.invoke(Method.java:569)
	at org.codehaus.groovy.reflection.CachedMethod.invoke(CachedMethod.java:107)
	at groovy.lang.MetaMethod.doMethodInvoke(MetaMethod.java:323)
	at org.codehaus.groovy.runtime.metaclass.ClosureMetaClass.invokeMethod(ClosureMetaClass.java:274)
	at groovy.lang.MetaClassImpl.invokeMethod(MetaClassImpl.java:1030)
	at groovy.lang.Closure.call(Closure.java:427)
	at groovy.lang.Closure.call(Closure.java:406)
	at com.askimed.nf.test.lang.TestCode.execute(TestCode.java:16)
	at com.askimed.nf.test.lang.process.ProcessTest.execute(ProcessTest.java:171)
	at com.askimed.nf.test.core.TestExecutionEngine.execute(TestExecutionEngine.java:172)
	at com.askimed.nf.test.commands.RunTestsCommand.execute(RunTestsCommand.java:322)
	at com.askimed.nf.test.commands.AbstractCommand.call(AbstractCommand.java:43)
	at com.askimed.nf.test.commands.AbstractCommand.call(AbstractCommand.java:18)
	at picocli.CommandLine.executeUserObject(CommandLine.java:1953)
	at picocli.CommandLine.access$1300(CommandLine.java:145)
	at picocli.CommandLine$RunLast.executeUserObjectOfLastSubcommandWithSameParent(CommandLine.java:2352)
	at picocli.CommandLine$RunLast.handle(CommandLine.java:2346)
	at picocli.CommandLine$RunLast.handle(CommandLine.java:2311)
	at picocli.CommandLine$AbstractParseResultHandler.execute(CommandLine.java:2179)
	at picocli.CommandLine.execute(CommandLine.java:2078)
	at com.askimed.nf.test.App.run(App.java:39)
	at com.askimed.nf.test.App.main(App.java:46)
java.io.EOFException
	at java.base/java.util.zip.GZIPInputStream.readUByte(GZIPInputStream.java:268)
	at java.base/java.util.zip.GZIPInputStream.readUShort(GZIPInputStream.java:258)
	at java.base/java.util.zip.GZIPInputStream.readHeader(GZIPInputStream.java:164)
	at java.base/java.util.zip.GZIPInputStream.<init>(GZIPInputStream.java:79)
	at java.base/java.util.zip.GZIPInputStream.<init>(GZIPInputStream.java:91)
	at com.askimed.nf.test.util.FileUtil.getMd5(FileUtil.java:103)
	at com.askimed.nf.test.lang.extensions.PathExtension.getMd5(PathExtension.java:21)
	at com.askimed.nf.test.lang.extensions.util.PathConverter.serializeFile(PathConverter.java:57)
	at com.askimed.nf.test.lang.extensions.util.PathConverter.convert(PathConverter.java:42)
	at groovy.json.DefaultJsonGenerator.writeObject(DefaultJsonGenerator.java:185)
	at groovy.json.DefaultJsonGenerator.writeObject(DefaultJsonGenerator.java:164)
	at groovy.json.DefaultJsonGenerator.writeIterator(DefaultJsonGenerator.java:396)
	at groovy.json.DefaultJsonGenerator.writeObject(DefaultJsonGenerator.java:202)
	at groovy.json.DefaultJsonGenerator.writeObject(DefaultJsonGenerator.java:164)
	at groovy.json.DefaultJsonGenerator.writeIterator(DefaultJsonGenerator.java:396)
	at groovy.json.DefaultJsonGenerator.writeObject(DefaultJsonGenerator.java:202)
	at groovy.json.DefaultJsonGenerator.writeObject(DefaultJsonGenerator.java:164)
	at groovy.json.DefaultJsonGenerator.writeIterator(DefaultJsonGenerator.java:396)
	at groovy.json.DefaultJsonGenerator.writeObject(DefaultJsonGenerator.java:202)
	at groovy.json.DefaultJsonGenerator.writeObject(DefaultJsonGenerator.java:164)
	at groovy.json.DefaultJsonGenerator.writeIterator(DefaultJsonGenerator.java:396)
	at groovy.json.DefaultJsonGenerator.writeArray(DefaultJsonGenerator.java:279)
	at groovy.json.DefaultJsonGenerator.writeObject(DefaultJsonGenerator.java:221)
	at groovy.json.DefaultJsonGenerator.writeObject(DefaultJsonGenerator.java:164)
	at groovy.json.DefaultJsonGenerator.toJson(DefaultJsonGenerator.java:98)
	at com.askimed.nf.test.lang.extensions.SnapshotFileItem.toString(SnapshotFileItem.java:80)
	at com.askimed.nf.test.lang.extensions.SnapshotFileItem.equals(SnapshotFileItem.java:64)
	at com.askimed.nf.test.lang.extensions.Snapshot.match(Snapshot.java:57)
	at com.askimed.nf.test.lang.extensions.Snapshot.match(Snapshot.java:27)
	at com.askimed.nf.test.lang.extensions.Snapshot$match.call(Unknown Source)
	at org.codehaus.groovy.runtime.callsite.CallSiteArray.defaultCall(CallSiteArray.java:47)
	at org.codehaus.groovy.runtime.callsite.AbstractCallSite.call(AbstractCallSite.java:125)
	at org.codehaus.groovy.runtime.callsite.AbstractCallSite.call(AbstractCallSite.java:130)
	at main_nf$_run_closure1$_closure2$_closure4$_closure7.doCall(main.nf.test:31)
	at main_nf$_run_closure1$_closure2$_closure4$_closure7.doCall(main.nf.test)
	at java.base/jdk.internal.reflect.NativeMethodAccessorImpl.invoke0(Native Method)
	at java.base/jdk.internal.reflect.NativeMethodAccessorImpl.invoke(NativeMethodAccessorImpl.java:77)
	at java.base/jdk.internal.reflect.DelegatingMethodAccessorImpl.invoke(DelegatingMethodAccessorImpl.java:43)
	at java.base/java.lang.reflect.Method.invoke(Method.java:569)
	at org.codehaus.groovy.reflection.CachedMethod.invoke(CachedMethod.java:107)
	at groovy.lang.MetaMethod.doMethodInvoke(MetaMethod.java:323)
	at org.codehaus.groovy.runtime.metaclass.ClosureMetaClass.invokeMethod(ClosureMetaClass.java:274)
	at groovy.lang.MetaClassImpl.invokeMethod(MetaClassImpl.java:1030)
	at groovy.lang.Closure.call(Closure.java:427)
	at groovy.lang.Closure.call(Closure.java:406)
	at com.askimed.nf.test.lang.extensions.GlobalMethods.assertAll(GlobalMethods.java:39)
	at java.base/jdk.internal.reflect.NativeMethodAccessorImpl.invoke0(Native Method)
	at java.base/jdk.internal.reflect.NativeMethodAccessorImpl.invoke(NativeMethodAccessorImpl.java:77)
	at java.base/jdk.internal.reflect.DelegatingMethodAccessorImpl.invoke(DelegatingMethodAccessorImpl.java:43)
	at java.base/java.lang.reflect.Method.invoke(Method.java:569)
	at org.codehaus.groovy.reflection.CachedMethod.invoke(CachedMethod.java:107)
	at groovy.lang.MetaMethod.doMethodInvoke(MetaMethod.java:323)
	at org.codehaus.groovy.runtime.callsite.StaticMetaMethodSite.invoke(StaticMetaMethodSite.java:44)
	at org.codehaus.groovy.runtime.callsite.StaticMetaMethodSite.callStatic(StaticMetaMethodSite.java:100)
	at org.codehaus.groovy.runtime.callsite.CallSiteArray.defaultCallStatic(CallSiteArray.java:55)
	at org.codehaus.groovy.runtime.callsite.AbstractCallSite.callStatic(AbstractCallSite.java:217)
	at org.codehaus.groovy.runtime.callsite.AbstractCallSite.callStatic(AbstractCallSite.java:240)
	at main_nf$_run_closure1$_closure2$_closure4.doCall(main.nf.test:29)
	at main_nf$_run_closure1$_closure2$_closure4.doCall(main.nf.test)
	at java.base/jdk.internal.reflect.NativeMethodAccessorImpl.invoke0(Native Method)
	at java.base/jdk.internal.reflect.NativeMethodAccessorImpl.invoke(NativeMethodAccessorImpl.java:77)
	at java.base/jdk.internal.reflect.DelegatingMethodAccessorImpl.invoke(DelegatingMethodAccessorImpl.java:43)
	at java.base/java.lang.reflect.Method.invoke(Method.java:569)
	at org.codehaus.groovy.reflection.CachedMethod.invoke(CachedMethod.java:107)
	at groovy.lang.MetaMethod.doMethodInvoke(MetaMethod.java:323)
	at org.codehaus.groovy.runtime.metaclass.ClosureMetaClass.invokeMethod(ClosureMetaClass.java:274)
	at groovy.lang.MetaClassImpl.invokeMethod(MetaClassImpl.java:1030)
	at groovy.lang.Closure.call(Closure.java:427)
	at groovy.lang.Closure.call(Closure.java:406)
	at com.askimed.nf.test.lang.TestCode.execute(TestCode.java:16)
	at com.askimed.nf.test.lang.process.ProcessTest.execute(ProcessTest.java:171)
	at com.askimed.nf.test.core.TestExecutionEngine.execute(TestExecutionEngine.java:172)
	at com.askimed.nf.test.commands.RunTestsCommand.execute(RunTestsCommand.java:322)
	at com.askimed.nf.test.commands.AbstractCommand.call(AbstractCommand.java:43)
	at com.askimed.nf.test.commands.AbstractCommand.call(AbstractCommand.java:18)
	at picocli.CommandLine.executeUserObject(CommandLine.java:1953)
	at picocli.CommandLine.access$1300(CommandLine.java:145)
	at picocli.CommandLine$RunLast.executeUserObjectOfLastSubcommandWithSameParent(CommandLine.java:2352)
	at picocli.CommandLine$RunLast.handle(CommandLine.java:2346)
	at picocli.CommandLine$RunLast.handle(CommandLine.java:2311)
	at picocli.CommandLine$AbstractParseResultHandler.execute(CommandLine.java:2179)
	at picocli.CommandLine.execute(CommandLine.java:2078)
	at com.askimed.nf.test.App.run(App.java:39)
	at com.askimed.nf.test.App.main(App.java:46)
java.io.EOFException
	at java.base/java.util.zip.GZIPInputStream.readUByte(GZIPInputStream.java:268)
	at java.base/java.util.zip.GZIPInputStream.readUShort(GZIPInputStream.java:258)
	at java.base/java.util.zip.GZIPInputStream.readHeader(GZIPInputStream.java:164)
	at java.base/java.util.zip.GZIPInputStream.<init>(GZIPInputStream.java:79)
	at java.base/java.util.zip.GZIPInputStream.<init>(GZIPInputStream.java:91)
	at com.askimed.nf.test.util.FileUtil.getMd5(FileUtil.java:103)
	at com.askimed.nf.test.lang.extensions.PathExtension.getMd5(PathExtension.java:21)
	at com.askimed.nf.test.lang.extensions.util.PathConverter.serializeFile(PathConverter.java:57)
	at com.askimed.nf.test.lang.extensions.util.PathConverter.convert(PathConverter.java:42)
	at groovy.json.DefaultJsonGenerator.writeObject(DefaultJsonGenerator.java:185)
	at groovy.json.DefaultJsonGenerator.writeObject(DefaultJsonGenerator.java:164)
	at groovy.json.DefaultJsonGenerator.writeIterator(DefaultJsonGenerator.java:396)
	at groovy.json.DefaultJsonGenerator.writeObject(DefaultJsonGenerator.java:202)
	at groovy.json.DefaultJsonGenerator.writeObject(DefaultJsonGenerator.java:164)
	at groovy.json.DefaultJsonGenerator.writeIterator(DefaultJsonGenerator.java:396)
	at groovy.json.DefaultJsonGenerator.writeObject(DefaultJsonGenerator.java:202)
	at groovy.json.DefaultJsonGenerator.writeObject(DefaultJsonGenerator.java:164)
	at groovy.json.DefaultJsonGenerator.writeIterator(DefaultJsonGenerator.java:396)
	at groovy.json.DefaultJsonGenerator.writeObject(DefaultJsonGenerator.java:202)
	at groovy.json.DefaultJsonGenerator.writeObject(DefaultJsonGenerator.java:164)
	at groovy.json.DefaultJsonGenerator.writeIterator(DefaultJsonGenerator.java:396)
	at groovy.json.DefaultJsonGenerator.writeArray(DefaultJsonGenerator.java:279)
	at groovy.json.DefaultJsonGenerator.writeObject(DefaultJsonGenerator.java:221)
	at groovy.json.DefaultJsonGenerator.writeObject(DefaultJsonGenerator.java:164)
	at groovy.json.DefaultJsonGenerator.toJson(DefaultJsonGenerator.java:98)
	at com.askimed.nf.test.lang.extensions.SnapshotFileItem.toString(SnapshotFileItem.java:80)
	at com.askimed.nf.test.lang.extensions.SnapshotFileItem.equals(SnapshotFileItem.java:64)
	at com.askimed.nf.test.lang.extensions.Snapshot.match(Snapshot.java:57)
	at com.askimed.nf.test.lang.extensions.Snapshot.match(Snapshot.java:27)
	at com.askimed.nf.test.lang.extensions.Snapshot$match.call(Unknown Source)
	at org.codehaus.groovy.runtime.callsite.CallSiteArray.defaultCall(CallSiteArray.java:47)
	at org.codehaus.groovy.runtime.callsite.AbstractCallSite.call(AbstractCallSite.java:125)
	at org.codehaus.groovy.runtime.callsite.AbstractCallSite.call(AbstractCallSite.java:130)
	at main_nf$_run_closure1$_closure2$_closure4$_closure7.doCall(main.nf.test:31)
	at main_nf$_run_closure1$_closure2$_closure4$_closure7.doCall(main.nf.test)
	at java.base/jdk.internal.reflect.NativeMethodAccessorImpl.invoke0(Native Method)
	at java.base/jdk.internal.reflect.NativeMethodAccessorImpl.invoke(NativeMethodAccessorImpl.java:77)
	at java.base/jdk.internal.reflect.DelegatingMethodAccessorImpl.invoke(DelegatingMethodAccessorImpl.java:43)
	at java.base/java.lang.reflect.Method.invoke(Method.java:569)
	at org.codehaus.groovy.reflection.CachedMethod.invoke(CachedMethod.java:107)
	at groovy.lang.MetaMethod.doMethodInvoke(MetaMethod.java:323)
	at org.codehaus.groovy.runtime.metaclass.ClosureMetaClass.invokeMethod(ClosureMetaClass.java:274)
	at groovy.lang.MetaClassImpl.invokeMethod(MetaClassImpl.java:1030)
	at groovy.lang.Closure.call(Closure.java:427)
	at groovy.lang.Closure.call(Closure.java:406)
	at com.askimed.nf.test.lang.extensions.GlobalMethods.assertAll(GlobalMethods.java:39)
	at java.base/jdk.internal.reflect.NativeMethodAccessorImpl.invoke0(Native Method)
	at java.base/jdk.internal.reflect.NativeMethodAccessorImpl.invoke(NativeMethodAccessorImpl.java:77)
	at java.base/jdk.internal.reflect.DelegatingMethodAccessorImpl.invoke(DelegatingMethodAccessorImpl.java:43)
	at java.base/java.lang.reflect.Method.invoke(Method.java:569)
	at org.codehaus.groovy.reflection.CachedMethod.invoke(CachedMethod.java:107)
	at groovy.lang.MetaMethod.doMethodInvoke(MetaMethod.java:323)
	at org.codehaus.groovy.runtime.callsite.StaticMetaMethodSite.invoke(StaticMetaMethodSite.java:44)
	at org.codehaus.groovy.runtime.callsite.StaticMetaMethodSite.callStatic(StaticMetaMethodSite.java:100)
	at org.codehaus.groovy.runtime.callsite.CallSiteArray.defaultCallStatic(CallSiteArray.java:55)
	at org.codehaus.groovy.runtime.callsite.AbstractCallSite.callStatic(AbstractCallSite.java:217)
	at org.codehaus.groovy.runtime.callsite.AbstractCallSite.callStatic(AbstractCallSite.java:240)
	at main_nf$_run_closure1$_closure2$_closure4.doCall(main.nf.test:29)
	at main_nf$_run_closure1$_closure2$_closure4.doCall(main.nf.test)
	at java.base/jdk.internal.reflect.NativeMethodAccessorImpl.invoke0(Native Method)
	at java.base/jdk.internal.reflect.NativeMethodAccessorImpl.invoke(NativeMethodAccessorImpl.java:77)
	at java.base/jdk.internal.reflect.DelegatingMethodAccessorImpl.invoke(DelegatingMethodAccessorImpl.java:43)
	at java.base/java.lang.reflect.Method.invoke(Method.java:569)
	at org.codehaus.groovy.reflection.CachedMethod.invoke(CachedMethod.java:107)
	at groovy.lang.MetaMethod.doMethodInvoke(MetaMethod.java:323)
	at org.codehaus.groovy.runtime.metaclass.ClosureMetaClass.invokeMethod(ClosureMetaClass.java:274)
	at groovy.lang.MetaClassImpl.invokeMethod(MetaClassImpl.java:1030)
	at groovy.lang.Closure.call(Closure.java:427)
	at groovy.lang.Closure.call(Closure.java:406)
	at com.askimed.nf.test.lang.TestCode.execute(TestCode.java:16)
	at com.askimed.nf.test.lang.process.ProcessTest.execute(ProcessTest.java:171)
	at com.askimed.nf.test.core.TestExecutionEngine.execute(TestExecutionEngine.java:172)
	at com.askimed.nf.test.commands.RunTestsCommand.execute(RunTestsCommand.java:322)
	at com.askimed.nf.test.commands.AbstractCommand.call(AbstractCommand.java:43)
	at com.askimed.nf.test.commands.AbstractCommand.call(AbstractCommand.java:18)
	at picocli.CommandLine.executeUserObject(CommandLine.java:1953)
	at picocli.CommandLine.access$1300(CommandLine.java:145)
	at picocli.CommandLine$RunLast.executeUserObjectOfLastSubcommandWithSameParent(CommandLine.java:2352)
	at picocli.CommandLine$RunLast.handle(CommandLine.java:2346)
	at picocli.CommandLine$RunLast.handle(CommandLine.java:2311)
	at picocli.CommandLine$AbstractParseResultHandler.execute(CommandLine.java:2179)
	at picocli.CommandLine.execute(CommandLine.java:2078)
	at com.askimed.nf.test.App.run(App.java:39)
	at com.askimed.nf.test.App.main(App.java:46)
java.io.EOFException
	at java.base/java.util.zip.GZIPInputStream.readUByte(GZIPInputStream.java:268)
	at java.base/java.util.zip.GZIPInputStream.readUShort(GZIPInputStream.java:258)
	at java.base/java.util.zip.GZIPInputStream.readHeader(GZIPInputStream.java:164)
	at java.base/java.util.zip.GZIPInputStream.<init>(GZIPInputStream.java:79)
	at java.base/java.util.zip.GZIPInputStream.<init>(GZIPInputStream.java:91)
	at com.askimed.nf.test.util.FileUtil.getMd5(FileUtil.java:103)
	at com.askimed.nf.test.lang.extensions.PathExtension.getMd5(PathExtension.java:21)
	at com.askimed.nf.test.lang.extensions.util.PathConverter.serializeFile(PathConverter.java:57)
	at com.askimed.nf.test.lang.extensions.util.PathConverter.convert(PathConverter.java:42)
	at groovy.json.DefaultJsonGenerator.writeObject(DefaultJsonGenerator.java:185)
	at groovy.json.DefaultJsonGenerator.writeObject(DefaultJsonGenerator.java:164)
	at groovy.json.DefaultJsonGenerator.writeIterator(DefaultJsonGenerator.java:396)
	at groovy.json.DefaultJsonGenerator.writeObject(DefaultJsonGenerator.java:202)
	at groovy.json.DefaultJsonGenerator.writeObject(DefaultJsonGenerator.java:164)
	at groovy.json.DefaultJsonGenerator.writeIterator(DefaultJsonGenerator.java:396)
	at groovy.json.DefaultJsonGenerator.writeObject(DefaultJsonGenerator.java:202)
	at groovy.json.DefaultJsonGenerator.writeObject(DefaultJsonGenerator.java:164)
	at groovy.json.DefaultJsonGenerator.writeIterator(DefaultJsonGenerator.java:396)
	at groovy.json.DefaultJsonGenerator.writeObject(DefaultJsonGenerator.java:202)
	at groovy.json.DefaultJsonGenerator.writeObject(DefaultJsonGenerator.java:164)
	at groovy.json.DefaultJsonGenerator.writeIterator(DefaultJsonGenerator.java:396)
	at groovy.json.DefaultJsonGenerator.writeArray(DefaultJsonGenerator.java:279)
	at groovy.json.DefaultJsonGenerator.writeObject(DefaultJsonGenerator.java:221)
	at groovy.json.DefaultJsonGenerator.writeObject(DefaultJsonGenerator.java:164)
	at groovy.json.DefaultJsonGenerator.toJson(DefaultJsonGenerator.java:98)
	at com.askimed.nf.test.lang.extensions.SnapshotFileItem.toString(SnapshotFileItem.java:80)
	at com.askimed.nf.test.lang.extensions.SnapshotFileItem.equals(SnapshotFileItem.java:64)
	at com.askimed.nf.test.lang.extensions.Snapshot.match(Snapshot.java:57)
	at com.askimed.nf.test.lang.extensions.Snapshot.match(Snapshot.java:27)
	at com.askimed.nf.test.lang.extensions.Snapshot$match.call(Unknown Source)
	at org.codehaus.groovy.runtime.callsite.CallSiteArray.defaultCall(CallSiteArray.java:47)
	at org.codehaus.groovy.runtime.callsite.AbstractCallSite.call(AbstractCallSite.java:125)
	at org.codehaus.groovy.runtime.callsite.AbstractCallSite.call(AbstractCallSite.java:130)
	at main_nf$_run_closure1$_closure2$_closure4$_closure7.doCall(main.nf.test:31)
	at main_nf$_run_closure1$_closure2$_closure4$_closure7.doCall(main.nf.test)
	at java.base/jdk.internal.reflect.NativeMethodAccessorImpl.invoke0(Native Method)
	at java.base/jdk.internal.reflect.NativeMethodAccessorImpl.invoke(NativeMethodAccessorImpl.java:77)
	at java.base/jdk.internal.reflect.DelegatingMethodAccessorImpl.invoke(DelegatingMethodAccessorImpl.java:43)
	at java.base/java.lang.reflect.Method.invoke(Method.java:569)
	at org.codehaus.groovy.reflection.CachedMethod.invoke(CachedMethod.java:107)
	at groovy.lang.MetaMethod.doMethodInvoke(MetaMethod.java:323)
	at org.codehaus.groovy.runtime.metaclass.ClosureMetaClass.invokeMethod(ClosureMetaClass.java:274)
	at groovy.lang.MetaClassImpl.invokeMethod(MetaClassImpl.java:1030)
	at groovy.lang.Closure.call(Closure.java:427)
	at groovy.lang.Closure.call(Closure.java:406)
	at com.askimed.nf.test.lang.extensions.GlobalMethods.assertAll(GlobalMethods.java:39)
	at java.base/jdk.internal.reflect.NativeMethodAccessorImpl.invoke0(Native Method)
	at java.base/jdk.internal.reflect.NativeMethodAccessorImpl.invoke(NativeMethodAccessorImpl.java:77)
	at java.base/jdk.internal.reflect.DelegatingMethodAccessorImpl.invoke(DelegatingMethodAccessorImpl.java:43)
	at java.base/java.lang.reflect.Method.invoke(Method.java:569)
	at org.codehaus.groovy.reflection.CachedMethod.invoke(CachedMethod.java:107)
	at groovy.lang.MetaMethod.doMethodInvoke(MetaMethod.java:323)
	at org.codehaus.groovy.runtime.callsite.StaticMetaMethodSite.invoke(StaticMetaMethodSite.java:44)
	at org.codehaus.groovy.runtime.callsite.StaticMetaMethodSite.callStatic(StaticMetaMethodSite.java:100)
	at org.codehaus.groovy.runtime.callsite.CallSiteArray.defaultCallStatic(CallSiteArray.java:55)
	at org.codehaus.groovy.runtime.callsite.AbstractCallSite.callStatic(AbstractCallSite.java:217)
	at org.codehaus.groovy.runtime.callsite.AbstractCallSite.callStatic(AbstractCallSite.java:240)
	at main_nf$_run_closure1$_closure2$_closure4.doCall(main.nf.test:29)
	at main_nf$_run_closure1$_closure2$_closure4.doCall(main.nf.test)
	at java.base/jdk.internal.reflect.NativeMethodAccessorImpl.invoke0(Native Method)
	at java.base/jdk.internal.reflect.NativeMethodAccessorImpl.invoke(NativeMethodAccessorImpl.java:77)
	at java.base/jdk.internal.reflect.DelegatingMethodAccessorImpl.invoke(DelegatingMethodAccessorImpl.java:43)
	at java.base/java.lang.reflect.Method.invoke(Method.java:569)
	at org.codehaus.groovy.reflection.CachedMethod.invoke(CachedMethod.java:107)
	at groovy.lang.MetaMethod.doMethodInvoke(MetaMethod.java:323)
	at org.codehaus.groovy.runtime.metaclass.ClosureMetaClass.invokeMethod(ClosureMetaClass.java:274)
	at groovy.lang.MetaClassImpl.invokeMethod(MetaClassImpl.java:1030)
	at groovy.lang.Closure.call(Closure.java:427)
	at groovy.lang.Closure.call(Closure.java:406)
	at com.askimed.nf.test.lang.TestCode.execute(TestCode.java:16)
	at com.askimed.nf.test.lang.process.ProcessTest.execute(ProcessTest.java:171)
	at com.askimed.nf.test.core.TestExecutionEngine.execute(TestExecutionEngine.java:172)
	at com.askimed.nf.test.commands.RunTestsCommand.execute(RunTestsCommand.java:322)
	at com.askimed.nf.test.commands.AbstractCommand.call(AbstractCommand.java:43)
	at com.askimed.nf.test.commands.AbstractCommand.call(AbstractCommand.java:18)
	at picocli.CommandLine.executeUserObject(CommandLine.java:1953)
	at picocli.CommandLine.access$1300(CommandLine.java:145)
	at picocli.CommandLine$RunLast.executeUserObjectOfLastSubcommandWithSameParent(CommandLine.java:2352)
	at picocli.CommandLine$RunLast.handle(CommandLine.java:2346)
	at picocli.CommandLine$RunLast.handle(CommandLine.java:2311)
	at picocli.CommandLine$AbstractParseResultHandler.execute(CommandLine.java:2179)
	at picocli.CommandLine.execute(CommandLine.java:2078)
	at com.askimed.nf.test.App.run(App.java:39)
	at com.askimed.nf.test.App.main(App.java:46)
java.io.EOFException
	at java.base/java.util.zip.GZIPInputStream.readUByte(GZIPInputStream.java:268)
	at java.base/java.util.zip.GZIPInputStream.readUShort(GZIPInputStream.java:258)
	at java.base/java.util.zip.GZIPInputStream.readHeader(GZIPInputStream.java:164)
	at java.base/java.util.zip.GZIPInputStream.<init>(GZIPInputStream.java:79)
	at java.base/java.util.zip.GZIPInputStream.<init>(GZIPInputStream.java:91)
	at com.askimed.nf.test.util.FileUtil.getMd5(FileUtil.java:103)
	at com.askimed.nf.test.lang.extensions.PathExtension.getMd5(PathExtension.java:21)
	at com.askimed.nf.test.lang.extensions.util.PathConverter.serializeFile(PathConverter.java:57)
	at com.askimed.nf.test.lang.extensions.util.PathConverter.convert(PathConverter.java:42)
	at groovy.json.DefaultJsonGenerator.writeObject(DefaultJsonGenerator.java:185)
	at groovy.json.DefaultJsonGenerator.writeObject(DefaultJsonGenerator.java:164)
	at groovy.json.DefaultJsonGenerator.writeIterator(DefaultJsonGenerator.java:396)
	at groovy.json.DefaultJsonGenerator.writeObject(DefaultJsonGenerator.java:202)
	at groovy.json.DefaultJsonGenerator.writeObject(DefaultJsonGenerator.java:164)
	at groovy.json.DefaultJsonGenerator.writeIterator(DefaultJsonGenerator.java:396)
	at groovy.json.DefaultJsonGenerator.writeObject(DefaultJsonGenerator.java:202)
	at groovy.json.DefaultJsonGenerator.writeObject(DefaultJsonGenerator.java:164)
	at groovy.json.DefaultJsonGenerator.writeIterator(DefaultJsonGenerator.java:396)
	at groovy.json.DefaultJsonGenerator.writeObject(DefaultJsonGenerator.java:202)
	at groovy.json.DefaultJsonGenerator.writeObject(DefaultJsonGenerator.java:164)
	at groovy.json.DefaultJsonGenerator.writeIterator(DefaultJsonGenerator.java:396)
	at groovy.json.DefaultJsonGenerator.writeArray(DefaultJsonGenerator.java:279)
	at groovy.json.DefaultJsonGenerator.writeObject(DefaultJsonGenerator.java:221)
	at groovy.json.DefaultJsonGenerator.writeObject(DefaultJsonGenerator.java:164)
	at groovy.json.DefaultJsonGenerator.toJson(DefaultJsonGenerator.java:98)
	at com.askimed.nf.test.lang.extensions.SnapshotFileItem.toString(SnapshotFileItem.java:80)
	at com.askimed.nf.test.lang.extensions.SnapshotFileItem.equals(SnapshotFileItem.java:64)
	at com.askimed.nf.test.lang.extensions.Snapshot.match(Snapshot.java:57)
	at com.askimed.nf.test.lang.extensions.Snapshot.match(Snapshot.java:27)
	at com.askimed.nf.test.lang.extensions.Snapshot$match.call(Unknown Source)
	at org.codehaus.groovy.runtime.callsite.CallSiteArray.defaultCall(CallSiteArray.java:47)
	at org.codehaus.groovy.runtime.callsite.AbstractCallSite.call(AbstractCallSite.java:125)
	at org.codehaus.groovy.runtime.callsite.AbstractCallSite.call(AbstractCallSite.java:130)
	at main_nf$_run_closure1$_closure2$_closure4$_closure7.doCall(main.nf.test:31)
	at main_nf$_run_closure1$_closure2$_closure4$_closure7.doCall(main.nf.test)
	at java.base/jdk.internal.reflect.NativeMethodAccessorImpl.invoke0(Native Method)
	at java.base/jdk.internal.reflect.NativeMethodAccessorImpl.invoke(NativeMethodAccessorImpl.java:77)
	at java.base/jdk.internal.reflect.DelegatingMethodAccessorImpl.invoke(DelegatingMethodAccessorImpl.java:43)
	at java.base/java.lang.reflect.Method.invoke(Method.java:569)
	at org.codehaus.groovy.reflection.CachedMethod.invoke(CachedMethod.java:107)
	at groovy.lang.MetaMethod.doMethodInvoke(MetaMethod.java:323)
	at org.codehaus.groovy.runtime.metaclass.ClosureMetaClass.invokeMethod(ClosureMetaClass.java:274)
	at groovy.lang.MetaClassImpl.invokeMethod(MetaClassImpl.java:1030)
	at groovy.lang.Closure.call(Closure.java:427)
	at groovy.lang.Closure.call(Closure.java:406)
	at com.askimed.nf.test.lang.extensions.GlobalMethods.assertAll(GlobalMethods.java:39)
	at java.base/jdk.internal.reflect.NativeMethodAccessorImpl.invoke0(Native Method)
	at java.base/jdk.internal.reflect.NativeMethodAccessorImpl.invoke(NativeMethodAccessorImpl.java:77)
	at java.base/jdk.internal.reflect.DelegatingMethodAccessorImpl.invoke(DelegatingMethodAccessorImpl.java:43)
	at java.base/java.lang.reflect.Method.invoke(Method.java:569)
	at org.codehaus.groovy.reflection.CachedMethod.invoke(CachedMethod.java:107)
	at groovy.lang.MetaMethod.doMethodInvoke(MetaMethod.java:323)
	at org.codehaus.groovy.runtime.callsite.StaticMetaMethodSite.invoke(StaticMetaMethodSite.java:44)
	at org.codehaus.groovy.runtime.callsite.StaticMetaMethodSite.callStatic(StaticMetaMethodSite.java:100)
	at org.codehaus.groovy.runtime.callsite.CallSiteArray.defaultCallStatic(CallSiteArray.java:55)
	at org.codehaus.groovy.runtime.callsite.AbstractCallSite.callStatic(AbstractCallSite.java:217)
	at org.codehaus.groovy.runtime.callsite.AbstractCallSite.callStatic(AbstractCallSite.java:240)
	at main_nf$_run_closure1$_closure2$_closure4.doCall(main.nf.test:29)
	at main_nf$_run_closure1$_closure2$_closure4.doCall(main.nf.test)
	at java.base/jdk.internal.reflect.NativeMethodAccessorImpl.invoke0(Native Method)
	at java.base/jdk.internal.reflect.NativeMethodAccessorImpl.invoke(NativeMethodAccessorImpl.java:77)
	at java.base/jdk.internal.reflect.DelegatingMethodAccessorImpl.invoke(DelegatingMethodAccessorImpl.java:43)
	at java.base/java.lang.reflect.Method.invoke(Method.java:569)
	at org.codehaus.groovy.reflection.CachedMethod.invoke(CachedMethod.java:107)
	at groovy.lang.MetaMethod.doMethodInvoke(MetaMethod.java:323)
	at org.codehaus.groovy.runtime.metaclass.ClosureMetaClass.invokeMethod(ClosureMetaClass.java:274)
	at groovy.lang.MetaClassImpl.invokeMethod(MetaClassImpl.java:1030)
	at groovy.lang.Closure.call(Closure.java:427)
	at groovy.lang.Closure.call(Closure.java:406)
	at com.askimed.nf.test.lang.TestCode.execute(TestCode.java:16)
	at com.askimed.nf.test.lang.process.ProcessTest.execute(ProcessTest.java:171)
	at com.askimed.nf.test.core.TestExecutionEngine.execute(TestExecutionEngine.java:172)
	at com.askimed.nf.test.commands.RunTestsCommand.execute(RunTestsCommand.java:322)
	at com.askimed.nf.test.commands.AbstractCommand.call(AbstractCommand.java:43)
	at com.askimed.nf.test.commands.AbstractCommand.call(AbstractCommand.java:18)
	at picocli.CommandLine.executeUserObject(CommandLine.java:1953)
	at picocli.CommandLine.access$1300(CommandLine.java:145)
	at picocli.CommandLine$RunLast.executeUserObjectOfLastSubcommandWithSameParent(CommandLine.java:2352)
	at picocli.CommandLine$RunLast.handle(CommandLine.java:2346)
	at picocli.CommandLine$RunLast.handle(CommandLine.java:2311)
	at picocli.CommandLine$AbstractParseResultHandler.execute(CommandLine.java:2179)
	at picocli.CommandLine.execute(CommandLine.java:2078)
	at com.askimed.nf.test.App.run(App.java:39)
	at com.askimed.nf.test.App.main(App.java:46)
java.io.EOFException
	at java.base/java.util.zip.GZIPInputStream.readUByte(GZIPInputStream.java:268)
	at java.base/java.util.zip.GZIPInputStream.readUShort(GZIPInputStream.java:258)
	at java.base/java.util.zip.GZIPInputStream.readHeader(GZIPInputStream.java:164)
	at java.base/java.util.zip.GZIPInputStream.<init>(GZIPInputStream.java:79)
	at java.base/java.util.zip.GZIPInputStream.<init>(GZIPInputStream.java:91)
	at com.askimed.nf.test.util.FileUtil.getMd5(FileUtil.java:103)
	at com.askimed.nf.test.lang.extensions.PathExtension.getMd5(PathExtension.java:21)
	at com.askimed.nf.test.lang.extensions.util.PathConverter.serializeFile(PathConverter.java:57)
	at com.askimed.nf.test.lang.extensions.util.PathConverter.convert(PathConverter.java:42)
	at groovy.json.DefaultJsonGenerator.writeObject(DefaultJsonGenerator.java:185)
	at groovy.json.DefaultJsonGenerator.writeObject(DefaultJsonGenerator.java:164)
	at groovy.json.DefaultJsonGenerator.writeIterator(DefaultJsonGenerator.java:396)
	at groovy.json.DefaultJsonGenerator.writeObject(DefaultJsonGenerator.java:202)
	at groovy.json.DefaultJsonGenerator.writeObject(DefaultJsonGenerator.java:164)
	at groovy.json.DefaultJsonGenerator.writeIterator(DefaultJsonGenerator.java:396)
	at groovy.json.DefaultJsonGenerator.writeObject(DefaultJsonGenerator.java:202)
	at groovy.json.DefaultJsonGenerator.writeObject(DefaultJsonGenerator.java:164)
	at groovy.json.DefaultJsonGenerator.writeIterator(DefaultJsonGenerator.java:396)
	at groovy.json.DefaultJsonGenerator.writeObject(DefaultJsonGenerator.java:202)
	at groovy.json.DefaultJsonGenerator.writeObject(DefaultJsonGenerator.java:164)
	at groovy.json.DefaultJsonGenerator.writeIterator(DefaultJsonGenerator.java:396)
	at groovy.json.DefaultJsonGenerator.writeArray(DefaultJsonGenerator.java:279)
	at groovy.json.DefaultJsonGenerator.writeObject(DefaultJsonGenerator.java:221)
	at groovy.json.DefaultJsonGenerator.writeObject(DefaultJsonGenerator.java:164)
	at groovy.json.DefaultJsonGenerator.toJson(DefaultJsonGenerator.java:98)
	at com.askimed.nf.test.lang.extensions.SnapshotFileItem.toString(SnapshotFileItem.java:80)
	at com.askimed.nf.test.lang.extensions.SnapshotFileItem.equals(SnapshotFileItem.java:64)
	at com.askimed.nf.test.lang.extensions.Snapshot.match(Snapshot.java:57)
	at com.askimed.nf.test.lang.extensions.Snapshot.match(Snapshot.java:27)
	at com.askimed.nf.test.lang.extensions.Snapshot$match.call(Unknown Source)
	at org.codehaus.groovy.runtime.callsite.CallSiteArray.defaultCall(CallSiteArray.java:47)
	at org.codehaus.groovy.runtime.callsite.AbstractCallSite.call(AbstractCallSite.java:125)
	at org.codehaus.groovy.runtime.callsite.AbstractCallSite.call(AbstractCallSite.java:130)
	at main_nf$_run_closure1$_closure2$_closure4$_closure7.doCall(main.nf.test:31)
	at main_nf$_run_closure1$_closure2$_closure4$_closure7.doCall(main.nf.test)
	at java.base/jdk.internal.reflect.NativeMethodAccessorImpl.invoke0(Native Method)
	at java.base/jdk.internal.reflect.NativeMethodAccessorImpl.invoke(NativeMethodAccessorImpl.java:77)
	at java.base/jdk.internal.reflect.DelegatingMethodAccessorImpl.invoke(DelegatingMethodAccessorImpl.java:43)
	at java.base/java.lang.reflect.Method.invoke(Method.java:569)
	at org.codehaus.groovy.reflection.CachedMethod.invoke(CachedMethod.java:107)
	at groovy.lang.MetaMethod.doMethodInvoke(MetaMethod.java:323)
	at org.codehaus.groovy.runtime.metaclass.ClosureMetaClass.invokeMethod(ClosureMetaClass.java:274)
	at groovy.lang.MetaClassImpl.invokeMethod(MetaClassImpl.java:1030)
	at groovy.lang.Closure.call(Closure.java:427)
	at groovy.lang.Closure.call(Closure.java:406)
	at com.askimed.nf.test.lang.extensions.GlobalMethods.assertAll(GlobalMethods.java:39)
	at java.base/jdk.internal.reflect.NativeMethodAccessorImpl.invoke0(Native Method)
	at java.base/jdk.internal.reflect.NativeMethodAccessorImpl.invoke(NativeMethodAccessorImpl.java:77)
	at java.base/jdk.internal.reflect.DelegatingMethodAccessorImpl.invoke(DelegatingMethodAccessorImpl.java:43)
	at java.base/java.lang.reflect.Method.invoke(Method.java:569)
	at org.codehaus.groovy.reflection.CachedMethod.invoke(CachedMethod.java:107)
	at groovy.lang.MetaMethod.doMethodInvoke(MetaMethod.java:323)
	at org.codehaus.groovy.runtime.callsite.StaticMetaMethodSite.invoke(StaticMetaMethodSite.java:44)
	at org.codehaus.groovy.runtime.callsite.StaticMetaMethodSite.callStatic(StaticMetaMethodSite.java:100)
	at org.codehaus.groovy.runtime.callsite.CallSiteArray.defaultCallStatic(CallSiteArray.java:55)
	at org.codehaus.groovy.runtime.callsite.AbstractCallSite.callStatic(AbstractCallSite.java:217)
	at org.codehaus.groovy.runtime.callsite.AbstractCallSite.callStatic(AbstractCallSite.java:240)
	at main_nf$_run_closure1$_closure2$_closure4.doCall(main.nf.test:29)
	at main_nf$_run_closure1$_closure2$_closure4.doCall(main.nf.test)
	at java.base/jdk.internal.reflect.NativeMethodAccessorImpl.invoke0(Native Method)
	at java.base/jdk.internal.reflect.NativeMethodAccessorImpl.invoke(NativeMethodAccessorImpl.java:77)
	at java.base/jdk.internal.reflect.DelegatingMethodAccessorImpl.invoke(DelegatingMethodAccessorImpl.java:43)
	at java.base/java.lang.reflect.Method.invoke(Method.java:569)
	at org.codehaus.groovy.reflection.CachedMethod.invoke(CachedMethod.java:107)
	at groovy.lang.MetaMethod.doMethodInvoke(MetaMethod.java:323)
	at org.codehaus.groovy.runtime.metaclass.ClosureMetaClass.invokeMethod(ClosureMetaClass.java:274)
	at groovy.lang.MetaClassImpl.invokeMethod(MetaClassImpl.java:1030)
	at groovy.lang.Closure.call(Closure.java:427)
	at groovy.lang.Closure.call(Closure.java:406)
	at com.askimed.nf.test.lang.TestCode.execute(TestCode.java:16)
	at com.askimed.nf.test.lang.process.ProcessTest.execute(ProcessTest.java:171)
	at com.askimed.nf.test.core.TestExecutionEngine.execute(TestExecutionEngine.java:172)
	at com.askimed.nf.test.commands.RunTestsCommand.execute(RunTestsCommand.java:322)
	at com.askimed.nf.test.commands.AbstractCommand.call(AbstractCommand.java:43)
	at com.askimed.nf.test.commands.AbstractCommand.call(AbstractCommand.java:18)
	at picocli.CommandLine.executeUserObject(CommandLine.java:1953)
	at picocli.CommandLine.access$1300(CommandLine.java:145)
	at picocli.CommandLine$RunLast.executeUserObjectOfLastSubcommandWithSameParent(CommandLine.java:2352)
	at picocli.CommandLine$RunLast.handle(CommandLine.java:2346)
	at picocli.CommandLine$RunLast.handle(CommandLine.java:2311)
	at picocli.CommandLine$AbstractParseResultHandler.execute(CommandLine.java:2179)
	at picocli.CommandLine.execute(CommandLine.java:2078)
	at com.askimed.nf.test.App.run(App.java:39)
	at com.askimed.nf.test.App.main(App.java:46)
java.io.EOFException
	at java.base/java.util.zip.GZIPInputStream.readUByte(GZIPInputStream.java:268)
	at java.base/java.util.zip.GZIPInputStream.readUShort(GZIPInputStream.java:258)
	at java.base/java.util.zip.GZIPInputStream.readHeader(GZIPInputStream.java:164)
	at java.base/java.util.zip.GZIPInputStream.<init>(GZIPInputStream.java:79)
	at java.base/java.util.zip.GZIPInputStream.<init>(GZIPInputStream.java:91)
	at com.askimed.nf.test.util.FileUtil.getMd5(FileUtil.java:103)
	at com.askimed.nf.test.lang.extensions.PathExtension.getMd5(PathExtension.java:21)
	at com.askimed.nf.test.lang.extensions.util.PathConverter.serializeFile(PathConverter.java:57)
	at com.askimed.nf.test.lang.extensions.util.PathConverter.convert(PathConverter.java:42)
	at groovy.json.DefaultJsonGenerator.writeObject(DefaultJsonGenerator.java:185)
	at groovy.json.DefaultJsonGenerator.writeObject(DefaultJsonGenerator.java:164)
	at groovy.json.DefaultJsonGenerator.writeIterator(DefaultJsonGenerator.java:396)
	at groovy.json.DefaultJsonGenerator.writeObject(DefaultJsonGenerator.java:202)
	at groovy.json.DefaultJsonGenerator.writeObject(DefaultJsonGenerator.java:164)
	at groovy.json.DefaultJsonGenerator.writeIterator(DefaultJsonGenerator.java:396)
	at groovy.json.DefaultJsonGenerator.writeObject(DefaultJsonGenerator.java:202)
	at groovy.json.DefaultJsonGenerator.writeObject(DefaultJsonGenerator.java:164)
	at groovy.json.DefaultJsonGenerator.writeIterator(DefaultJsonGenerator.java:396)
	at groovy.json.DefaultJsonGenerator.writeObject(DefaultJsonGenerator.java:202)
	at groovy.json.DefaultJsonGenerator.writeObject(DefaultJsonGenerator.java:164)
	at groovy.json.DefaultJsonGenerator.writeIterator(DefaultJsonGenerator.java:396)
	at groovy.json.DefaultJsonGenerator.writeArray(DefaultJsonGenerator.java:279)
	at groovy.json.DefaultJsonGenerator.writeObject(DefaultJsonGenerator.java:221)
	at groovy.json.DefaultJsonGenerator.writeObject(DefaultJsonGenerator.java:164)
	at groovy.json.DefaultJsonGenerator.toJson(DefaultJsonGenerator.java:98)
	at com.askimed.nf.test.lang.extensions.SnapshotFileItem.toString(SnapshotFileItem.java:80)
	at com.askimed.nf.test.lang.extensions.SnapshotFileItem.equals(SnapshotFileItem.java:64)
	at com.askimed.nf.test.lang.extensions.Snapshot.match(Snapshot.java:57)
	at com.askimed.nf.test.lang.extensions.Snapshot.match(Snapshot.java:27)
	at com.askimed.nf.test.lang.extensions.Snapshot$match.call(Unknown Source)
	at org.codehaus.groovy.runtime.callsite.CallSiteArray.defaultCall(CallSiteArray.java:47)
	at org.codehaus.groovy.runtime.callsite.AbstractCallSite.call(AbstractCallSite.java:125)
	at org.codehaus.groovy.runtime.callsite.AbstractCallSite.call(AbstractCallSite.java:130)
	at main_nf$_run_closure1$_closure2$_closure4$_closure7.doCall(main.nf.test:31)
	at main_nf$_run_closure1$_closure2$_closure4$_closure7.doCall(main.nf.test)
	at java.base/jdk.internal.reflect.NativeMethodAccessorImpl.invoke0(Native Method)
	at java.base/jdk.internal.reflect.NativeMethodAccessorImpl.invoke(NativeMethodAccessorImpl.java:77)
	at java.base/jdk.internal.reflect.DelegatingMethodAccessorImpl.invoke(DelegatingMethodAccessorImpl.java:43)
	at java.base/java.lang.reflect.Method.invoke(Method.java:569)
	at org.codehaus.groovy.reflection.CachedMethod.invoke(CachedMethod.java:107)
	at groovy.lang.MetaMethod.doMethodInvoke(MetaMethod.java:323)
	at org.codehaus.groovy.runtime.metaclass.ClosureMetaClass.invokeMethod(ClosureMetaClass.java:274)
	at groovy.lang.MetaClassImpl.invokeMethod(MetaClassImpl.java:1030)
	at groovy.lang.Closure.call(Closure.java:427)
	at groovy.lang.Closure.call(Closure.java:406)
	at com.askimed.nf.test.lang.extensions.GlobalMethods.assertAll(GlobalMethods.java:39)
	at java.base/jdk.internal.reflect.NativeMethodAccessorImpl.invoke0(Native Method)
	at java.base/jdk.internal.reflect.NativeMethodAccessorImpl.invoke(NativeMethodAccessorImpl.java:77)
	at java.base/jdk.internal.reflect.DelegatingMethodAccessorImpl.invoke(DelegatingMethodAccessorImpl.java:43)
	at java.base/java.lang.reflect.Method.invoke(Method.java:569)
	at org.codehaus.groovy.reflection.CachedMethod.invoke(CachedMethod.java:107)
	at groovy.lang.MetaMethod.doMethodInvoke(MetaMethod.java:323)
	at org.codehaus.groovy.runtime.callsite.StaticMetaMethodSite.invoke(StaticMetaMethodSite.java:44)
	at org.codehaus.groovy.runtime.callsite.StaticMetaMethodSite.callStatic(StaticMetaMethodSite.java:100)
	at org.codehaus.groovy.runtime.callsite.CallSiteArray.defaultCallStatic(CallSiteArray.java:55)
	at org.codehaus.groovy.runtime.callsite.AbstractCallSite.callStatic(AbstractCallSite.java:217)
	at org.codehaus.groovy.runtime.callsite.AbstractCallSite.callStatic(AbstractCallSite.java:240)
	at main_nf$_run_closure1$_closure2$_closure4.doCall(main.nf.test:29)
	at main_nf$_run_closure1$_closure2$_closure4.doCall(main.nf.test)
	at java.base/jdk.internal.reflect.NativeMethodAccessorImpl.invoke0(Native Method)
	at java.base/jdk.internal.reflect.NativeMethodAccessorImpl.invoke(NativeMethodAccessorImpl.java:77)
	at java.base/jdk.internal.reflect.DelegatingMethodAccessorImpl.invoke(DelegatingMethodAccessorImpl.java:43)
	at java.base/java.lang.reflect.Method.invoke(Method.java:569)
	at org.codehaus.groovy.reflection.CachedMethod.invoke(CachedMethod.java:107)
	at groovy.lang.MetaMethod.doMethodInvoke(MetaMethod.java:323)
	at org.codehaus.groovy.runtime.metaclass.ClosureMetaClass.invokeMethod(ClosureMetaClass.java:274)
	at groovy.lang.MetaClassImpl.invokeMethod(MetaClassImpl.java:1030)
	at groovy.lang.Closure.call(Closure.java:427)
	at groovy.lang.Closure.call(Closure.java:406)
	at com.askimed.nf.test.lang.TestCode.execute(TestCode.java:16)
	at com.askimed.nf.test.lang.process.ProcessTest.execute(ProcessTest.java:171)
	at com.askimed.nf.test.core.TestExecutionEngine.execute(TestExecutionEngine.java:172)
	at com.askimed.nf.test.commands.RunTestsCommand.execute(RunTestsCommand.java:322)
	at com.askimed.nf.test.commands.AbstractCommand.call(AbstractCommand.java:43)
	at com.askimed.nf.test.commands.AbstractCommand.call(AbstractCommand.java:18)
	at picocli.CommandLine.executeUserObject(CommandLine.java:1953)
	at picocli.CommandLine.access$1300(CommandLine.java:145)
	at picocli.CommandLine$RunLast.executeUserObjectOfLastSubcommandWithSameParent(CommandLine.java:2352)
	at picocli.CommandLine$RunLast.handle(CommandLine.java:2346)
	at picocli.CommandLine$RunLast.handle(CommandLine.java:2311)
	at picocli.CommandLine$AbstractParseResultHandler.execute(CommandLine.java:2179)
	at picocli.CommandLine.execute(CommandLine.java:2078)
	at com.askimed.nf.test.App.run(App.java:39)
	at com.askimed.nf.test.App.main(App.java:46)
java.io.EOFException
	at java.base/java.util.zip.GZIPInputStream.readUByte(GZIPInputStream.java:268)
	at java.base/java.util.zip.GZIPInputStream.readUShort(GZIPInputStream.java:258)
	at java.base/java.util.zip.GZIPInputStream.readHeader(GZIPInputStream.java:164)
	at java.base/java.util.zip.GZIPInputStream.<init>(GZIPInputStream.java:79)
	at java.base/java.util.zip.GZIPInputStream.<init>(GZIPInputStream.java:91)
	at com.askimed.nf.test.util.FileUtil.getMd5(FileUtil.java:103)
	at com.askimed.nf.test.lang.extensions.PathExtension.getMd5(PathExtension.java:21)
	at com.askimed.nf.test.lang.extensions.util.PathConverter.serializeFile(PathConverter.java:57)
	at com.askimed.nf.test.lang.extensions.util.PathConverter.convert(PathConverter.java:42)
	at groovy.json.DefaultJsonGenerator.writeObject(DefaultJsonGenerator.java:185)
	at groovy.json.DefaultJsonGenerator.writeObject(DefaultJsonGenerator.java:164)
	at groovy.json.DefaultJsonGenerator.writeIterator(DefaultJsonGenerator.java:396)
	at groovy.json.DefaultJsonGenerator.writeObject(DefaultJsonGenerator.java:202)
	at groovy.json.DefaultJsonGenerator.writeObject(DefaultJsonGenerator.java:164)
	at groovy.json.DefaultJsonGenerator.writeIterator(DefaultJsonGenerator.java:396)
	at groovy.json.DefaultJsonGenerator.writeObject(DefaultJsonGenerator.java:202)
	at groovy.json.DefaultJsonGenerator.writeObject(DefaultJsonGenerator.java:164)
	at groovy.json.DefaultJsonGenerator.writeIterator(DefaultJsonGenerator.java:396)
	at groovy.json.DefaultJsonGenerator.writeObject(DefaultJsonGenerator.java:202)
	at groovy.json.DefaultJsonGenerator.writeObject(DefaultJsonGenerator.java:164)
	at groovy.json.DefaultJsonGenerator.writeIterator(DefaultJsonGenerator.java:396)
	at groovy.json.DefaultJsonGenerator.writeArray(DefaultJsonGenerator.java:279)
	at groovy.json.DefaultJsonGenerator.writeObject(DefaultJsonGenerator.java:221)
	at groovy.json.DefaultJsonGenerator.writeObject(DefaultJsonGenerator.java:164)
	at groovy.json.DefaultJsonGenerator.toJson(DefaultJsonGenerator.java:98)
	at com.askimed.nf.test.lang.extensions.SnapshotFileItem.toString(SnapshotFileItem.java:80)
	at com.askimed.nf.test.lang.extensions.SnapshotFileItem.equals(SnapshotFileItem.java:64)
	at com.askimed.nf.test.lang.extensions.Snapshot.match(Snapshot.java:57)
	at com.askimed.nf.test.lang.extensions.Snapshot.match(Snapshot.java:27)
	at com.askimed.nf.test.lang.extensions.Snapshot$match.call(Unknown Source)
	at org.codehaus.groovy.runtime.callsite.CallSiteArray.defaultCall(CallSiteArray.java:47)
	at org.codehaus.groovy.runtime.callsite.AbstractCallSite.call(AbstractCallSite.java:125)
	at org.codehaus.groovy.runtime.callsite.AbstractCallSite.call(AbstractCallSite.java:130)
	at main_nf$_run_closure1$_closure2$_closure4$_closure7.doCall(main.nf.test:31)
	at main_nf$_run_closure1$_closure2$_closure4$_closure7.doCall(main.nf.test)
	at java.base/jdk.internal.reflect.NativeMethodAccessorImpl.invoke0(Native Method)
	at java.base/jdk.internal.reflect.NativeMethodAccessorImpl.invoke(NativeMethodAccessorImpl.java:77)
	at java.base/jdk.internal.reflect.DelegatingMethodAccessorImpl.invoke(DelegatingMethodAccessorImpl.java:43)
	at java.base/java.lang.reflect.Method.invoke(Method.java:569)
	at org.codehaus.groovy.reflection.CachedMethod.invoke(CachedMethod.java:107)
	at groovy.lang.MetaMethod.doMethodInvoke(MetaMethod.java:323)
	at org.codehaus.groovy.runtime.metaclass.ClosureMetaClass.invokeMethod(ClosureMetaClass.java:274)
	at groovy.lang.MetaClassImpl.invokeMethod(MetaClassImpl.java:1030)
	at groovy.lang.Closure.call(Closure.java:427)
	at groovy.lang.Closure.call(Closure.java:406)
	at com.askimed.nf.test.lang.extensions.GlobalMethods.assertAll(GlobalMethods.java:39)
	at java.base/jdk.internal.reflect.NativeMethodAccessorImpl.invoke0(Native Method)
	at java.base/jdk.internal.reflect.NativeMethodAccessorImpl.invoke(NativeMethodAccessorImpl.java:77)
	at java.base/jdk.internal.reflect.DelegatingMethodAccessorImpl.invoke(DelegatingMethodAccessorImpl.java:43)
	at java.base/java.lang.reflect.Method.invoke(Method.java:569)
	at org.codehaus.groovy.reflection.CachedMethod.invoke(CachedMethod.java:107)
	at groovy.lang.MetaMethod.doMethodInvoke(MetaMethod.java:323)
	at org.codehaus.groovy.runtime.callsite.StaticMetaMethodSite.invoke(StaticMetaMethodSite.java:44)
	at org.codehaus.groovy.runtime.callsite.StaticMetaMethodSite.callStatic(StaticMetaMethodSite.java:100)
	at org.codehaus.groovy.runtime.callsite.CallSiteArray.defaultCallStatic(CallSiteArray.java:55)
	at org.codehaus.groovy.runtime.callsite.AbstractCallSite.callStatic(AbstractCallSite.java:217)
	at org.codehaus.groovy.runtime.callsite.AbstractCallSite.callStatic(AbstractCallSite.java:240)
	at main_nf$_run_closure1$_closure2$_closure4.doCall(main.nf.test:29)
	at main_nf$_run_closure1$_closure2$_closure4.doCall(main.nf.test)
	at java.base/jdk.internal.reflect.NativeMethodAccessorImpl.invoke0(Native Method)
	at java.base/jdk.internal.reflect.NativeMethodAccessorImpl.invoke(NativeMethodAccessorImpl.java:77)
	at java.base/jdk.internal.reflect.DelegatingMethodAccessorImpl.invoke(DelegatingMethodAccessorImpl.java:43)
	at java.base/java.lang.reflect.Method.invoke(Method.java:569)
	at org.codehaus.groovy.reflection.CachedMethod.invoke(CachedMethod.java:107)
	at groovy.lang.MetaMethod.doMethodInvoke(MetaMethod.java:323)
	at org.codehaus.groovy.runtime.metaclass.ClosureMetaClass.invokeMethod(ClosureMetaClass.java:274)
	at groovy.lang.MetaClassImpl.invokeMethod(MetaClassImpl.java:1030)
	at groovy.lang.Closure.call(Closure.java:427)
	at groovy.lang.Closure.call(Closure.java:406)
	at com.askimed.nf.test.lang.TestCode.execute(TestCode.java:16)
	at com.askimed.nf.test.lang.process.ProcessTest.execute(ProcessTest.java:171)
	at com.askimed.nf.test.core.TestExecutionEngine.execute(TestExecutionEngine.java:172)
	at com.askimed.nf.test.commands.RunTestsCommand.execute(RunTestsCommand.java:322)
	at com.askimed.nf.test.commands.AbstractCommand.call(AbstractCommand.java:43)
	at com.askimed.nf.test.commands.AbstractCommand.call(AbstractCommand.java:18)
	at picocli.CommandLine.executeUserObject(CommandLine.java:1953)
	at picocli.CommandLine.access$1300(CommandLine.java:145)
	at picocli.CommandLine$RunLast.executeUserObjectOfLastSubcommandWithSameParent(CommandLine.java:2352)
	at picocli.CommandLine$RunLast.handle(CommandLine.java:2346)
	at picocli.CommandLine$RunLast.handle(CommandLine.java:2311)
	at picocli.CommandLine$AbstractParseResultHandler.execute(CommandLine.java:2179)
	at picocli.CommandLine.execute(CommandLine.java:2078)
	at com.askimed.nf.test.App.run(App.java:39)
	at com.askimed.nf.test.App.main(App.java:46)
java.io.EOFException
	at java.base/java.util.zip.GZIPInputStream.readUByte(GZIPInputStream.java:268)
	at java.base/java.util.zip.GZIPInputStream.readUShort(GZIPInputStream.java:258)
	at java.base/java.util.zip.GZIPInputStream.readHeader(GZIPInputStream.java:164)
	at java.base/java.util.zip.GZIPInputStream.<init>(GZIPInputStream.java:79)
	at java.base/java.util.zip.GZIPInputStream.<init>(GZIPInputStream.java:91)
	at com.askimed.nf.test.util.FileUtil.getMd5(FileUtil.java:103)
	at com.askimed.nf.test.lang.extensions.PathExtension.getMd5(PathExtension.java:21)
	at com.askimed.nf.test.lang.extensions.util.PathConverter.serializeFile(PathConverter.java:57)
	at com.askimed.nf.test.lang.extensions.util.PathConverter.convert(PathConverter.java:42)
	at groovy.json.DefaultJsonGenerator.writeObject(DefaultJsonGenerator.java:185)
	at groovy.json.DefaultJsonGenerator.writeObject(DefaultJsonGenerator.java:164)
	at groovy.json.DefaultJsonGenerator.writeIterator(DefaultJsonGenerator.java:396)
	at groovy.json.DefaultJsonGenerator.writeObject(DefaultJsonGenerator.java:202)
	at groovy.json.DefaultJsonGenerator.writeObject(DefaultJsonGenerator.java:164)
	at groovy.json.DefaultJsonGenerator.writeIterator(DefaultJsonGenerator.java:396)
	at groovy.json.DefaultJsonGenerator.writeObject(DefaultJsonGenerator.java:202)
	at groovy.json.DefaultJsonGenerator.writeObject(DefaultJsonGenerator.java:164)
	at groovy.json.DefaultJsonGenerator.writeIterator(DefaultJsonGenerator.java:396)
	at groovy.json.DefaultJsonGenerator.writeObject(DefaultJsonGenerator.java:202)
	at groovy.json.DefaultJsonGenerator.writeObject(DefaultJsonGenerator.java:164)
	at groovy.json.DefaultJsonGenerator.writeIterator(DefaultJsonGenerator.java:396)
	at groovy.json.DefaultJsonGenerator.writeArray(DefaultJsonGenerator.java:279)
	at groovy.json.DefaultJsonGenerator.writeObject(DefaultJsonGenerator.java:221)
	at groovy.json.DefaultJsonGenerator.writeObject(DefaultJsonGenerator.java:164)
	at groovy.json.DefaultJsonGenerator.toJson(DefaultJsonGenerator.java:98)
	at com.askimed.nf.test.lang.extensions.SnapshotFileItem.toString(SnapshotFileItem.java:80)
	at com.askimed.nf.test.lang.extensions.SnapshotFileItem.equals(SnapshotFileItem.java:64)
	at com.askimed.nf.test.lang.extensions.Snapshot.match(Snapshot.java:57)
	at com.askimed.nf.test.lang.extensions.Snapshot.match(Snapshot.java:27)
	at com.askimed.nf.test.lang.extensions.Snapshot$match.call(Unknown Source)
	at org.codehaus.groovy.runtime.callsite.CallSiteArray.defaultCall(CallSiteArray.java:47)
	at org.codehaus.groovy.runtime.callsite.AbstractCallSite.call(AbstractCallSite.java:125)
	at org.codehaus.groovy.runtime.callsite.AbstractCallSite.call(AbstractCallSite.java:130)
	at main_nf$_run_closure1$_closure2$_closure4$_closure7.doCall(main.nf.test:31)
	at main_nf$_run_closure1$_closure2$_closure4$_closure7.doCall(main.nf.test)
	at java.base/jdk.internal.reflect.NativeMethodAccessorImpl.invoke0(Native Method)
	at java.base/jdk.internal.reflect.NativeMethodAccessorImpl.invoke(NativeMethodAccessorImpl.java:77)
	at java.base/jdk.internal.reflect.DelegatingMethodAccessorImpl.invoke(DelegatingMethodAccessorImpl.java:43)
	at java.base/java.lang.reflect.Method.invoke(Method.java:569)
	at org.codehaus.groovy.reflection.CachedMethod.invoke(CachedMethod.java:107)
	at groovy.lang.MetaMethod.doMethodInvoke(MetaMethod.java:323)
	at org.codehaus.groovy.runtime.metaclass.ClosureMetaClass.invokeMethod(ClosureMetaClass.java:274)
	at groovy.lang.MetaClassImpl.invokeMethod(MetaClassImpl.java:1030)
	at groovy.lang.Closure.call(Closure.java:427)
	at groovy.lang.Closure.call(Closure.java:406)
	at com.askimed.nf.test.lang.extensions.GlobalMethods.assertAll(GlobalMethods.java:39)
	at java.base/jdk.internal.reflect.NativeMethodAccessorImpl.invoke0(Native Method)
	at java.base/jdk.internal.reflect.NativeMethodAccessorImpl.invoke(NativeMethodAccessorImpl.java:77)
	at java.base/jdk.internal.reflect.DelegatingMethodAccessorImpl.invoke(DelegatingMethodAccessorImpl.java:43)
	at java.base/java.lang.reflect.Method.invoke(Method.java:569)
	at org.codehaus.groovy.reflection.CachedMethod.invoke(CachedMethod.java:107)
	at groovy.lang.MetaMethod.doMethodInvoke(MetaMethod.java:323)
	at org.codehaus.groovy.runtime.callsite.StaticMetaMethodSite.invoke(StaticMetaMethodSite.java:44)
	at org.codehaus.groovy.runtime.callsite.StaticMetaMethodSite.callStatic(StaticMetaMethodSite.java:100)
	at org.codehaus.groovy.runtime.callsite.CallSiteArray.defaultCallStatic(CallSiteArray.java:55)
	at org.codehaus.groovy.runtime.callsite.AbstractCallSite.callStatic(AbstractCallSite.java:217)
	at org.codehaus.groovy.runtime.callsite.AbstractCallSite.callStatic(AbstractCallSite.java:240)
	at main_nf$_run_closure1$_closure2$_closure4.doCall(main.nf.test:29)
	at main_nf$_run_closure1$_closure2$_closure4.doCall(main.nf.test)
	at java.base/jdk.internal.reflect.NativeMethodAccessorImpl.invoke0(Native Method)
	at java.base/jdk.internal.reflect.NativeMethodAccessorImpl.invoke(NativeMethodAccessorImpl.java:77)
	at java.base/jdk.internal.reflect.DelegatingMethodAccessorImpl.invoke(DelegatingMethodAccessorImpl.java:43)
	at java.base/java.lang.reflect.Method.invoke(Method.java:569)
	at org.codehaus.groovy.reflection.CachedMethod.invoke(CachedMethod.java:107)
	at groovy.lang.MetaMethod.doMethodInvoke(MetaMethod.java:323)
	at org.codehaus.groovy.runtime.metaclass.ClosureMetaClass.invokeMethod(ClosureMetaClass.java:274)
	at groovy.lang.MetaClassImpl.invokeMethod(MetaClassImpl.java:1030)
	at groovy.lang.Closure.call(Closure.java:427)
	at groovy.lang.Closure.call(Closure.java:406)
	at com.askimed.nf.test.lang.TestCode.execute(TestCode.java:16)
	at com.askimed.nf.test.lang.process.ProcessTest.execute(ProcessTest.java:171)
	at com.askimed.nf.test.core.TestExecutionEngine.execute(TestExecutionEngine.java:172)
	at com.askimed.nf.test.commands.RunTestsCommand.execute(RunTestsCommand.java:322)
	at com.askimed.nf.test.commands.AbstractCommand.call(AbstractCommand.java:43)
	at com.askimed.nf.test.commands.AbstractCommand.call(AbstractCommand.java:18)
	at picocli.CommandLine.executeUserObject(CommandLine.java:1953)
	at picocli.CommandLine.access$1300(CommandLine.java:145)
	at picocli.CommandLine$RunLast.executeUserObjectOfLastSubcommandWithSameParent(CommandLine.java:2352)
	at picocli.CommandLine$RunLast.handle(CommandLine.java:2346)
	at picocli.CommandLine$RunLast.handle(CommandLine.java:2311)
	at picocli.CommandLine$AbstractParseResultHandler.execute(CommandLine.java:2179)
	at picocli.CommandLine.execute(CommandLine.java:2078)
	at com.askimed.nf.test.App.run(App.java:39)
	at com.askimed.nf.test.App.main(App.java:46)
java.io.EOFException
	at java.base/java.util.zip.GZIPInputStream.readUByte(GZIPInputStream.java:268)
	at java.base/java.util.zip.GZIPInputStream.readUShort(GZIPInputStream.java:258)
	at java.base/java.util.zip.GZIPInputStream.readHeader(GZIPInputStream.java:164)
	at java.base/java.util.zip.GZIPInputStream.<init>(GZIPInputStream.java:79)
	at java.base/java.util.zip.GZIPInputStream.<init>(GZIPInputStream.java:91)
	at com.askimed.nf.test.util.FileUtil.getMd5(FileUtil.java:103)
	at com.askimed.nf.test.lang.extensions.PathExtension.getMd5(PathExtension.java:21)
	at com.askimed.nf.test.lang.extensions.util.PathConverter.serializeFile(PathConverter.java:57)
	at com.askimed.nf.test.lang.extensions.util.PathConverter.convert(PathConverter.java:42)
	at groovy.json.DefaultJsonGenerator.writeObject(DefaultJsonGenerator.java:185)
	at groovy.json.DefaultJsonGenerator.writeObject(DefaultJsonGenerator.java:164)
	at groovy.json.DefaultJsonGenerator.writeIterator(DefaultJsonGenerator.java:396)
	at groovy.json.DefaultJsonGenerator.writeObject(DefaultJsonGenerator.java:202)
	at groovy.json.DefaultJsonGenerator.writeObject(DefaultJsonGenerator.java:164)
	at groovy.json.DefaultJsonGenerator.writeIterator(DefaultJsonGenerator.java:396)
	at groovy.json.DefaultJsonGenerator.writeObject(DefaultJsonGenerator.java:202)
	at groovy.json.DefaultJsonGenerator.writeObject(DefaultJsonGenerator.java:164)
	at groovy.json.DefaultJsonGenerator.writeIterator(DefaultJsonGenerator.java:396)
	at groovy.json.DefaultJsonGenerator.writeObject(DefaultJsonGenerator.java:202)
	at groovy.json.DefaultJsonGenerator.writeObject(DefaultJsonGenerator.java:164)
	at groovy.json.DefaultJsonGenerator.writeIterator(DefaultJsonGenerator.java:396)
	at groovy.json.DefaultJsonGenerator.writeArray(DefaultJsonGenerator.java:279)
	at groovy.json.DefaultJsonGenerator.writeObject(DefaultJsonGenerator.java:221)
	at groovy.json.DefaultJsonGenerator.writeObject(DefaultJsonGenerator.java:164)
	at groovy.json.DefaultJsonGenerator.toJson(DefaultJsonGenerator.java:98)
	at com.askimed.nf.test.lang.extensions.SnapshotFileItem.toString(SnapshotFileItem.java:80)
	at com.askimed.nf.test.lang.extensions.SnapshotFileItem.equals(SnapshotFileItem.java:64)
	at com.askimed.nf.test.lang.extensions.Snapshot.match(Snapshot.java:57)
	at com.askimed.nf.test.lang.extensions.Snapshot.match(Snapshot.java:27)
	at com.askimed.nf.test.lang.extensions.Snapshot$match.call(Unknown Source)
	at org.codehaus.groovy.runtime.callsite.CallSiteArray.defaultCall(CallSiteArray.java:47)
	at org.codehaus.groovy.runtime.callsite.AbstractCallSite.call(AbstractCallSite.java:125)
	at org.codehaus.groovy.runtime.callsite.AbstractCallSite.call(AbstractCallSite.java:130)
	at main_nf$_run_closure1$_closure2$_closure4$_closure7.doCall(main.nf.test:31)
	at main_nf$_run_closure1$_closure2$_closure4$_closure7.doCall(main.nf.test)
	at java.base/jdk.internal.reflect.NativeMethodAccessorImpl.invoke0(Native Method)
	at java.base/jdk.internal.reflect.NativeMethodAccessorImpl.invoke(NativeMethodAccessorImpl.java:77)
	at java.base/jdk.internal.reflect.DelegatingMethodAccessorImpl.invoke(DelegatingMethodAccessorImpl.java:43)
	at java.base/java.lang.reflect.Method.invoke(Method.java:569)
	at org.codehaus.groovy.reflection.CachedMethod.invoke(CachedMethod.java:107)
	at groovy.lang.MetaMethod.doMethodInvoke(MetaMethod.java:323)
	at org.codehaus.groovy.runtime.metaclass.ClosureMetaClass.invokeMethod(ClosureMetaClass.java:274)
	at groovy.lang.MetaClassImpl.invokeMethod(MetaClassImpl.java:1030)
	at groovy.lang.Closure.call(Closure.java:427)
	at groovy.lang.Closure.call(Closure.java:406)
	at com.askimed.nf.test.lang.extensions.GlobalMethods.assertAll(GlobalMethods.java:39)
	at java.base/jdk.internal.reflect.NativeMethodAccessorImpl.invoke0(Native Method)
	at java.base/jdk.internal.reflect.NativeMethodAccessorImpl.invoke(NativeMethodAccessorImpl.java:77)
	at java.base/jdk.internal.reflect.DelegatingMethodAccessorImpl.invoke(DelegatingMethodAccessorImpl.java:43)
	at java.base/java.lang.reflect.Method.invoke(Method.java:569)
	at org.codehaus.groovy.reflection.CachedMethod.invoke(CachedMethod.java:107)
	at groovy.lang.MetaMethod.doMethodInvoke(MetaMethod.java:323)
	at org.codehaus.groovy.runtime.callsite.StaticMetaMethodSite.invoke(StaticMetaMethodSite.java:44)
	at org.codehaus.groovy.runtime.callsite.StaticMetaMethodSite.callStatic(StaticMetaMethodSite.java:100)
	at org.codehaus.groovy.runtime.callsite.CallSiteArray.defaultCallStatic(CallSiteArray.java:55)
	at org.codehaus.groovy.runtime.callsite.AbstractCallSite.callStatic(AbstractCallSite.java:217)
	at org.codehaus.groovy.runtime.callsite.AbstractCallSite.callStatic(AbstractCallSite.java:240)
	at main_nf$_run_closure1$_closure2$_closure4.doCall(main.nf.test:29)
	at main_nf$_run_closure1$_closure2$_closure4.doCall(main.nf.test)
	at java.base/jdk.internal.reflect.NativeMethodAccessorImpl.invoke0(Native Method)
	at java.base/jdk.internal.reflect.NativeMethodAccessorImpl.invoke(NativeMethodAccessorImpl.java:77)
	at java.base/jdk.internal.reflect.DelegatingMethodAccessorImpl.invoke(DelegatingMethodAccessorImpl.java:43)
	at java.base/java.lang.reflect.Method.invoke(Method.java:569)
	at org.codehaus.groovy.reflection.CachedMethod.invoke(CachedMethod.java:107)
	at groovy.lang.MetaMethod.doMethodInvoke(MetaMethod.java:323)
	at org.codehaus.groovy.runtime.metaclass.ClosureMetaClass.invokeMethod(ClosureMetaClass.java:274)
	at groovy.lang.MetaClassImpl.invokeMethod(MetaClassImpl.java:1030)
	at groovy.lang.Closure.call(Closure.java:427)
	at groovy.lang.Closure.call(Closure.java:406)
	at com.askimed.nf.test.lang.TestCode.execute(TestCode.java:16)
	at com.askimed.nf.test.lang.process.ProcessTest.execute(ProcessTest.java:171)
	at com.askimed.nf.test.core.TestExecutionEngine.execute(TestExecutionEngine.java:172)
	at com.askimed.nf.test.commands.RunTestsCommand.execute(RunTestsCommand.java:322)
	at com.askimed.nf.test.commands.AbstractCommand.call(AbstractCommand.java:43)
	at com.askimed.nf.test.commands.AbstractCommand.call(AbstractCommand.java:18)
	at picocli.CommandLine.executeUserObject(CommandLine.java:1953)
	at picocli.CommandLine.access$1300(CommandLine.java:145)
	at picocli.CommandLine$RunLast.executeUserObjectOfLastSubcommandWithSameParent(CommandLine.java:2352)
	at picocli.CommandLine$RunLast.handle(CommandLine.java:2346)
	at picocli.CommandLine$RunLast.handle(CommandLine.java:2311)
	at picocli.CommandLine$AbstractParseResultHandler.execute(CommandLine.java:2179)
	at picocli.CommandLine.execute(CommandLine.java:2078)
	at com.askimed.nf.test.App.run(App.java:39)
	at com.askimed.nf.test.App.main(App.java:46)
java.io.EOFException
	at java.base/java.util.zip.GZIPInputStream.readUByte(GZIPInputStream.java:268)
	at java.base/java.util.zip.GZIPInputStream.readUShort(GZIPInputStream.java:258)
	at java.base/java.util.zip.GZIPInputStream.readHeader(GZIPInputStream.java:164)
	at java.base/java.util.zip.GZIPInputStream.<init>(GZIPInputStream.java:79)
	at java.base/java.util.zip.GZIPInputStream.<init>(GZIPInputStream.java:91)
	at com.askimed.nf.test.util.FileUtil.getMd5(FileUtil.java:103)
	at com.askimed.nf.test.lang.extensions.PathExtension.getMd5(PathExtension.java:21)
	at com.askimed.nf.test.lang.extensions.util.PathConverter.serializeFile(PathConverter.java:57)
	at com.askimed.nf.test.lang.extensions.util.PathConverter.convert(PathConverter.java:42)
	at groovy.json.DefaultJsonGenerator.writeObject(DefaultJsonGenerator.java:185)
	at groovy.json.DefaultJsonGenerator.writeObject(DefaultJsonGenerator.java:164)
	at groovy.json.DefaultJsonGenerator.writeIterator(DefaultJsonGenerator.java:396)
	at groovy.json.DefaultJsonGenerator.writeObject(DefaultJsonGenerator.java:202)
	at groovy.json.DefaultJsonGenerator.writeObject(DefaultJsonGenerator.java:164)
	at groovy.json.DefaultJsonGenerator.writeIterator(DefaultJsonGenerator.java:396)
	at groovy.json.DefaultJsonGenerator.writeObject(DefaultJsonGenerator.java:202)
	at groovy.json.DefaultJsonGenerator.writeObject(DefaultJsonGenerator.java:164)
	at groovy.json.DefaultJsonGenerator.writeIterator(DefaultJsonGenerator.java:396)
	at groovy.json.DefaultJsonGenerator.writeObject(DefaultJsonGenerator.java:202)
	at groovy.json.DefaultJsonGenerator.writeObject(DefaultJsonGenerator.java:164)
	at groovy.json.DefaultJsonGenerator.writeIterator(DefaultJsonGenerator.java:396)
	at groovy.json.DefaultJsonGenerator.writeArray(DefaultJsonGenerator.java:279)
	at groovy.json.DefaultJsonGenerator.writeObject(DefaultJsonGenerator.java:221)
	at groovy.json.DefaultJsonGenerator.writeObject(DefaultJsonGenerator.java:164)
	at groovy.json.DefaultJsonGenerator.toJson(DefaultJsonGenerator.java:98)
	at com.askimed.nf.test.lang.extensions.SnapshotFileItem.toString(SnapshotFileItem.java:80)
	at com.askimed.nf.test.lang.extensions.SnapshotFileItem.equals(SnapshotFileItem.java:64)
	at com.askimed.nf.test.lang.extensions.Snapshot.match(Snapshot.java:57)
	at com.askimed.nf.test.lang.extensions.Snapshot.match(Snapshot.java:27)
	at com.askimed.nf.test.lang.extensions.Snapshot$match.call(Unknown Source)
	at org.codehaus.groovy.runtime.callsite.CallSiteArray.defaultCall(CallSiteArray.java:47)
	at org.codehaus.groovy.runtime.callsite.AbstractCallSite.call(AbstractCallSite.java:125)
	at org.codehaus.groovy.runtime.callsite.AbstractCallSite.call(AbstractCallSite.java:130)
	at main_nf$_run_closure1$_closure2$_closure4$_closure7.doCall(main.nf.test:31)
	at main_nf$_run_closure1$_closure2$_closure4$_closure7.doCall(main.nf.test)
	at java.base/jdk.internal.reflect.NativeMethodAccessorImpl.invoke0(Native Method)
	at java.base/jdk.internal.reflect.NativeMethodAccessorImpl.invoke(NativeMethodAccessorImpl.java:77)
	at java.base/jdk.internal.reflect.DelegatingMethodAccessorImpl.invoke(DelegatingMethodAccessorImpl.java:43)
	at java.base/java.lang.reflect.Method.invoke(Method.java:569)
	at org.codehaus.groovy.reflection.CachedMethod.invoke(CachedMethod.java:107)
	at groovy.lang.MetaMethod.doMethodInvoke(MetaMethod.java:323)
	at org.codehaus.groovy.runtime.metaclass.ClosureMetaClass.invokeMethod(ClosureMetaClass.java:274)
	at groovy.lang.MetaClassImpl.invokeMethod(MetaClassImpl.java:1030)
	at groovy.lang.Closure.call(Closure.java:427)
	at groovy.lang.Closure.call(Closure.java:406)
	at com.askimed.nf.test.lang.extensions.GlobalMethods.assertAll(GlobalMethods.java:39)
	at java.base/jdk.internal.reflect.NativeMethodAccessorImpl.invoke0(Native Method)
	at java.base/jdk.internal.reflect.NativeMethodAccessorImpl.invoke(NativeMethodAccessorImpl.java:77)
	at java.base/jdk.internal.reflect.DelegatingMethodAccessorImpl.invoke(DelegatingMethodAccessorImpl.java:43)
	at java.base/java.lang.reflect.Method.invoke(Method.java:569)
	at org.codehaus.groovy.reflection.CachedMethod.invoke(CachedMethod.java:107)
	at groovy.lang.MetaMethod.doMethodInvoke(MetaMethod.java:323)
	at org.codehaus.groovy.runtime.callsite.StaticMetaMethodSite.invoke(StaticMetaMethodSite.java:44)
	at org.codehaus.groovy.runtime.callsite.StaticMetaMethodSite.callStatic(StaticMetaMethodSite.java:100)
	at org.codehaus.groovy.runtime.callsite.CallSiteArray.defaultCallStatic(CallSiteArray.java:55)
	at org.codehaus.groovy.runtime.callsite.AbstractCallSite.callStatic(AbstractCallSite.java:217)
	at org.codehaus.groovy.runtime.callsite.AbstractCallSite.callStatic(AbstractCallSite.java:240)
	at main_nf$_run_closure1$_closure2$_closure4.doCall(main.nf.test:29)
	at main_nf$_run_closure1$_closure2$_closure4.doCall(main.nf.test)
	at java.base/jdk.internal.reflect.NativeMethodAccessorImpl.invoke0(Native Method)
	at java.base/jdk.internal.reflect.NativeMethodAccessorImpl.invoke(NativeMethodAccessorImpl.java:77)
	at java.base/jdk.internal.reflect.DelegatingMethodAccessorImpl.invoke(DelegatingMethodAccessorImpl.java:43)
	at java.base/java.lang.reflect.Method.invoke(Method.java:569)
	at org.codehaus.groovy.reflection.CachedMethod.invoke(CachedMethod.java:107)
	at groovy.lang.MetaMethod.doMethodInvoke(MetaMethod.java:323)
	at org.codehaus.groovy.runtime.metaclass.ClosureMetaClass.invokeMethod(ClosureMetaClass.java:274)
	at groovy.lang.MetaClassImpl.invokeMethod(MetaClassImpl.java:1030)
	at groovy.lang.Closure.call(Closure.java:427)
	at groovy.lang.Closure.call(Closure.java:406)
	at com.askimed.nf.test.lang.TestCode.execute(TestCode.java:16)
	at com.askimed.nf.test.lang.process.ProcessTest.execute(ProcessTest.java:171)
	at com.askimed.nf.test.core.TestExecutionEngine.execute(TestExecutionEngine.java:172)
	at com.askimed.nf.test.commands.RunTestsCommand.execute(RunTestsCommand.java:322)
	at com.askimed.nf.test.commands.AbstractCommand.call(AbstractCommand.java:43)
	at com.askimed.nf.test.commands.AbstractCommand.call(AbstractCommand.java:18)
	at picocli.CommandLine.executeUserObject(CommandLine.java:1953)
	at picocli.CommandLine.access$1300(CommandLine.java:145)
	at picocli.CommandLine$RunLast.executeUserObjectOfLastSubcommandWithSameParent(CommandLine.java:2352)
	at picocli.CommandLine$RunLast.handle(CommandLine.java:2346)
	at picocli.CommandLine$RunLast.handle(CommandLine.java:2311)
	at picocli.CommandLine$AbstractParseResultHandler.execute(CommandLine.java:2179)
	at picocli.CommandLine.execute(CommandLine.java:2078)
	at com.askimed.nf.test.App.run(App.java:39)
	at com.askimed.nf.test.App.main(App.java:46)
java.io.EOFException
	at java.base/java.util.zip.GZIPInputStream.readUByte(GZIPInputStream.java:268)
	at java.base/java.util.zip.GZIPInputStream.readUShort(GZIPInputStream.java:258)
	at java.base/java.util.zip.GZIPInputStream.readHeader(GZIPInputStream.java:164)
	at java.base/java.util.zip.GZIPInputStream.<init>(GZIPInputStream.java:79)
	at java.base/java.util.zip.GZIPInputStream.<init>(GZIPInputStream.java:91)
	at com.askimed.nf.test.util.FileUtil.getMd5(FileUtil.java:103)
	at com.askimed.nf.test.lang.extensions.PathExtension.getMd5(PathExtension.java:21)
	at com.askimed.nf.test.lang.extensions.util.PathConverter.serializeFile(PathConverter.java:57)
	at com.askimed.nf.test.lang.extensions.util.PathConverter.convert(PathConverter.java:42)
	at groovy.json.DefaultJsonGenerator.writeObject(DefaultJsonGenerator.java:185)
	at groovy.json.DefaultJsonGenerator.writeObject(DefaultJsonGenerator.java:164)
	at groovy.json.DefaultJsonGenerator.writeIterator(DefaultJsonGenerator.java:396)
	at groovy.json.DefaultJsonGenerator.writeObject(DefaultJsonGenerator.java:202)
	at groovy.json.DefaultJsonGenerator.writeObject(DefaultJsonGenerator.java:164)
	at groovy.json.DefaultJsonGenerator.writeIterator(DefaultJsonGenerator.java:396)
	at groovy.json.DefaultJsonGenerator.writeObject(DefaultJsonGenerator.java:202)
	at groovy.json.DefaultJsonGenerator.writeObject(DefaultJsonGenerator.java:164)
	at groovy.json.DefaultJsonGenerator.writeIterator(DefaultJsonGenerator.java:396)
	at groovy.json.DefaultJsonGenerator.writeObject(DefaultJsonGenerator.java:202)
	at groovy.json.DefaultJsonGenerator.writeObject(DefaultJsonGenerator.java:164)
	at groovy.json.DefaultJsonGenerator.writeIterator(DefaultJsonGenerator.java:396)
	at groovy.json.DefaultJsonGenerator.writeArray(DefaultJsonGenerator.java:279)
	at groovy.json.DefaultJsonGenerator.writeObject(DefaultJsonGenerator.java:221)
	at groovy.json.DefaultJsonGenerator.writeObject(DefaultJsonGenerator.java:164)
	at groovy.json.DefaultJsonGenerator.toJson(DefaultJsonGenerator.java:98)
	at com.askimed.nf.test.lang.extensions.SnapshotFileItem.toString(SnapshotFileItem.java:80)
	at com.askimed.nf.test.lang.extensions.SnapshotFileItem.equals(SnapshotFileItem.java:64)
	at com.askimed.nf.test.lang.extensions.Snapshot.match(Snapshot.java:57)
	at com.askimed.nf.test.lang.extensions.Snapshot.match(Snapshot.java:27)
	at com.askimed.nf.test.lang.extensions.Snapshot$match.call(Unknown Source)
	at org.codehaus.groovy.runtime.callsite.CallSiteArray.defaultCall(CallSiteArray.java:47)
	at org.codehaus.groovy.runtime.callsite.AbstractCallSite.call(AbstractCallSite.java:125)
	at org.codehaus.groovy.runtime.callsite.AbstractCallSite.call(AbstractCallSite.java:130)
	at main_nf$_run_closure1$_closure2$_closure4$_closure7.doCall(main.nf.test:31)
	at main_nf$_run_closure1$_closure2$_closure4$_closure7.doCall(main.nf.test)
	at java.base/jdk.internal.reflect.NativeMethodAccessorImpl.invoke0(Native Method)
	at java.base/jdk.internal.reflect.NativeMethodAccessorImpl.invoke(NativeMethodAccessorImpl.java:77)
	at java.base/jdk.internal.reflect.DelegatingMethodAccessorImpl.invoke(DelegatingMethodAccessorImpl.java:43)
	at java.base/java.lang.reflect.Method.invoke(Method.java:569)
	at org.codehaus.groovy.reflection.CachedMethod.invoke(CachedMethod.java:107)
	at groovy.lang.MetaMethod.doMethodInvoke(MetaMethod.java:323)
	at org.codehaus.groovy.runtime.metaclass.ClosureMetaClass.invokeMethod(ClosureMetaClass.java:274)
	at groovy.lang.MetaClassImpl.invokeMethod(MetaClassImpl.java:1030)
	at groovy.lang.Closure.call(Closure.java:427)
	at groovy.lang.Closure.call(Closure.java:406)
	at com.askimed.nf.test.lang.extensions.GlobalMethods.assertAll(GlobalMethods.java:39)
	at java.base/jdk.internal.reflect.NativeMethodAccessorImpl.invoke0(Native Method)
	at java.base/jdk.internal.reflect.NativeMethodAccessorImpl.invoke(NativeMethodAccessorImpl.java:77)
	at java.base/jdk.internal.reflect.DelegatingMethodAccessorImpl.invoke(DelegatingMethodAccessorImpl.java:43)
	at java.base/java.lang.reflect.Method.invoke(Method.java:569)
	at org.codehaus.groovy.reflection.CachedMethod.invoke(CachedMethod.java:107)
	at groovy.lang.MetaMethod.doMethodInvoke(MetaMethod.java:323)
	at org.codehaus.groovy.runtime.callsite.StaticMetaMethodSite.invoke(StaticMetaMethodSite.java:44)
	at org.codehaus.groovy.runtime.callsite.StaticMetaMethodSite.callStatic(StaticMetaMethodSite.java:100)
	at org.codehaus.groovy.runtime.callsite.CallSiteArray.defaultCallStatic(CallSiteArray.java:55)
	at org.codehaus.groovy.runtime.callsite.AbstractCallSite.callStatic(AbstractCallSite.java:217)
	at org.codehaus.groovy.runtime.callsite.AbstractCallSite.callStatic(AbstractCallSite.java:240)
	at main_nf$_run_closure1$_closure2$_closure4.doCall(main.nf.test:29)
	at main_nf$_run_closure1$_closure2$_closure4.doCall(main.nf.test)
	at java.base/jdk.internal.reflect.NativeMethodAccessorImpl.invoke0(Native Method)
	at java.base/jdk.internal.reflect.NativeMethodAccessorImpl.invoke(NativeMethodAccessorImpl.java:77)
	at java.base/jdk.internal.reflect.DelegatingMethodAccessorImpl.invoke(DelegatingMethodAccessorImpl.java:43)
	at java.base/java.lang.reflect.Method.invoke(Method.java:569)
	at org.codehaus.groovy.reflection.CachedMethod.invoke(CachedMethod.java:107)
	at groovy.lang.MetaMethod.doMethodInvoke(MetaMethod.java:323)
	at org.codehaus.groovy.runtime.metaclass.ClosureMetaClass.invokeMethod(ClosureMetaClass.java:274)
	at groovy.lang.MetaClassImpl.invokeMethod(MetaClassImpl.java:1030)
	at groovy.lang.Closure.call(Closure.java:427)
	at groovy.lang.Closure.call(Closure.java:406)
	at com.askimed.nf.test.lang.TestCode.execute(TestCode.java:16)
	at com.askimed.nf.test.lang.process.ProcessTest.execute(ProcessTest.java:171)
	at com.askimed.nf.test.core.TestExecutionEngine.execute(TestExecutionEngine.java:172)
	at com.askimed.nf.test.commands.RunTestsCommand.execute(RunTestsCommand.java:322)
	at com.askimed.nf.test.commands.AbstractCommand.call(AbstractCommand.java:43)
	at com.askimed.nf.test.commands.AbstractCommand.call(AbstractCommand.java:18)
	at picocli.CommandLine.executeUserObject(CommandLine.java:1953)
	at picocli.CommandLine.access$1300(CommandLine.java:145)
	at picocli.CommandLine$RunLast.executeUserObjectOfLastSubcommandWithSameParent(CommandLine.java:2352)
	at picocli.CommandLine$RunLast.handle(CommandLine.java:2346)
	at picocli.CommandLine$RunLast.handle(CommandLine.java:2311)
	at picocli.CommandLine$AbstractParseResultHandler.execute(CommandLine.java:2179)
	at picocli.CommandLine.execute(CommandLine.java:2078)
	at com.askimed.nf.test.App.run(App.java:39)
	at com.askimed.nf.test.App.main(App.java:46)
java.io.EOFException
	at java.base/java.util.zip.GZIPInputStream.readUByte(GZIPInputStream.java:268)
	at java.base/java.util.zip.GZIPInputStream.readUShort(GZIPInputStream.java:258)
	at java.base/java.util.zip.GZIPInputStream.readHeader(GZIPInputStream.java:164)
	at java.base/java.util.zip.GZIPInputStream.<init>(GZIPInputStream.java:79)
	at java.base/java.util.zip.GZIPInputStream.<init>(GZIPInputStream.java:91)
	at com.askimed.nf.test.util.FileUtil.getMd5(FileUtil.java:103)
	at com.askimed.nf.test.lang.extensions.PathExtension.getMd5(PathExtension.java:21)
	at com.askimed.nf.test.lang.extensions.util.PathConverter.serializeFile(PathConverter.java:57)
	at com.askimed.nf.test.lang.extensions.util.PathConverter.convert(PathConverter.java:42)
	at groovy.json.DefaultJsonGenerator.writeObject(DefaultJsonGenerator.java:185)
	at groovy.json.DefaultJsonGenerator.writeObject(DefaultJsonGenerator.java:164)
	at groovy.json.DefaultJsonGenerator.writeIterator(DefaultJsonGenerator.java:396)
	at groovy.json.DefaultJsonGenerator.writeObject(DefaultJsonGenerator.java:202)
	at groovy.json.DefaultJsonGenerator.writeObject(DefaultJsonGenerator.java:164)
	at groovy.json.DefaultJsonGenerator.writeIterator(DefaultJsonGenerator.java:396)
	at groovy.json.DefaultJsonGenerator.writeObject(DefaultJsonGenerator.java:202)
	at groovy.json.DefaultJsonGenerator.writeObject(DefaultJsonGenerator.java:164)
	at groovy.json.DefaultJsonGenerator.writeIterator(DefaultJsonGenerator.java:396)
	at groovy.json.DefaultJsonGenerator.writeObject(DefaultJsonGenerator.java:202)
	at groovy.json.DefaultJsonGenerator.writeObject(DefaultJsonGenerator.java:164)
	at groovy.json.DefaultJsonGenerator.writeIterator(DefaultJsonGenerator.java:396)
	at groovy.json.DefaultJsonGenerator.writeArray(DefaultJsonGenerator.java:279)
	at groovy.json.DefaultJsonGenerator.writeObject(DefaultJsonGenerator.java:221)
	at groovy.json.DefaultJsonGenerator.writeObject(DefaultJsonGenerator.java:164)
	at groovy.json.DefaultJsonGenerator.toJson(DefaultJsonGenerator.java:98)
	at com.askimed.nf.test.lang.extensions.SnapshotFileItem.toString(SnapshotFileItem.java:80)
	at com.askimed.nf.test.lang.extensions.SnapshotFileItem.equals(SnapshotFileItem.java:64)
	at com.askimed.nf.test.lang.extensions.Snapshot.match(Snapshot.java:57)
	at com.askimed.nf.test.lang.extensions.Snapshot.match(Snapshot.java:27)
	at com.askimed.nf.test.lang.extensions.Snapshot$match.call(Unknown Source)
	at org.codehaus.groovy.runtime.callsite.CallSiteArray.defaultCall(CallSiteArray.java:47)
	at org.codehaus.groovy.runtime.callsite.AbstractCallSite.call(AbstractCallSite.java:125)
	at org.codehaus.groovy.runtime.callsite.AbstractCallSite.call(AbstractCallSite.java:130)
	at main_nf$_run_closure1$_closure2$_closure4$_closure7.doCall(main.nf.test:31)
	at main_nf$_run_closure1$_closure2$_closure4$_closure7.doCall(main.nf.test)
	at java.base/jdk.internal.reflect.NativeMethodAccessorImpl.invoke0(Native Method)
	at java.base/jdk.internal.reflect.NativeMethodAccessorImpl.invoke(NativeMethodAccessorImpl.java:77)
	at java.base/jdk.internal.reflect.DelegatingMethodAccessorImpl.invoke(DelegatingMethodAccessorImpl.java:43)
	at java.base/java.lang.reflect.Method.invoke(Method.java:569)
	at org.codehaus.groovy.reflection.CachedMethod.invoke(CachedMethod.java:107)
	at groovy.lang.MetaMethod.doMethodInvoke(MetaMethod.java:323)
	at org.codehaus.groovy.runtime.metaclass.ClosureMetaClass.invokeMethod(ClosureMetaClass.java:274)
	at groovy.lang.MetaClassImpl.invokeMethod(MetaClassImpl.java:1030)
	at groovy.lang.Closure.call(Closure.java:427)
	at groovy.lang.Closure.call(Closure.java:406)
	at com.askimed.nf.test.lang.extensions.GlobalMethods.assertAll(GlobalMethods.java:39)
	at java.base/jdk.internal.reflect.NativeMethodAccessorImpl.invoke0(Native Method)
	at java.base/jdk.internal.reflect.NativeMethodAccessorImpl.invoke(NativeMethodAccessorImpl.java:77)
	at java.base/jdk.internal.reflect.DelegatingMethodAccessorImpl.invoke(DelegatingMethodAccessorImpl.java:43)
	at java.base/java.lang.reflect.Method.invoke(Method.java:569)
	at org.codehaus.groovy.reflection.CachedMethod.invoke(CachedMethod.java:107)
	at groovy.lang.MetaMethod.doMethodInvoke(MetaMethod.java:323)
	at org.codehaus.groovy.runtime.callsite.StaticMetaMethodSite.invoke(StaticMetaMethodSite.java:44)
	at org.codehaus.groovy.runtime.callsite.StaticMetaMethodSite.callStatic(StaticMetaMethodSite.java:100)
	at org.codehaus.groovy.runtime.callsite.CallSiteArray.defaultCallStatic(CallSiteArray.java:55)
	at org.codehaus.groovy.runtime.callsite.AbstractCallSite.callStatic(AbstractCallSite.java:217)
	at org.codehaus.groovy.runtime.callsite.AbstractCallSite.callStatic(AbstractCallSite.java:240)
	at main_nf$_run_closure1$_closure2$_closure4.doCall(main.nf.test:29)
	at main_nf$_run_closure1$_closure2$_closure4.doCall(main.nf.test)
	at java.base/jdk.internal.reflect.NativeMethodAccessorImpl.invoke0(Native Method)
	at java.base/jdk.internal.reflect.NativeMethodAccessorImpl.invoke(NativeMethodAccessorImpl.java:77)
	at java.base/jdk.internal.reflect.DelegatingMethodAccessorImpl.invoke(DelegatingMethodAccessorImpl.java:43)
	at java.base/java.lang.reflect.Method.invoke(Method.java:569)
	at org.codehaus.groovy.reflection.CachedMethod.invoke(CachedMethod.java:107)
	at groovy.lang.MetaMethod.doMethodInvoke(MetaMethod.java:323)
	at org.codehaus.groovy.runtime.metaclass.ClosureMetaClass.invokeMethod(ClosureMetaClass.java:274)
	at groovy.lang.MetaClassImpl.invokeMethod(MetaClassImpl.java:1030)
	at groovy.lang.Closure.call(Closure.java:427)
	at groovy.lang.Closure.call(Closure.java:406)
	at com.askimed.nf.test.lang.TestCode.execute(TestCode.java:16)
	at com.askimed.nf.test.lang.process.ProcessTest.execute(ProcessTest.java:171)
	at com.askimed.nf.test.core.TestExecutionEngine.execute(TestExecutionEngine.java:172)
	at com.askimed.nf.test.commands.RunTestsCommand.execute(RunTestsCommand.java:322)
	at com.askimed.nf.test.commands.AbstractCommand.call(AbstractCommand.java:43)
	at com.askimed.nf.test.commands.AbstractCommand.call(AbstractCommand.java:18)
	at picocli.CommandLine.executeUserObject(CommandLine.java:1953)
	at picocli.CommandLine.access$1300(CommandLine.java:145)
	at picocli.CommandLine$RunLast.executeUserObjectOfLastSubcommandWithSameParent(CommandLine.java:2352)
	at picocli.CommandLine$RunLast.handle(CommandLine.java:2346)
	at picocli.CommandLine$RunLast.handle(CommandLine.java:2311)
	at picocli.CommandLine$AbstractParseResultHandler.execute(CommandLine.java:2179)
	at picocli.CommandLine.execute(CommandLine.java:2078)
	at com.askimed.nf.test.App.run(App.java:39)
	at com.askimed.nf.test.App.main(App.java:46)
java.io.EOFException
	at java.base/java.util.zip.GZIPInputStream.readUByte(GZIPInputStream.java:268)
	at java.base/java.util.zip.GZIPInputStream.readUShort(GZIPInputStream.java:258)
	at java.base/java.util.zip.GZIPInputStream.readHeader(GZIPInputStream.java:164)
	at java.base/java.util.zip.GZIPInputStream.<init>(GZIPInputStream.java:79)
	at java.base/java.util.zip.GZIPInputStream.<init>(GZIPInputStream.java:91)
	at com.askimed.nf.test.util.FileUtil.getMd5(FileUtil.java:103)
	at com.askimed.nf.test.lang.extensions.PathExtension.getMd5(PathExtension.java:21)
	at com.askimed.nf.test.lang.extensions.util.PathConverter.serializeFile(PathConverter.java:57)
	at com.askimed.nf.test.lang.extensions.util.PathConverter.convert(PathConverter.java:42)
	at groovy.json.DefaultJsonGenerator.writeObject(DefaultJsonGenerator.java:185)
	at groovy.json.DefaultJsonGenerator.writeObject(DefaultJsonGenerator.java:164)
	at groovy.json.DefaultJsonGenerator.writeIterator(DefaultJsonGenerator.java:396)
	at groovy.json.DefaultJsonGenerator.writeObject(DefaultJsonGenerator.java:202)
	at groovy.json.DefaultJsonGenerator.writeObject(DefaultJsonGenerator.java:164)
	at groovy.json.DefaultJsonGenerator.writeIterator(DefaultJsonGenerator.java:396)
	at groovy.json.DefaultJsonGenerator.writeObject(DefaultJsonGenerator.java:202)
	at groovy.json.DefaultJsonGenerator.writeObject(DefaultJsonGenerator.java:164)
	at groovy.json.DefaultJsonGenerator.writeIterator(DefaultJsonGenerator.java:396)
	at groovy.json.DefaultJsonGenerator.writeObject(DefaultJsonGenerator.java:202)
	at groovy.json.DefaultJsonGenerator.writeObject(DefaultJsonGenerator.java:164)
	at groovy.json.DefaultJsonGenerator.writeIterator(DefaultJsonGenerator.java:396)
	at groovy.json.DefaultJsonGenerator.writeArray(DefaultJsonGenerator.java:279)
	at groovy.json.DefaultJsonGenerator.writeObject(DefaultJsonGenerator.java:221)
	at groovy.json.DefaultJsonGenerator.writeObject(DefaultJsonGenerator.java:164)
	at groovy.json.DefaultJsonGenerator.toJson(DefaultJsonGenerator.java:98)
	at com.askimed.nf.test.lang.extensions.SnapshotFileItem.toString(SnapshotFileItem.java:80)
	at com.askimed.nf.test.lang.extensions.SnapshotFileItem.equals(SnapshotFileItem.java:64)
	at com.askimed.nf.test.lang.extensions.Snapshot.match(Snapshot.java:57)
	at com.askimed.nf.test.lang.extensions.Snapshot.match(Snapshot.java:27)
	at com.askimed.nf.test.lang.extensions.Snapshot$match.call(Unknown Source)
	at org.codehaus.groovy.runtime.callsite.CallSiteArray.defaultCall(CallSiteArray.java:47)
	at org.codehaus.groovy.runtime.callsite.AbstractCallSite.call(AbstractCallSite.java:125)
	at org.codehaus.groovy.runtime.callsite.AbstractCallSite.call(AbstractCallSite.java:130)
	at main_nf$_run_closure1$_closure2$_closure4$_closure7.doCall(main.nf.test:31)
	at main_nf$_run_closure1$_closure2$_closure4$_closure7.doCall(main.nf.test)
	at java.base/jdk.internal.reflect.NativeMethodAccessorImpl.invoke0(Native Method)
	at java.base/jdk.internal.reflect.NativeMethodAccessorImpl.invoke(NativeMethodAccessorImpl.java:77)
	at java.base/jdk.internal.reflect.DelegatingMethodAccessorImpl.invoke(DelegatingMethodAccessorImpl.java:43)
	at java.base/java.lang.reflect.Method.invoke(Method.java:569)
	at org.codehaus.groovy.reflection.CachedMethod.invoke(CachedMethod.java:107)
	at groovy.lang.MetaMethod.doMethodInvoke(MetaMethod.java:323)
	at org.codehaus.groovy.runtime.metaclass.ClosureMetaClass.invokeMethod(ClosureMetaClass.java:274)
	at groovy.lang.MetaClassImpl.invokeMethod(MetaClassImpl.java:1030)
	at groovy.lang.Closure.call(Closure.java:427)
	at groovy.lang.Closure.call(Closure.java:406)
	at com.askimed.nf.test.lang.extensions.GlobalMethods.assertAll(GlobalMethods.java:39)
	at java.base/jdk.internal.reflect.NativeMethodAccessorImpl.invoke0(Native Method)
	at java.base/jdk.internal.reflect.NativeMethodAccessorImpl.invoke(NativeMethodAccessorImpl.java:77)
	at java.base/jdk.internal.reflect.DelegatingMethodAccessorImpl.invoke(DelegatingMethodAccessorImpl.java:43)
	at java.base/java.lang.reflect.Method.invoke(Method.java:569)
	at org.codehaus.groovy.reflection.CachedMethod.invoke(CachedMethod.java:107)
	at groovy.lang.MetaMethod.doMethodInvoke(MetaMethod.java:323)
	at org.codehaus.groovy.runtime.callsite.StaticMetaMethodSite.invoke(StaticMetaMethodSite.java:44)
	at org.codehaus.groovy.runtime.callsite.StaticMetaMethodSite.callStatic(StaticMetaMethodSite.java:100)
	at org.codehaus.groovy.runtime.callsite.CallSiteArray.defaultCallStatic(CallSiteArray.java:55)
	at org.codehaus.groovy.runtime.callsite.AbstractCallSite.callStatic(AbstractCallSite.java:217)
	at org.codehaus.groovy.runtime.callsite.AbstractCallSite.callStatic(AbstractCallSite.java:240)
	at main_nf$_run_closure1$_closure2$_closure4.doCall(main.nf.test:29)
	at main_nf$_run_closure1$_closure2$_closure4.doCall(main.nf.test)
	at java.base/jdk.internal.reflect.NativeMethodAccessorImpl.invoke0(Native Method)
	at java.base/jdk.internal.reflect.NativeMethodAccessorImpl.invoke(NativeMethodAccessorImpl.java:77)
	at java.base/jdk.internal.reflect.DelegatingMethodAccessorImpl.invoke(DelegatingMethodAccessorImpl.java:43)
	at java.base/java.lang.reflect.Method.invoke(Method.java:569)
	at org.codehaus.groovy.reflection.CachedMethod.invoke(CachedMethod.java:107)
	at groovy.lang.MetaMethod.doMethodInvoke(MetaMethod.java:323)
	at org.codehaus.groovy.runtime.metaclass.ClosureMetaClass.invokeMethod(ClosureMetaClass.java:274)
	at groovy.lang.MetaClassImpl.invokeMethod(MetaClassImpl.java:1030)
	at groovy.lang.Closure.call(Closure.java:427)
	at groovy.lang.Closure.call(Closure.java:406)
	at com.askimed.nf.test.lang.TestCode.execute(TestCode.java:16)
	at com.askimed.nf.test.lang.process.ProcessTest.execute(ProcessTest.java:171)
	at com.askimed.nf.test.core.TestExecutionEngine.execute(TestExecutionEngine.java:172)
	at com.askimed.nf.test.commands.RunTestsCommand.execute(RunTestsCommand.java:322)
	at com.askimed.nf.test.commands.AbstractCommand.call(AbstractCommand.java:43)
	at com.askimed.nf.test.commands.AbstractCommand.call(AbstractCommand.java:18)
	at picocli.CommandLine.executeUserObject(CommandLine.java:1953)
	at picocli.CommandLine.access$1300(CommandLine.java:145)
	at picocli.CommandLine$RunLast.executeUserObjectOfLastSubcommandWithSameParent(CommandLine.java:2352)
	at picocli.CommandLine$RunLast.handle(CommandLine.java:2346)
	at picocli.CommandLine$RunLast.handle(CommandLine.java:2311)
	at picocli.CommandLine$AbstractParseResultHandler.execute(CommandLine.java:2179)
	at picocli.CommandLine.execute(CommandLine.java:2078)
	at com.askimed.nf.test.App.run(App.java:39)
	at com.askimed.nf.test.App.main(App.java:46)
java.io.EOFException
	at java.base/java.util.zip.GZIPInputStream.readUByte(GZIPInputStream.java:268)
	at java.base/java.util.zip.GZIPInputStream.readUShort(GZIPInputStream.java:258)
	at java.base/java.util.zip.GZIPInputStream.readHeader(GZIPInputStream.java:164)
	at java.base/java.util.zip.GZIPInputStream.<init>(GZIPInputStream.java:79)
	at java.base/java.util.zip.GZIPInputStream.<init>(GZIPInputStream.java:91)
	at com.askimed.nf.test.util.FileUtil.getMd5(FileUtil.java:103)
	at com.askimed.nf.test.lang.extensions.PathExtension.getMd5(PathExtension.java:21)
	at com.askimed.nf.test.lang.extensions.util.PathConverter.serializeFile(PathConverter.java:57)
	at com.askimed.nf.test.lang.extensions.util.PathConverter.convert(PathConverter.java:42)
	at groovy.json.DefaultJsonGenerator.writeObject(DefaultJsonGenerator.java:185)
	at groovy.json.DefaultJsonGenerator.writeObject(DefaultJsonGenerator.java:164)
	at groovy.json.DefaultJsonGenerator.writeIterator(DefaultJsonGenerator.java:396)
	at groovy.json.DefaultJsonGenerator.writeObject(DefaultJsonGenerator.java:202)
	at groovy.json.DefaultJsonGenerator.writeObject(DefaultJsonGenerator.java:164)
	at groovy.json.DefaultJsonGenerator.writeIterator(DefaultJsonGenerator.java:396)
	at groovy.json.DefaultJsonGenerator.writeObject(DefaultJsonGenerator.java:202)
	at groovy.json.DefaultJsonGenerator.writeObject(DefaultJsonGenerator.java:164)
	at groovy.json.DefaultJsonGenerator.writeIterator(DefaultJsonGenerator.java:396)
	at groovy.json.DefaultJsonGenerator.writeObject(DefaultJsonGenerator.java:202)
	at groovy.json.DefaultJsonGenerator.writeObject(DefaultJsonGenerator.java:164)
	at groovy.json.DefaultJsonGenerator.writeIterator(DefaultJsonGenerator.java:396)
	at groovy.json.DefaultJsonGenerator.writeArray(DefaultJsonGenerator.java:279)
	at groovy.json.DefaultJsonGenerator.writeObject(DefaultJsonGenerator.java:221)
	at groovy.json.DefaultJsonGenerator.writeObject(DefaultJsonGenerator.java:164)
	at groovy.json.DefaultJsonGenerator.toJson(DefaultJsonGenerator.java:98)
	at com.askimed.nf.test.lang.extensions.SnapshotFileItem.toString(SnapshotFileItem.java:80)
	at com.askimed.nf.test.lang.extensions.SnapshotFileItem.equals(SnapshotFileItem.java:64)
	at com.askimed.nf.test.lang.extensions.Snapshot.match(Snapshot.java:57)
	at com.askimed.nf.test.lang.extensions.Snapshot.match(Snapshot.java:27)
	at com.askimed.nf.test.lang.extensions.Snapshot$match.call(Unknown Source)
	at org.codehaus.groovy.runtime.callsite.CallSiteArray.defaultCall(CallSiteArray.java:47)
	at org.codehaus.groovy.runtime.callsite.AbstractCallSite.call(AbstractCallSite.java:125)
	at org.codehaus.groovy.runtime.callsite.AbstractCallSite.call(AbstractCallSite.java:130)
	at main_nf$_run_closure1$_closure2$_closure4$_closure7.doCall(main.nf.test:31)
	at main_nf$_run_closure1$_closure2$_closure4$_closure7.doCall(main.nf.test)
	at java.base/jdk.internal.reflect.NativeMethodAccessorImpl.invoke0(Native Method)
	at java.base/jdk.internal.reflect.NativeMethodAccessorImpl.invoke(NativeMethodAccessorImpl.java:77)
	at java.base/jdk.internal.reflect.DelegatingMethodAccessorImpl.invoke(DelegatingMethodAccessorImpl.java:43)
	at java.base/java.lang.reflect.Method.invoke(Method.java:569)
	at org.codehaus.groovy.reflection.CachedMethod.invoke(CachedMethod.java:107)
	at groovy.lang.MetaMethod.doMethodInvoke(MetaMethod.java:323)
	at org.codehaus.groovy.runtime.metaclass.ClosureMetaClass.invokeMethod(ClosureMetaClass.java:274)
	at groovy.lang.MetaClassImpl.invokeMethod(MetaClassImpl.java:1030)
	at groovy.lang.Closure.call(Closure.java:427)
	at groovy.lang.Closure.call(Closure.java:406)
	at com.askimed.nf.test.lang.extensions.GlobalMethods.assertAll(GlobalMethods.java:39)
	at java.base/jdk.internal.reflect.NativeMethodAccessorImpl.invoke0(Native Method)
	at java.base/jdk.internal.reflect.NativeMethodAccessorImpl.invoke(NativeMethodAccessorImpl.java:77)
	at java.base/jdk.internal.reflect.DelegatingMethodAccessorImpl.invoke(DelegatingMethodAccessorImpl.java:43)
	at java.base/java.lang.reflect.Method.invoke(Method.java:569)
	at org.codehaus.groovy.reflection.CachedMethod.invoke(CachedMethod.java:107)
	at groovy.lang.MetaMethod.doMethodInvoke(MetaMethod.java:323)
	at org.codehaus.groovy.runtime.callsite.StaticMetaMethodSite.invoke(StaticMetaMethodSite.java:44)
	at org.codehaus.groovy.runtime.callsite.StaticMetaMethodSite.callStatic(StaticMetaMethodSite.java:100)
	at org.codehaus.groovy.runtime.callsite.CallSiteArray.defaultCallStatic(CallSiteArray.java:55)
	at org.codehaus.groovy.runtime.callsite.AbstractCallSite.callStatic(AbstractCallSite.java:217)
	at org.codehaus.groovy.runtime.callsite.AbstractCallSite.callStatic(AbstractCallSite.java:240)
	at main_nf$_run_closure1$_closure2$_closure4.doCall(main.nf.test:29)
	at main_nf$_run_closure1$_closure2$_closure4.doCall(main.nf.test)
	at java.base/jdk.internal.reflect.NativeMethodAccessorImpl.invoke0(Native Method)
	at java.base/jdk.internal.reflect.NativeMethodAccessorImpl.invoke(NativeMethodAccessorImpl.java:77)
	at java.base/jdk.internal.reflect.DelegatingMethodAccessorImpl.invoke(DelegatingMethodAccessorImpl.java:43)
	at java.base/java.lang.reflect.Method.invoke(Method.java:569)
	at org.codehaus.groovy.reflection.CachedMethod.invoke(CachedMethod.java:107)
	at groovy.lang.MetaMethod.doMethodInvoke(MetaMethod.java:323)
	at org.codehaus.groovy.runtime.metaclass.ClosureMetaClass.invokeMethod(ClosureMetaClass.java:274)
	at groovy.lang.MetaClassImpl.invokeMethod(MetaClassImpl.java:1030)
	at groovy.lang.Closure.call(Closure.java:427)
	at groovy.lang.Closure.call(Closure.java:406)
	at com.askimed.nf.test.lang.TestCode.execute(TestCode.java:16)
	at com.askimed.nf.test.lang.process.ProcessTest.execute(ProcessTest.java:171)
	at com.askimed.nf.test.core.TestExecutionEngine.execute(TestExecutionEngine.java:172)
	at com.askimed.nf.test.commands.RunTestsCommand.execute(RunTestsCommand.java:322)
	at com.askimed.nf.test.commands.AbstractCommand.call(AbstractCommand.java:43)
	at com.askimed.nf.test.commands.AbstractCommand.call(AbstractCommand.java:18)
	at picocli.CommandLine.executeUserObject(CommandLine.java:1953)
	at picocli.CommandLine.access$1300(CommandLine.java:145)
	at picocli.CommandLine$RunLast.executeUserObjectOfLastSubcommandWithSameParent(CommandLine.java:2352)
	at picocli.CommandLine$RunLast.handle(CommandLine.java:2346)
	at picocli.CommandLine$RunLast.handle(CommandLine.java:2311)
	at picocli.CommandLine$AbstractParseResultHandler.execute(CommandLine.java:2179)
	at picocli.CommandLine.execute(CommandLine.java:2078)
	at com.askimed.nf.test.App.run(App.java:39)
	at com.askimed.nf.test.App.main(App.java:46)
java.io.EOFException
	at java.base/java.util.zip.GZIPInputStream.readUByte(GZIPInputStream.java:268)
	at java.base/java.util.zip.GZIPInputStream.readUShort(GZIPInputStream.java:258)
	at java.base/java.util.zip.GZIPInputStream.readHeader(GZIPInputStream.java:164)
	at java.base/java.util.zip.GZIPInputStream.<init>(GZIPInputStream.java:79)
	at java.base/java.util.zip.GZIPInputStream.<init>(GZIPInputStream.java:91)
	at com.askimed.nf.test.util.FileUtil.getMd5(FileUtil.java:103)
	at com.askimed.nf.test.lang.extensions.PathExtension.getMd5(PathExtension.java:21)
	at com.askimed.nf.test.lang.extensions.util.PathConverter.serializeFile(PathConverter.java:57)
	at com.askimed.nf.test.lang.extensions.util.PathConverter.convert(PathConverter.java:42)
	at groovy.json.DefaultJsonGenerator.writeObject(DefaultJsonGenerator.java:185)
	at groovy.json.DefaultJsonGenerator.writeObject(DefaultJsonGenerator.java:164)
	at groovy.json.DefaultJsonGenerator.writeIterator(DefaultJsonGenerator.java:396)
	at groovy.json.DefaultJsonGenerator.writeObject(DefaultJsonGenerator.java:202)
	at groovy.json.DefaultJsonGenerator.writeObject(DefaultJsonGenerator.java:164)
	at groovy.json.DefaultJsonGenerator.writeIterator(DefaultJsonGenerator.java:396)
	at groovy.json.DefaultJsonGenerator.writeObject(DefaultJsonGenerator.java:202)
	at groovy.json.DefaultJsonGenerator.writeObject(DefaultJsonGenerator.java:164)
	at groovy.json.DefaultJsonGenerator.writeIterator(DefaultJsonGenerator.java:396)
	at groovy.json.DefaultJsonGenerator.writeObject(DefaultJsonGenerator.java:202)
	at groovy.json.DefaultJsonGenerator.writeObject(DefaultJsonGenerator.java:164)
	at groovy.json.DefaultJsonGenerator.writeIterator(DefaultJsonGenerator.java:396)
	at groovy.json.DefaultJsonGenerator.writeArray(DefaultJsonGenerator.java:279)
	at groovy.json.DefaultJsonGenerator.writeObject(DefaultJsonGenerator.java:221)
	at groovy.json.DefaultJsonGenerator.writeObject(DefaultJsonGenerator.java:164)
	at groovy.json.DefaultJsonGenerator.toJson(DefaultJsonGenerator.java:98)
	at com.askimed.nf.test.lang.extensions.SnapshotFileItem.toString(SnapshotFileItem.java:80)
	at com.askimed.nf.test.lang.extensions.SnapshotFileItem.equals(SnapshotFileItem.java:64)
	at com.askimed.nf.test.lang.extensions.Snapshot.match(Snapshot.java:57)
	at com.askimed.nf.test.lang.extensions.Snapshot.match(Snapshot.java:27)
	at com.askimed.nf.test.lang.extensions.Snapshot$match.call(Unknown Source)
	at org.codehaus.groovy.runtime.callsite.CallSiteArray.defaultCall(CallSiteArray.java:47)
	at org.codehaus.groovy.runtime.callsite.AbstractCallSite.call(AbstractCallSite.java:125)
	at org.codehaus.groovy.runtime.callsite.AbstractCallSite.call(AbstractCallSite.java:130)
	at main_nf$_run_closure1$_closure2$_closure4$_closure7.doCall(main.nf.test:31)
	at main_nf$_run_closure1$_closure2$_closure4$_closure7.doCall(main.nf.test)
	at java.base/jdk.internal.reflect.NativeMethodAccessorImpl.invoke0(Native Method)
	at java.base/jdk.internal.reflect.NativeMethodAccessorImpl.invoke(NativeMethodAccessorImpl.java:77)
	at java.base/jdk.internal.reflect.DelegatingMethodAccessorImpl.invoke(DelegatingMethodAccessorImpl.java:43)
	at java.base/java.lang.reflect.Method.invoke(Method.java:569)
	at org.codehaus.groovy.reflection.CachedMethod.invoke(CachedMethod.java:107)
	at groovy.lang.MetaMethod.doMethodInvoke(MetaMethod.java:323)
	at org.codehaus.groovy.runtime.metaclass.ClosureMetaClass.invokeMethod(ClosureMetaClass.java:274)
	at groovy.lang.MetaClassImpl.invokeMethod(MetaClassImpl.java:1030)
	at groovy.lang.Closure.call(Closure.java:427)
	at groovy.lang.Closure.call(Closure.java:406)
	at com.askimed.nf.test.lang.extensions.GlobalMethods.assertAll(GlobalMethods.java:39)
	at java.base/jdk.internal.reflect.NativeMethodAccessorImpl.invoke0(Native Method)
	at java.base/jdk.internal.reflect.NativeMethodAccessorImpl.invoke(NativeMethodAccessorImpl.java:77)
	at java.base/jdk.internal.reflect.DelegatingMethodAccessorImpl.invoke(DelegatingMethodAccessorImpl.java:43)
	at java.base/java.lang.reflect.Method.invoke(Method.java:569)
	at org.codehaus.groovy.reflection.CachedMethod.invoke(CachedMethod.java:107)
	at groovy.lang.MetaMethod.doMethodInvoke(MetaMethod.java:323)
	at org.codehaus.groovy.runtime.callsite.StaticMetaMethodSite.invoke(StaticMetaMethodSite.java:44)
	at org.codehaus.groovy.runtime.callsite.StaticMetaMethodSite.callStatic(StaticMetaMethodSite.java:100)
	at org.codehaus.groovy.runtime.callsite.CallSiteArray.defaultCallStatic(CallSiteArray.java:55)
	at org.codehaus.groovy.runtime.callsite.AbstractCallSite.callStatic(AbstractCallSite.java:217)
	at org.codehaus.groovy.runtime.callsite.AbstractCallSite.callStatic(AbstractCallSite.java:240)
	at main_nf$_run_closure1$_closure2$_closure4.doCall(main.nf.test:29)
	at main_nf$_run_closure1$_closure2$_closure4.doCall(main.nf.test)
	at java.base/jdk.internal.reflect.NativeMethodAccessorImpl.invoke0(Native Method)
	at java.base/jdk.internal.reflect.NativeMethodAccessorImpl.invoke(NativeMethodAccessorImpl.java:77)
	at java.base/jdk.internal.reflect.DelegatingMethodAccessorImpl.invoke(DelegatingMethodAccessorImpl.java:43)
	at java.base/java.lang.reflect.Method.invoke(Method.java:569)
	at org.codehaus.groovy.reflection.CachedMethod.invoke(CachedMethod.java:107)
	at groovy.lang.MetaMethod.doMethodInvoke(MetaMethod.java:323)
	at org.codehaus.groovy.runtime.metaclass.ClosureMetaClass.invokeMethod(ClosureMetaClass.java:274)
	at groovy.lang.MetaClassImpl.invokeMethod(MetaClassImpl.java:1030)
	at groovy.lang.Closure.call(Closure.java:427)
	at groovy.lang.Closure.call(Closure.java:406)
	at com.askimed.nf.test.lang.TestCode.execute(TestCode.java:16)
	at com.askimed.nf.test.lang.process.ProcessTest.execute(ProcessTest.java:171)
	at com.askimed.nf.test.core.TestExecutionEngine.execute(TestExecutionEngine.java:172)
	at com.askimed.nf.test.commands.RunTestsCommand.execute(RunTestsCommand.java:322)
	at com.askimed.nf.test.commands.AbstractCommand.call(AbstractCommand.java:43)
	at com.askimed.nf.test.commands.AbstractCommand.call(AbstractCommand.java:18)
	at picocli.CommandLine.executeUserObject(CommandLine.java:1953)
	at picocli.CommandLine.access$1300(CommandLine.java:145)
	at picocli.CommandLine$RunLast.executeUserObjectOfLastSubcommandWithSameParent(CommandLine.java:2352)
	at picocli.CommandLine$RunLast.handle(CommandLine.java:2346)
	at picocli.CommandLine$RunLast.handle(CommandLine.java:2311)
	at picocli.CommandLine$AbstractParseResultHandler.execute(CommandLine.java:2179)
	at picocli.CommandLine.execute(CommandLine.java:2078)
	at com.askimed.nf.test.App.run(App.java:39)
	at com.askimed.nf.test.App.main(App.java:46)
java.io.EOFException
	at java.base/java.util.zip.GZIPInputStream.readUByte(GZIPInputStream.java:268)
	at java.base/java.util.zip.GZIPInputStream.readUShort(GZIPInputStream.java:258)
	at java.base/java.util.zip.GZIPInputStream.readHeader(GZIPInputStream.java:164)
	at java.base/java.util.zip.GZIPInputStream.<init>(GZIPInputStream.java:79)
	at java.base/java.util.zip.GZIPInputStream.<init>(GZIPInputStream.java:91)
	at com.askimed.nf.test.util.FileUtil.getMd5(FileUtil.java:103)
	at com.askimed.nf.test.lang.extensions.PathExtension.getMd5(PathExtension.java:21)
	at com.askimed.nf.test.lang.extensions.util.PathConverter.serializeFile(PathConverter.java:57)
	at com.askimed.nf.test.lang.extensions.util.PathConverter.convert(PathConverter.java:42)
	at groovy.json.DefaultJsonGenerator.writeObject(DefaultJsonGenerator.java:185)
	at groovy.json.DefaultJsonGenerator.writeObject(DefaultJsonGenerator.java:164)
	at groovy.json.DefaultJsonGenerator.writeIterator(DefaultJsonGenerator.java:396)
	at groovy.json.DefaultJsonGenerator.writeObject(DefaultJsonGenerator.java:202)
	at groovy.json.DefaultJsonGenerator.writeObject(DefaultJsonGenerator.java:164)
	at groovy.json.DefaultJsonGenerator.writeIterator(DefaultJsonGenerator.java:396)
	at groovy.json.DefaultJsonGenerator.writeObject(DefaultJsonGenerator.java:202)
	at groovy.json.DefaultJsonGenerator.writeObject(DefaultJsonGenerator.java:164)
	at groovy.json.DefaultJsonGenerator.writeIterator(DefaultJsonGenerator.java:396)
	at groovy.json.DefaultJsonGenerator.writeObject(DefaultJsonGenerator.java:202)
	at groovy.json.DefaultJsonGenerator.writeObject(DefaultJsonGenerator.java:164)
	at groovy.json.DefaultJsonGenerator.writeIterator(DefaultJsonGenerator.java:396)
	at groovy.json.DefaultJsonGenerator.writeArray(DefaultJsonGenerator.java:279)
	at groovy.json.DefaultJsonGenerator.writeObject(DefaultJsonGenerator.java:221)
	at groovy.json.DefaultJsonGenerator.writeObject(DefaultJsonGenerator.java:164)
	at groovy.json.DefaultJsonGenerator.toJson(DefaultJsonGenerator.java:98)
	at com.askimed.nf.test.lang.extensions.SnapshotFileItem.toString(SnapshotFileItem.java:80)
	at com.askimed.nf.test.lang.extensions.SnapshotFileItem.equals(SnapshotFileItem.java:64)
	at com.askimed.nf.test.lang.extensions.Snapshot.match(Snapshot.java:57)
	at com.askimed.nf.test.lang.extensions.Snapshot.match(Snapshot.java:27)
	at com.askimed.nf.test.lang.extensions.Snapshot$match.call(Unknown Source)
	at org.codehaus.groovy.runtime.callsite.CallSiteArray.defaultCall(CallSiteArray.java:47)
	at org.codehaus.groovy.runtime.callsite.AbstractCallSite.call(AbstractCallSite.java:125)
	at org.codehaus.groovy.runtime.callsite.AbstractCallSite.call(AbstractCallSite.java:130)
	at main_nf$_run_closure1$_closure2$_closure4$_closure7.doCall(main.nf.test:31)
	at main_nf$_run_closure1$_closure2$_closure4$_closure7.doCall(main.nf.test)
	at java.base/jdk.internal.reflect.NativeMethodAccessorImpl.invoke0(Native Method)
	at java.base/jdk.internal.reflect.NativeMethodAccessorImpl.invoke(NativeMethodAccessorImpl.java:77)
	at java.base/jdk.internal.reflect.DelegatingMethodAccessorImpl.invoke(DelegatingMethodAccessorImpl.java:43)
	at java.base/java.lang.reflect.Method.invoke(Method.java:569)
	at org.codehaus.groovy.reflection.CachedMethod.invoke(CachedMethod.java:107)
	at groovy.lang.MetaMethod.doMethodInvoke(MetaMethod.java:323)
	at org.codehaus.groovy.runtime.metaclass.ClosureMetaClass.invokeMethod(ClosureMetaClass.java:274)
	at groovy.lang.MetaClassImpl.invokeMethod(MetaClassImpl.java:1030)
	at groovy.lang.Closure.call(Closure.java:427)
	at groovy.lang.Closure.call(Closure.java:406)
	at com.askimed.nf.test.lang.extensions.GlobalMethods.assertAll(GlobalMethods.java:39)
	at java.base/jdk.internal.reflect.NativeMethodAccessorImpl.invoke0(Native Method)
	at java.base/jdk.internal.reflect.NativeMethodAccessorImpl.invoke(NativeMethodAccessorImpl.java:77)
	at java.base/jdk.internal.reflect.DelegatingMethodAccessorImpl.invoke(DelegatingMethodAccessorImpl.java:43)
	at java.base/java.lang.reflect.Method.invoke(Method.java:569)
	at org.codehaus.groovy.reflection.CachedMethod.invoke(CachedMethod.java:107)
	at groovy.lang.MetaMethod.doMethodInvoke(MetaMethod.java:323)
	at org.codehaus.groovy.runtime.callsite.StaticMetaMethodSite.invoke(StaticMetaMethodSite.java:44)
	at org.codehaus.groovy.runtime.callsite.StaticMetaMethodSite.callStatic(StaticMetaMethodSite.java:100)
	at org.codehaus.groovy.runtime.callsite.CallSiteArray.defaultCallStatic(CallSiteArray.java:55)
	at org.codehaus.groovy.runtime.callsite.AbstractCallSite.callStatic(AbstractCallSite.java:217)
	at org.codehaus.groovy.runtime.callsite.AbstractCallSite.callStatic(AbstractCallSite.java:240)
	at main_nf$_run_closure1$_closure2$_closure4.doCall(main.nf.test:29)
	at main_nf$_run_closure1$_closure2$_closure4.doCall(main.nf.test)
	at java.base/jdk.internal.reflect.NativeMethodAccessorImpl.invoke0(Native Method)
	at java.base/jdk.internal.reflect.NativeMethodAccessorImpl.invoke(NativeMethodAccessorImpl.java:77)
	at java.base/jdk.internal.reflect.DelegatingMethodAccessorImpl.invoke(DelegatingMethodAccessorImpl.java:43)
	at java.base/java.lang.reflect.Method.invoke(Method.java:569)
	at org.codehaus.groovy.reflection.CachedMethod.invoke(CachedMethod.java:107)
	at groovy.lang.MetaMethod.doMethodInvoke(MetaMethod.java:323)
	at org.codehaus.groovy.runtime.metaclass.ClosureMetaClass.invokeMethod(ClosureMetaClass.java:274)
	at groovy.lang.MetaClassImpl.invokeMethod(MetaClassImpl.java:1030)
	at groovy.lang.Closure.call(Closure.java:427)
	at groovy.lang.Closure.call(Closure.java:406)
	at com.askimed.nf.test.lang.TestCode.execute(TestCode.java:16)
	at com.askimed.nf.test.lang.process.ProcessTest.execute(ProcessTest.java:171)
	at com.askimed.nf.test.core.TestExecutionEngine.execute(TestExecutionEngine.java:172)
	at com.askimed.nf.test.commands.RunTestsCommand.execute(RunTestsCommand.java:322)
	at com.askimed.nf.test.commands.AbstractCommand.call(AbstractCommand.java:43)
	at com.askimed.nf.test.commands.AbstractCommand.call(AbstractCommand.java:18)
	at picocli.CommandLine.executeUserObject(CommandLine.java:1953)
	at picocli.CommandLine.access$1300(CommandLine.java:145)
	at picocli.CommandLine$RunLast.executeUserObjectOfLastSubcommandWithSameParent(CommandLine.java:2352)
	at picocli.CommandLine$RunLast.handle(CommandLine.java:2346)
	at picocli.CommandLine$RunLast.handle(CommandLine.java:2311)
	at picocli.CommandLine$AbstractParseResultHandler.execute(CommandLine.java:2179)
	at picocli.CommandLine.execute(CommandLine.java:2078)
	at com.askimed.nf.test.App.run(App.java:39)
	at com.askimed.nf.test.App.main(App.java:46)
java.io.EOFException
	at java.base/java.util.zip.GZIPInputStream.readUByte(GZIPInputStream.java:268)
	at java.base/java.util.zip.GZIPInputStream.readUShort(GZIPInputStream.java:258)
	at java.base/java.util.zip.GZIPInputStream.readHeader(GZIPInputStream.java:164)
	at java.base/java.util.zip.GZIPInputStream.<init>(GZIPInputStream.java:79)
	at java.base/java.util.zip.GZIPInputStream.<init>(GZIPInputStream.java:91)
	at com.askimed.nf.test.util.FileUtil.getMd5(FileUtil.java:103)
	at com.askimed.nf.test.lang.extensions.PathExtension.getMd5(PathExtension.java:21)
	at com.askimed.nf.test.lang.extensions.util.PathConverter.serializeFile(PathConverter.java:57)
	at com.askimed.nf.test.lang.extensions.util.PathConverter.convert(PathConverter.java:42)
	at groovy.json.DefaultJsonGenerator.writeObject(DefaultJsonGenerator.java:185)
	at groovy.json.DefaultJsonGenerator.writeObject(DefaultJsonGenerator.java:164)
	at groovy.json.DefaultJsonGenerator.writeIterator(DefaultJsonGenerator.java:396)
	at groovy.json.DefaultJsonGenerator.writeObject(DefaultJsonGenerator.java:202)
	at groovy.json.DefaultJsonGenerator.writeObject(DefaultJsonGenerator.java:164)
	at groovy.json.DefaultJsonGenerator.writeIterator(DefaultJsonGenerator.java:396)
	at groovy.json.DefaultJsonGenerator.writeObject(DefaultJsonGenerator.java:202)
	at groovy.json.DefaultJsonGenerator.writeObject(DefaultJsonGenerator.java:164)
	at groovy.json.DefaultJsonGenerator.writeIterator(DefaultJsonGenerator.java:396)
	at groovy.json.DefaultJsonGenerator.writeObject(DefaultJsonGenerator.java:202)
	at groovy.json.DefaultJsonGenerator.writeObject(DefaultJsonGenerator.java:164)
	at groovy.json.DefaultJsonGenerator.writeIterator(DefaultJsonGenerator.java:396)
	at groovy.json.DefaultJsonGenerator.writeArray(DefaultJsonGenerator.java:279)
	at groovy.json.DefaultJsonGenerator.writeObject(DefaultJsonGenerator.java:221)
	at groovy.json.DefaultJsonGenerator.writeObject(DefaultJsonGenerator.java:164)
	at groovy.json.DefaultJsonGenerator.toJson(DefaultJsonGenerator.java:98)
	at com.askimed.nf.test.lang.extensions.SnapshotFileItem.toString(SnapshotFileItem.java:80)
	at com.askimed.nf.test.lang.extensions.SnapshotFileItem.equals(SnapshotFileItem.java:64)
	at com.askimed.nf.test.lang.extensions.Snapshot.match(Snapshot.java:57)
	at com.askimed.nf.test.lang.extensions.Snapshot.match(Snapshot.java:27)
	at com.askimed.nf.test.lang.extensions.Snapshot$match.call(Unknown Source)
	at org.codehaus.groovy.runtime.callsite.CallSiteArray.defaultCall(CallSiteArray.java:47)
	at org.codehaus.groovy.runtime.callsite.AbstractCallSite.call(AbstractCallSite.java:125)
	at org.codehaus.groovy.runtime.callsite.AbstractCallSite.call(AbstractCallSite.java:130)
	at main_nf$_run_closure1$_closure2$_closure4$_closure7.doCall(main.nf.test:31)
	at main_nf$_run_closure1$_closure2$_closure4$_closure7.doCall(main.nf.test)
	at java.base/jdk.internal.reflect.NativeMethodAccessorImpl.invoke0(Native Method)
	at java.base/jdk.internal.reflect.NativeMethodAccessorImpl.invoke(NativeMethodAccessorImpl.java:77)
	at java.base/jdk.internal.reflect.DelegatingMethodAccessorImpl.invoke(DelegatingMethodAccessorImpl.java:43)
	at java.base/java.lang.reflect.Method.invoke(Method.java:569)
	at org.codehaus.groovy.reflection.CachedMethod.invoke(CachedMethod.java:107)
	at groovy.lang.MetaMethod.doMethodInvoke(MetaMethod.java:323)
	at org.codehaus.groovy.runtime.metaclass.ClosureMetaClass.invokeMethod(ClosureMetaClass.java:274)
	at groovy.lang.MetaClassImpl.invokeMethod(MetaClassImpl.java:1030)
	at groovy.lang.Closure.call(Closure.java:427)
	at groovy.lang.Closure.call(Closure.java:406)
	at com.askimed.nf.test.lang.extensions.GlobalMethods.assertAll(GlobalMethods.java:39)
	at java.base/jdk.internal.reflect.NativeMethodAccessorImpl.invoke0(Native Method)
	at java.base/jdk.internal.reflect.NativeMethodAccessorImpl.invoke(NativeMethodAccessorImpl.java:77)
	at java.base/jdk.internal.reflect.DelegatingMethodAccessorImpl.invoke(DelegatingMethodAccessorImpl.java:43)
	at java.base/java.lang.reflect.Method.invoke(Method.java:569)
	at org.codehaus.groovy.reflection.CachedMethod.invoke(CachedMethod.java:107)
	at groovy.lang.MetaMethod.doMethodInvoke(MetaMethod.java:323)
	at org.codehaus.groovy.runtime.callsite.StaticMetaMethodSite.invoke(StaticMetaMethodSite.java:44)
	at org.codehaus.groovy.runtime.callsite.StaticMetaMethodSite.callStatic(StaticMetaMethodSite.java:100)
	at org.codehaus.groovy.runtime.callsite.CallSiteArray.defaultCallStatic(CallSiteArray.java:55)
	at org.codehaus.groovy.runtime.callsite.AbstractCallSite.callStatic(AbstractCallSite.java:217)
	at org.codehaus.groovy.runtime.callsite.AbstractCallSite.callStatic(AbstractCallSite.java:240)
	at main_nf$_run_closure1$_closure2$_closure4.doCall(main.nf.test:29)
	at main_nf$_run_closure1$_closure2$_closure4.doCall(main.nf.test)
	at java.base/jdk.internal.reflect.NativeMethodAccessorImpl.invoke0(Native Method)
	at java.base/jdk.internal.reflect.NativeMethodAccessorImpl.invoke(NativeMethodAccessorImpl.java:77)
	at java.base/jdk.internal.reflect.DelegatingMethodAccessorImpl.invoke(DelegatingMethodAccessorImpl.java:43)
	at java.base/java.lang.reflect.Method.invoke(Method.java:569)
	at org.codehaus.groovy.reflection.CachedMethod.invoke(CachedMethod.java:107)
	at groovy.lang.MetaMethod.doMethodInvoke(MetaMethod.java:323)
	at org.codehaus.groovy.runtime.metaclass.ClosureMetaClass.invokeMethod(ClosureMetaClass.java:274)
	at groovy.lang.MetaClassImpl.invokeMethod(MetaClassImpl.java:1030)
	at groovy.lang.Closure.call(Closure.java:427)
	at groovy.lang.Closure.call(Closure.java:406)
	at com.askimed.nf.test.lang.TestCode.execute(TestCode.java:16)
	at com.askimed.nf.test.lang.process.ProcessTest.execute(ProcessTest.java:171)
	at com.askimed.nf.test.core.TestExecutionEngine.execute(TestExecutionEngine.java:172)
	at com.askimed.nf.test.commands.RunTestsCommand.execute(RunTestsCommand.java:322)
	at com.askimed.nf.test.commands.AbstractCommand.call(AbstractCommand.java:43)
	at com.askimed.nf.test.commands.AbstractCommand.call(AbstractCommand.java:18)
	at picocli.CommandLine.executeUserObject(CommandLine.java:1953)
	at picocli.CommandLine.access$1300(CommandLine.java:145)
	at picocli.CommandLine$RunLast.executeUserObjectOfLastSubcommandWithSameParent(CommandLine.java:2352)
	at picocli.CommandLine$RunLast.handle(CommandLine.java:2346)
	at picocli.CommandLine$RunLast.handle(CommandLine.java:2311)
	at picocli.CommandLine$AbstractParseResultHandler.execute(CommandLine.java:2179)
	at picocli.CommandLine.execute(CommandLine.java:2078)
	at com.askimed.nf.test.App.run(App.java:39)
	at com.askimed.nf.test.App.main(App.java:46)
java.io.EOFException
	at java.base/java.util.zip.GZIPInputStream.readUByte(GZIPInputStream.java:268)
	at java.base/java.util.zip.GZIPInputStream.readUShort(GZIPInputStream.java:258)
	at java.base/java.util.zip.GZIPInputStream.readHeader(GZIPInputStream.java:164)
	at java.base/java.util.zip.GZIPInputStream.<init>(GZIPInputStream.java:79)
	at java.base/java.util.zip.GZIPInputStream.<init>(GZIPInputStream.java:91)
	at com.askimed.nf.test.util.FileUtil.getMd5(FileUtil.java:103)
	at com.askimed.nf.test.lang.extensions.PathExtension.getMd5(PathExtension.java:21)
	at com.askimed.nf.test.lang.extensions.util.PathConverter.serializeFile(PathConverter.java:57)
	at com.askimed.nf.test.lang.extensions.util.PathConverter.convert(PathConverter.java:42)
	at groovy.json.DefaultJsonGenerator.writeObject(DefaultJsonGenerator.java:185)
	at groovy.json.DefaultJsonGenerator.writeObject(DefaultJsonGenerator.java:164)
	at groovy.json.DefaultJsonGenerator.writeIterator(DefaultJsonGenerator.java:396)
	at groovy.json.DefaultJsonGenerator.writeObject(DefaultJsonGenerator.java:202)
	at groovy.json.DefaultJsonGenerator.writeObject(DefaultJsonGenerator.java:164)
	at groovy.json.DefaultJsonGenerator.writeIterator(DefaultJsonGenerator.java:396)
	at groovy.json.DefaultJsonGenerator.writeObject(DefaultJsonGenerator.java:202)
	at groovy.json.DefaultJsonGenerator.writeObject(DefaultJsonGenerator.java:164)
	at groovy.json.DefaultJsonGenerator.writeIterator(DefaultJsonGenerator.java:396)
	at groovy.json.DefaultJsonGenerator.writeObject(DefaultJsonGenerator.java:202)
	at groovy.json.DefaultJsonGenerator.writeObject(DefaultJsonGenerator.java:164)
	at groovy.json.DefaultJsonGenerator.writeIterator(DefaultJsonGenerator.java:396)
	at groovy.json.DefaultJsonGenerator.writeArray(DefaultJsonGenerator.java:279)
	at groovy.json.DefaultJsonGenerator.writeObject(DefaultJsonGenerator.java:221)
	at groovy.json.DefaultJsonGenerator.writeObject(DefaultJsonGenerator.java:164)
	at groovy.json.DefaultJsonGenerator.toJson(DefaultJsonGenerator.java:98)
	at com.askimed.nf.test.lang.extensions.SnapshotFileItem.toString(SnapshotFileItem.java:80)
	at com.askimed.nf.test.lang.extensions.SnapshotFileItem.equals(SnapshotFileItem.java:64)
	at com.askimed.nf.test.lang.extensions.Snapshot.match(Snapshot.java:57)
	at com.askimed.nf.test.lang.extensions.Snapshot.match(Snapshot.java:27)
	at com.askimed.nf.test.lang.extensions.Snapshot$match.call(Unknown Source)
	at org.codehaus.groovy.runtime.callsite.CallSiteArray.defaultCall(CallSiteArray.java:47)
	at org.codehaus.groovy.runtime.callsite.AbstractCallSite.call(AbstractCallSite.java:125)
	at org.codehaus.groovy.runtime.callsite.AbstractCallSite.call(AbstractCallSite.java:130)
	at main_nf$_run_closure1$_closure2$_closure4$_closure7.doCall(main.nf.test:31)
	at main_nf$_run_closure1$_closure2$_closure4$_closure7.doCall(main.nf.test)
	at java.base/jdk.internal.reflect.NativeMethodAccessorImpl.invoke0(Native Method)
	at java.base/jdk.internal.reflect.NativeMethodAccessorImpl.invoke(NativeMethodAccessorImpl.java:77)
	at java.base/jdk.internal.reflect.DelegatingMethodAccessorImpl.invoke(DelegatingMethodAccessorImpl.java:43)
	at java.base/java.lang.reflect.Method.invoke(Method.java:569)
	at org.codehaus.groovy.reflection.CachedMethod.invoke(CachedMethod.java:107)
	at groovy.lang.MetaMethod.doMethodInvoke(MetaMethod.java:323)
	at org.codehaus.groovy.runtime.metaclass.ClosureMetaClass.invokeMethod(ClosureMetaClass.java:274)
	at groovy.lang.MetaClassImpl.invokeMethod(MetaClassImpl.java:1030)
	at groovy.lang.Closure.call(Closure.java:427)
	at groovy.lang.Closure.call(Closure.java:406)
	at com.askimed.nf.test.lang.extensions.GlobalMethods.assertAll(GlobalMethods.java:39)
	at java.base/jdk.internal.reflect.NativeMethodAccessorImpl.invoke0(Native Method)
	at java.base/jdk.internal.reflect.NativeMethodAccessorImpl.invoke(NativeMethodAccessorImpl.java:77)
	at java.base/jdk.internal.reflect.DelegatingMethodAccessorImpl.invoke(DelegatingMethodAccessorImpl.java:43)
	at java.base/java.lang.reflect.Method.invoke(Method.java:569)
	at org.codehaus.groovy.reflection.CachedMethod.invoke(CachedMethod.java:107)
	at groovy.lang.MetaMethod.doMethodInvoke(MetaMethod.java:323)
	at org.codehaus.groovy.runtime.callsite.StaticMetaMethodSite.invoke(StaticMetaMethodSite.java:44)
	at org.codehaus.groovy.runtime.callsite.StaticMetaMethodSite.callStatic(StaticMetaMethodSite.java:100)
	at org.codehaus.groovy.runtime.callsite.CallSiteArray.defaultCallStatic(CallSiteArray.java:55)
	at org.codehaus.groovy.runtime.callsite.AbstractCallSite.callStatic(AbstractCallSite.java:217)
	at org.codehaus.groovy.runtime.callsite.AbstractCallSite.callStatic(AbstractCallSite.java:240)
	at main_nf$_run_closure1$_closure2$_closure4.doCall(main.nf.test:29)
	at main_nf$_run_closure1$_closure2$_closure4.doCall(main.nf.test)
	at java.base/jdk.internal.reflect.NativeMethodAccessorImpl.invoke0(Native Method)
	at java.base/jdk.internal.reflect.NativeMethodAccessorImpl.invoke(NativeMethodAccessorImpl.java:77)
	at java.base/jdk.internal.reflect.DelegatingMethodAccessorImpl.invoke(DelegatingMethodAccessorImpl.java:43)
	at java.base/java.lang.reflect.Method.invoke(Method.java:569)
	at org.codehaus.groovy.reflection.CachedMethod.invoke(CachedMethod.java:107)
	at groovy.lang.MetaMethod.doMethodInvoke(MetaMethod.java:323)
	at org.codehaus.groovy.runtime.metaclass.ClosureMetaClass.invokeMethod(ClosureMetaClass.java:274)
	at groovy.lang.MetaClassImpl.invokeMethod(MetaClassImpl.java:1030)
	at groovy.lang.Closure.call(Closure.java:427)
	at groovy.lang.Closure.call(Closure.java:406)
	at com.askimed.nf.test.lang.TestCode.execute(TestCode.java:16)
	at com.askimed.nf.test.lang.process.ProcessTest.execute(ProcessTest.java:171)
	at com.askimed.nf.test.core.TestExecutionEngine.execute(TestExecutionEngine.java:172)
	at com.askimed.nf.test.commands.RunTestsCommand.execute(RunTestsCommand.java:322)
	at com.askimed.nf.test.commands.AbstractCommand.call(AbstractCommand.java:43)
	at com.askimed.nf.test.commands.AbstractCommand.call(AbstractCommand.java:18)
	at picocli.CommandLine.executeUserObject(CommandLine.java:1953)
	at picocli.CommandLine.access$1300(CommandLine.java:145)
	at picocli.CommandLine$RunLast.executeUserObjectOfLastSubcommandWithSameParent(CommandLine.java:2352)
	at picocli.CommandLine$RunLast.handle(CommandLine.java:2346)
	at picocli.CommandLine$RunLast.handle(CommandLine.java:2311)
	at picocli.CommandLine$AbstractParseResultHandler.execute(CommandLine.java:2179)
	at picocli.CommandLine.execute(CommandLine.java:2078)
	at com.askimed.nf.test.App.run(App.java:39)
	at com.askimed.nf.test.App.main(App.java:46)
java.io.EOFException
	at java.base/java.util.zip.GZIPInputStream.readUByte(GZIPInputStream.java:268)
	at java.base/java.util.zip.GZIPInputStream.readUShort(GZIPInputStream.java:258)
	at java.base/java.util.zip.GZIPInputStream.readHeader(GZIPInputStream.java:164)
	at java.base/java.util.zip.GZIPInputStream.<init>(GZIPInputStream.java:79)
	at java.base/java.util.zip.GZIPInputStream.<init>(GZIPInputStream.java:91)
	at com.askimed.nf.test.util.FileUtil.getMd5(FileUtil.java:103)
	at com.askimed.nf.test.lang.extensions.PathExtension.getMd5(PathExtension.java:21)
	at com.askimed.nf.test.lang.extensions.util.PathConverter.serializeFile(PathConverter.java:57)
	at com.askimed.nf.test.lang.extensions.util.PathConverter.convert(PathConverter.java:42)
	at groovy.json.DefaultJsonGenerator.writeObject(DefaultJsonGenerator.java:185)
	at groovy.json.DefaultJsonGenerator.writeObject(DefaultJsonGenerator.java:164)
	at groovy.json.DefaultJsonGenerator.writeIterator(DefaultJsonGenerator.java:396)
	at groovy.json.DefaultJsonGenerator.writeObject(DefaultJsonGenerator.java:202)
	at groovy.json.DefaultJsonGenerator.writeObject(DefaultJsonGenerator.java:164)
	at groovy.json.DefaultJsonGenerator.writeIterator(DefaultJsonGenerator.java:396)
	at groovy.json.DefaultJsonGenerator.writeObject(DefaultJsonGenerator.java:202)
	at groovy.json.DefaultJsonGenerator.writeObject(DefaultJsonGenerator.java:164)
	at groovy.json.DefaultJsonGenerator.writeIterator(DefaultJsonGenerator.java:396)
	at groovy.json.DefaultJsonGenerator.writeObject(DefaultJsonGenerator.java:202)
	at groovy.json.DefaultJsonGenerator.writeObject(DefaultJsonGenerator.java:164)
	at groovy.json.DefaultJsonGenerator.writeIterator(DefaultJsonGenerator.java:396)
	at groovy.json.DefaultJsonGenerator.writeArray(DefaultJsonGenerator.java:279)
	at groovy.json.DefaultJsonGenerator.writeObject(DefaultJsonGenerator.java:221)
	at groovy.json.DefaultJsonGenerator.writeObject(DefaultJsonGenerator.java:164)
	at groovy.json.DefaultJsonGenerator.toJson(DefaultJsonGenerator.java:98)
	at com.askimed.nf.test.lang.extensions.util.SnapshotDiffUtil.writeSnapshotToFile(SnapshotDiffUtil.java:95)
	at com.askimed.nf.test.lang.extensions.util.SnapshotDiffUtil.getDiff(SnapshotDiffUtil.java:37)
	at com.askimed.nf.test.lang.extensions.SnapshotFileItem.equals(SnapshotFileItem.java:69)
	at com.askimed.nf.test.lang.extensions.Snapshot.match(Snapshot.java:57)
	at com.askimed.nf.test.lang.extensions.Snapshot.match(Snapshot.java:27)
	at com.askimed.nf.test.lang.extensions.Snapshot$match.call(Unknown Source)
	at org.codehaus.groovy.runtime.callsite.CallSiteArray.defaultCall(CallSiteArray.java:47)
	at org.codehaus.groovy.runtime.callsite.AbstractCallSite.call(AbstractCallSite.java:125)
	at org.codehaus.groovy.runtime.callsite.AbstractCallSite.call(AbstractCallSite.java:130)
	at main_nf$_run_closure1$_closure2$_closure4$_closure7.doCall(main.nf.test:31)
	at main_nf$_run_closure1$_closure2$_closure4$_closure7.doCall(main.nf.test)
	at java.base/jdk.internal.reflect.NativeMethodAccessorImpl.invoke0(Native Method)
	at java.base/jdk.internal.reflect.NativeMethodAccessorImpl.invoke(NativeMethodAccessorImpl.java:77)
	at java.base/jdk.internal.reflect.DelegatingMethodAccessorImpl.invoke(DelegatingMethodAccessorImpl.java:43)
	at java.base/java.lang.reflect.Method.invoke(Method.java:569)
	at org.codehaus.groovy.reflection.CachedMethod.invoke(CachedMethod.java:107)
	at groovy.lang.MetaMethod.doMethodInvoke(MetaMethod.java:323)
	at org.codehaus.groovy.runtime.metaclass.ClosureMetaClass.invokeMethod(ClosureMetaClass.java:274)
	at groovy.lang.MetaClassImpl.invokeMethod(MetaClassImpl.java:1030)
	at groovy.lang.Closure.call(Closure.java:427)
	at groovy.lang.Closure.call(Closure.java:406)
	at com.askimed.nf.test.lang.extensions.GlobalMethods.assertAll(GlobalMethods.java:39)
	at java.base/jdk.internal.reflect.NativeMethodAccessorImpl.invoke0(Native Method)
	at java.base/jdk.internal.reflect.NativeMethodAccessorImpl.invoke(NativeMethodAccessorImpl.java:77)
	at java.base/jdk.internal.reflect.DelegatingMethodAccessorImpl.invoke(DelegatingMethodAccessorImpl.java:43)
	at java.base/java.lang.reflect.Method.invoke(Method.java:569)
	at org.codehaus.groovy.reflection.CachedMethod.invoke(CachedMethod.java:107)
	at groovy.lang.MetaMethod.doMethodInvoke(MetaMethod.java:323)
	at org.codehaus.groovy.runtime.callsite.StaticMetaMethodSite.invoke(StaticMetaMethodSite.java:44)
	at org.codehaus.groovy.runtime.callsite.StaticMetaMethodSite.callStatic(StaticMetaMethodSite.java:100)
	at org.codehaus.groovy.runtime.callsite.CallSiteArray.defaultCallStatic(CallSiteArray.java:55)
	at org.codehaus.groovy.runtime.callsite.AbstractCallSite.callStatic(AbstractCallSite.java:217)
	at org.codehaus.groovy.runtime.callsite.AbstractCallSite.callStatic(AbstractCallSite.java:240)
	at main_nf$_run_closure1$_closure2$_closure4.doCall(main.nf.test:29)
	at main_nf$_run_closure1$_closure2$_closure4.doCall(main.nf.test)
	at java.base/jdk.internal.reflect.NativeMethodAccessorImpl.invoke0(Native Method)
	at java.base/jdk.internal.reflect.NativeMethodAccessorImpl.invoke(NativeMethodAccessorImpl.java:77)
	at java.base/jdk.internal.reflect.DelegatingMethodAccessorImpl.invoke(DelegatingMethodAccessorImpl.java:43)
	at java.base/java.lang.reflect.Method.invoke(Method.java:569)
	at org.codehaus.groovy.reflection.CachedMethod.invoke(CachedMethod.java:107)
	at groovy.lang.MetaMethod.doMethodInvoke(MetaMethod.java:323)
	at org.codehaus.groovy.runtime.metaclass.ClosureMetaClass.invokeMethod(ClosureMetaClass.java:274)
	at groovy.lang.MetaClassImpl.invokeMethod(MetaClassImpl.java:1030)
	at groovy.lang.Closure.call(Closure.java:427)
	at groovy.lang.Closure.call(Closure.java:406)
	at com.askimed.nf.test.lang.TestCode.execute(TestCode.java:16)
	at com.askimed.nf.test.lang.process.ProcessTest.execute(ProcessTest.java:171)
	at com.askimed.nf.test.core.TestExecutionEngine.execute(TestExecutionEngine.java:172)
	at com.askimed.nf.test.commands.RunTestsCommand.execute(RunTestsCommand.java:322)
	at com.askimed.nf.test.commands.AbstractCommand.call(AbstractCommand.java:43)
	at com.askimed.nf.test.commands.AbstractCommand.call(AbstractCommand.java:18)
	at picocli.CommandLine.executeUserObject(CommandLine.java:1953)
	at picocli.CommandLine.access$1300(CommandLine.java:145)
	at picocli.CommandLine$RunLast.executeUserObjectOfLastSubcommandWithSameParent(CommandLine.java:2352)
	at picocli.CommandLine$RunLast.handle(CommandLine.java:2346)
	at picocli.CommandLine$RunLast.handle(CommandLine.java:2311)
	at picocli.CommandLine$AbstractParseResultHandler.execute(CommandLine.java:2179)
	at picocli.CommandLine.execute(CommandLine.java:2078)
	at com.askimed.nf.test.App.run(App.java:39)
	at com.askimed.nf.test.App.main(App.java:46)
java.io.EOFException
	at java.base/java.util.zip.GZIPInputStream.readUByte(GZIPInputStream.java:268)
	at java.base/java.util.zip.GZIPInputStream.readUShort(GZIPInputStream.java:258)
	at java.base/java.util.zip.GZIPInputStream.readHeader(GZIPInputStream.java:164)
	at java.base/java.util.zip.GZIPInputStream.<init>(GZIPInputStream.java:79)
	at java.base/java.util.zip.GZIPInputStream.<init>(GZIPInputStream.java:91)
	at com.askimed.nf.test.util.FileUtil.getMd5(FileUtil.java:103)
	at com.askimed.nf.test.lang.extensions.PathExtension.getMd5(PathExtension.java:21)
	at com.askimed.nf.test.lang.extensions.util.PathConverter.serializeFile(PathConverter.java:57)
	at com.askimed.nf.test.lang.extensions.util.PathConverter.convert(PathConverter.java:42)
	at groovy.json.DefaultJsonGenerator.writeObject(DefaultJsonGenerator.java:185)
	at groovy.json.DefaultJsonGenerator.writeObject(DefaultJsonGenerator.java:164)
	at groovy.json.DefaultJsonGenerator.writeIterator(DefaultJsonGenerator.java:396)
	at groovy.json.DefaultJsonGenerator.writeObject(DefaultJsonGenerator.java:202)
	at groovy.json.DefaultJsonGenerator.writeObject(DefaultJsonGenerator.java:164)
	at groovy.json.DefaultJsonGenerator.writeIterator(DefaultJsonGenerator.java:396)
	at groovy.json.DefaultJsonGenerator.writeObject(DefaultJsonGenerator.java:202)
	at groovy.json.DefaultJsonGenerator.writeObject(DefaultJsonGenerator.java:164)
	at groovy.json.DefaultJsonGenerator.writeIterator(DefaultJsonGenerator.java:396)
	at groovy.json.DefaultJsonGenerator.writeObject(DefaultJsonGenerator.java:202)
	at groovy.json.DefaultJsonGenerator.writeObject(DefaultJsonGenerator.java:164)
	at groovy.json.DefaultJsonGenerator.writeIterator(DefaultJsonGenerator.java:396)
	at groovy.json.DefaultJsonGenerator.writeArray(DefaultJsonGenerator.java:279)
	at groovy.json.DefaultJsonGenerator.writeObject(DefaultJsonGenerator.java:221)
	at groovy.json.DefaultJsonGenerator.writeObject(DefaultJsonGenerator.java:164)
	at groovy.json.DefaultJsonGenerator.toJson(DefaultJsonGenerator.java:98)
	at com.askimed.nf.test.lang.extensions.util.SnapshotDiffUtil.writeSnapshotToFile(SnapshotDiffUtil.java:95)
	at com.askimed.nf.test.lang.extensions.util.SnapshotDiffUtil.getDiff(SnapshotDiffUtil.java:37)
	at com.askimed.nf.test.lang.extensions.SnapshotFileItem.equals(SnapshotFileItem.java:69)
	at com.askimed.nf.test.lang.extensions.Snapshot.match(Snapshot.java:57)
	at com.askimed.nf.test.lang.extensions.Snapshot.match(Snapshot.java:27)
	at com.askimed.nf.test.lang.extensions.Snapshot$match.call(Unknown Source)
	at org.codehaus.groovy.runtime.callsite.CallSiteArray.defaultCall(CallSiteArray.java:47)
	at org.codehaus.groovy.runtime.callsite.AbstractCallSite.call(AbstractCallSite.java:125)
	at org.codehaus.groovy.runtime.callsite.AbstractCallSite.call(AbstractCallSite.java:130)
	at main_nf$_run_closure1$_closure2$_closure4$_closure7.doCall(main.nf.test:31)
	at main_nf$_run_closure1$_closure2$_closure4$_closure7.doCall(main.nf.test)
	at java.base/jdk.internal.reflect.NativeMethodAccessorImpl.invoke0(Native Method)
	at java.base/jdk.internal.reflect.NativeMethodAccessorImpl.invoke(NativeMethodAccessorImpl.java:77)
	at java.base/jdk.internal.reflect.DelegatingMethodAccessorImpl.invoke(DelegatingMethodAccessorImpl.java:43)
	at java.base/java.lang.reflect.Method.invoke(Method.java:569)
	at org.codehaus.groovy.reflection.CachedMethod.invoke(CachedMethod.java:107)
	at groovy.lang.MetaMethod.doMethodInvoke(MetaMethod.java:323)
	at org.codehaus.groovy.runtime.metaclass.ClosureMetaClass.invokeMethod(ClosureMetaClass.java:274)
	at groovy.lang.MetaClassImpl.invokeMethod(MetaClassImpl.java:1030)
	at groovy.lang.Closure.call(Closure.java:427)
	at groovy.lang.Closure.call(Closure.java:406)
	at com.askimed.nf.test.lang.extensions.GlobalMethods.assertAll(GlobalMethods.java:39)
	at java.base/jdk.internal.reflect.NativeMethodAccessorImpl.invoke0(Native Method)
	at java.base/jdk.internal.reflect.NativeMethodAccessorImpl.invoke(NativeMethodAccessorImpl.java:77)
	at java.base/jdk.internal.reflect.DelegatingMethodAccessorImpl.invoke(DelegatingMethodAccessorImpl.java:43)
	at java.base/java.lang.reflect.Method.invoke(Method.java:569)
	at org.codehaus.groovy.reflection.CachedMethod.invoke(CachedMethod.java:107)
	at groovy.lang.MetaMethod.doMethodInvoke(MetaMethod.java:323)
	at org.codehaus.groovy.runtime.callsite.StaticMetaMethodSite.invoke(StaticMetaMethodSite.java:44)
	at org.codehaus.groovy.runtime.callsite.StaticMetaMethodSite.callStatic(StaticMetaMethodSite.java:100)
	at org.codehaus.groovy.runtime.callsite.CallSiteArray.defaultCallStatic(CallSiteArray.java:55)
	at org.codehaus.groovy.runtime.callsite.AbstractCallSite.callStatic(AbstractCallSite.java:217)
	at org.codehaus.groovy.runtime.callsite.AbstractCallSite.callStatic(AbstractCallSite.java:240)
	at main_nf$_run_closure1$_closure2$_closure4.doCall(main.nf.test:29)
	at main_nf$_run_closure1$_closure2$_closure4.doCall(main.nf.test)
	at java.base/jdk.internal.reflect.NativeMethodAccessorImpl.invoke0(Native Method)
	at java.base/jdk.internal.reflect.NativeMethodAccessorImpl.invoke(NativeMethodAccessorImpl.java:77)
	at java.base/jdk.internal.reflect.DelegatingMethodAccessorImpl.invoke(DelegatingMethodAccessorImpl.java:43)
	at java.base/java.lang.reflect.Method.invoke(Method.java:569)
	at org.codehaus.groovy.reflection.CachedMethod.invoke(CachedMethod.java:107)
	at groovy.lang.MetaMethod.doMethodInvoke(MetaMethod.java:323)
	at org.codehaus.groovy.runtime.metaclass.ClosureMetaClass.invokeMethod(ClosureMetaClass.java:274)
	at groovy.lang.MetaClassImpl.invokeMethod(MetaClassImpl.java:1030)
	at groovy.lang.Closure.call(Closure.java:427)
	at groovy.lang.Closure.call(Closure.java:406)
	at com.askimed.nf.test.lang.TestCode.execute(TestCode.java:16)
	at com.askimed.nf.test.lang.process.ProcessTest.execute(ProcessTest.java:171)
	at com.askimed.nf.test.core.TestExecutionEngine.execute(TestExecutionEngine.java:172)
	at com.askimed.nf.test.commands.RunTestsCommand.execute(RunTestsCommand.java:322)
	at com.askimed.nf.test.commands.AbstractCommand.call(AbstractCommand.java:43)
	at com.askimed.nf.test.commands.AbstractCommand.call(AbstractCommand.java:18)
	at picocli.CommandLine.executeUserObject(CommandLine.java:1953)
	at picocli.CommandLine.access$1300(CommandLine.java:145)
	at picocli.CommandLine$RunLast.executeUserObjectOfLastSubcommandWithSameParent(CommandLine.java:2352)
	at picocli.CommandLine$RunLast.handle(CommandLine.java:2346)
	at picocli.CommandLine$RunLast.handle(CommandLine.java:2311)
	at picocli.CommandLine$AbstractParseResultHandler.execute(CommandLine.java:2179)
	at picocli.CommandLine.execute(CommandLine.java:2078)
	at com.askimed.nf.test.App.run(App.java:39)
	at com.askimed.nf.test.App.main(App.java:46)
java.io.EOFException
	at java.base/java.util.zip.GZIPInputStream.readUByte(GZIPInputStream.java:268)
	at java.base/java.util.zip.GZIPInputStream.readUShort(GZIPInputStream.java:258)
	at java.base/java.util.zip.GZIPInputStream.readHeader(GZIPInputStream.java:164)
	at java.base/java.util.zip.GZIPInputStream.<init>(GZIPInputStream.java:79)
	at java.base/java.util.zip.GZIPInputStream.<init>(GZIPInputStream.java:91)
	at com.askimed.nf.test.util.FileUtil.getMd5(FileUtil.java:103)
	at com.askimed.nf.test.lang.extensions.PathExtension.getMd5(PathExtension.java:21)
	at com.askimed.nf.test.lang.extensions.util.PathConverter.serializeFile(PathConverter.java:57)
	at com.askimed.nf.test.lang.extensions.util.PathConverter.convert(PathConverter.java:42)
	at groovy.json.DefaultJsonGenerator.writeObject(DefaultJsonGenerator.java:185)
	at groovy.json.DefaultJsonGenerator.writeObject(DefaultJsonGenerator.java:164)
	at groovy.json.DefaultJsonGenerator.writeIterator(DefaultJsonGenerator.java:396)
	at groovy.json.DefaultJsonGenerator.writeObject(DefaultJsonGenerator.java:202)
	at groovy.json.DefaultJsonGenerator.writeObject(DefaultJsonGenerator.java:164)
	at groovy.json.DefaultJsonGenerator.writeIterator(DefaultJsonGenerator.java:396)
	at groovy.json.DefaultJsonGenerator.writeObject(DefaultJsonGenerator.java:202)
	at groovy.json.DefaultJsonGenerator.writeObject(DefaultJsonGenerator.java:164)
	at groovy.json.DefaultJsonGenerator.writeIterator(DefaultJsonGenerator.java:396)
	at groovy.json.DefaultJsonGenerator.writeObject(DefaultJsonGenerator.java:202)
	at groovy.json.DefaultJsonGenerator.writeObject(DefaultJsonGenerator.java:164)
	at groovy.json.DefaultJsonGenerator.writeIterator(DefaultJsonGenerator.java:396)
	at groovy.json.DefaultJsonGenerator.writeArray(DefaultJsonGenerator.java:279)
	at groovy.json.DefaultJsonGenerator.writeObject(DefaultJsonGenerator.java:221)
	at groovy.json.DefaultJsonGenerator.writeObject(DefaultJsonGenerator.java:164)
	at groovy.json.DefaultJsonGenerator.toJson(DefaultJsonGenerator.java:98)
	at com.askimed.nf.test.lang.extensions.util.SnapshotDiffUtil.writeSnapshotToFile(SnapshotDiffUtil.java:95)
	at com.askimed.nf.test.lang.extensions.util.SnapshotDiffUtil.getDiff(SnapshotDiffUtil.java:37)
	at com.askimed.nf.test.lang.extensions.SnapshotFileItem.equals(SnapshotFileItem.java:69)
	at com.askimed.nf.test.lang.extensions.Snapshot.match(Snapshot.java:57)
	at com.askimed.nf.test.lang.extensions.Snapshot.match(Snapshot.java:27)
	at com.askimed.nf.test.lang.extensions.Snapshot$match.call(Unknown Source)
	at org.codehaus.groovy.runtime.callsite.CallSiteArray.defaultCall(CallSiteArray.java:47)
	at org.codehaus.groovy.runtime.callsite.AbstractCallSite.call(AbstractCallSite.java:125)
	at org.codehaus.groovy.runtime.callsite.AbstractCallSite.call(AbstractCallSite.java:130)
	at main_nf$_run_closure1$_closure2$_closure4$_closure7.doCall(main.nf.test:31)
	at main_nf$_run_closure1$_closure2$_closure4$_closure7.doCall(main.nf.test)
	at java.base/jdk.internal.reflect.NativeMethodAccessorImpl.invoke0(Native Method)
	at java.base/jdk.internal.reflect.NativeMethodAccessorImpl.invoke(NativeMethodAccessorImpl.java:77)
	at java.base/jdk.internal.reflect.DelegatingMethodAccessorImpl.invoke(DelegatingMethodAccessorImpl.java:43)
	at java.base/java.lang.reflect.Method.invoke(Method.java:569)
	at org.codehaus.groovy.reflection.CachedMethod.invoke(CachedMethod.java:107)
	at groovy.lang.MetaMethod.doMethodInvoke(MetaMethod.java:323)
	at org.codehaus.groovy.runtime.metaclass.ClosureMetaClass.invokeMethod(ClosureMetaClass.java:274)
	at groovy.lang.MetaClassImpl.invokeMethod(MetaClassImpl.java:1030)
	at groovy.lang.Closure.call(Closure.java:427)
	at groovy.lang.Closure.call(Closure.java:406)
	at com.askimed.nf.test.lang.extensions.GlobalMethods.assertAll(GlobalMethods.java:39)
	at java.base/jdk.internal.reflect.NativeMethodAccessorImpl.invoke0(Native Method)
	at java.base/jdk.internal.reflect.NativeMethodAccessorImpl.invoke(NativeMethodAccessorImpl.java:77)
	at java.base/jdk.internal.reflect.DelegatingMethodAccessorImpl.invoke(DelegatingMethodAccessorImpl.java:43)
	at java.base/java.lang.reflect.Method.invoke(Method.java:569)
	at org.codehaus.groovy.reflection.CachedMethod.invoke(CachedMethod.java:107)
	at groovy.lang.MetaMethod.doMethodInvoke(MetaMethod.java:323)
	at org.codehaus.groovy.runtime.callsite.StaticMetaMethodSite.invoke(StaticMetaMethodSite.java:44)
	at org.codehaus.groovy.runtime.callsite.StaticMetaMethodSite.callStatic(StaticMetaMethodSite.java:100)
	at org.codehaus.groovy.runtime.callsite.CallSiteArray.defaultCallStatic(CallSiteArray.java:55)
	at org.codehaus.groovy.runtime.callsite.AbstractCallSite.callStatic(AbstractCallSite.java:217)
	at org.codehaus.groovy.runtime.callsite.AbstractCallSite.callStatic(AbstractCallSite.java:240)
	at main_nf$_run_closure1$_closure2$_closure4.doCall(main.nf.test:29)
	at main_nf$_run_closure1$_closure2$_closure4.doCall(main.nf.test)
	at java.base/jdk.internal.reflect.NativeMethodAccessorImpl.invoke0(Native Method)
	at java.base/jdk.internal.reflect.NativeMethodAccessorImpl.invoke(NativeMethodAccessorImpl.java:77)
	at java.base/jdk.internal.reflect.DelegatingMethodAccessorImpl.invoke(DelegatingMethodAccessorImpl.java:43)
	at java.base/java.lang.reflect.Method.invoke(Method.java:569)
	at org.codehaus.groovy.reflection.CachedMethod.invoke(CachedMethod.java:107)
	at groovy.lang.MetaMethod.doMethodInvoke(MetaMethod.java:323)
	at org.codehaus.groovy.runtime.metaclass.ClosureMetaClass.invokeMethod(ClosureMetaClass.java:274)
	at groovy.lang.MetaClassImpl.invokeMethod(MetaClassImpl.java:1030)
	at groovy.lang.Closure.call(Closure.java:427)
	at groovy.lang.Closure.call(Closure.java:406)
	at com.askimed.nf.test.lang.TestCode.execute(TestCode.java:16)
	at com.askimed.nf.test.lang.process.ProcessTest.execute(ProcessTest.java:171)
	at com.askimed.nf.test.core.TestExecutionEngine.execute(TestExecutionEngine.java:172)
	at com.askimed.nf.test.commands.RunTestsCommand.execute(RunTestsCommand.java:322)
	at com.askimed.nf.test.commands.AbstractCommand.call(AbstractCommand.java:43)
	at com.askimed.nf.test.commands.AbstractCommand.call(AbstractCommand.java:18)
	at picocli.CommandLine.executeUserObject(CommandLine.java:1953)
	at picocli.CommandLine.access$1300(CommandLine.java:145)
	at picocli.CommandLine$RunLast.executeUserObjectOfLastSubcommandWithSameParent(CommandLine.java:2352)
	at picocli.CommandLine$RunLast.handle(CommandLine.java:2346)
	at picocli.CommandLine$RunLast.handle(CommandLine.java:2311)
	at picocli.CommandLine$AbstractParseResultHandler.execute(CommandLine.java:2179)
	at picocli.CommandLine.execute(CommandLine.java:2078)
	at com.askimed.nf.test.App.run(App.java:39)
	at com.askimed.nf.test.App.main(App.java:46)
java.io.EOFException
	at java.base/java.util.zip.GZIPInputStream.readUByte(GZIPInputStream.java:268)
	at java.base/java.util.zip.GZIPInputStream.readUShort(GZIPInputStream.java:258)
	at java.base/java.util.zip.GZIPInputStream.readHeader(GZIPInputStream.java:164)
	at java.base/java.util.zip.GZIPInputStream.<init>(GZIPInputStream.java:79)
	at java.base/java.util.zip.GZIPInputStream.<init>(GZIPInputStream.java:91)
	at com.askimed.nf.test.util.FileUtil.getMd5(FileUtil.java:103)
	at com.askimed.nf.test.lang.extensions.PathExtension.getMd5(PathExtension.java:21)
	at com.askimed.nf.test.lang.extensions.util.PathConverter.serializeFile(PathConverter.java:57)
	at com.askimed.nf.test.lang.extensions.util.PathConverter.convert(PathConverter.java:42)
	at groovy.json.DefaultJsonGenerator.writeObject(DefaultJsonGenerator.java:185)
	at groovy.json.DefaultJsonGenerator.writeObject(DefaultJsonGenerator.java:164)
	at groovy.json.DefaultJsonGenerator.writeIterator(DefaultJsonGenerator.java:396)
	at groovy.json.DefaultJsonGenerator.writeObject(DefaultJsonGenerator.java:202)
	at groovy.json.DefaultJsonGenerator.writeObject(DefaultJsonGenerator.java:164)
	at groovy.json.DefaultJsonGenerator.writeIterator(DefaultJsonGenerator.java:396)
	at groovy.json.DefaultJsonGenerator.writeObject(DefaultJsonGenerator.java:202)
	at groovy.json.DefaultJsonGenerator.writeObject(DefaultJsonGenerator.java:164)
	at groovy.json.DefaultJsonGenerator.writeIterator(DefaultJsonGenerator.java:396)
	at groovy.json.DefaultJsonGenerator.writeObject(DefaultJsonGenerator.java:202)
	at groovy.json.DefaultJsonGenerator.writeObject(DefaultJsonGenerator.java:164)
	at groovy.json.DefaultJsonGenerator.writeIterator(DefaultJsonGenerator.java:396)
	at groovy.json.DefaultJsonGenerator.writeArray(DefaultJsonGenerator.java:279)
	at groovy.json.DefaultJsonGenerator.writeObject(DefaultJsonGenerator.java:221)
	at groovy.json.DefaultJsonGenerator.writeObject(DefaultJsonGenerator.java:164)
	at groovy.json.DefaultJsonGenerator.toJson(DefaultJsonGenerator.java:98)
	at com.askimed.nf.test.lang.extensions.util.SnapshotDiffUtil.writeSnapshotToFile(SnapshotDiffUtil.java:95)
	at com.askimed.nf.test.lang.extensions.util.SnapshotDiffUtil.getDiff(SnapshotDiffUtil.java:37)
	at com.askimed.nf.test.lang.extensions.SnapshotFileItem.equals(SnapshotFileItem.java:69)
	at com.askimed.nf.test.lang.extensions.Snapshot.match(Snapshot.java:57)
	at com.askimed.nf.test.lang.extensions.Snapshot.match(Snapshot.java:27)
	at com.askimed.nf.test.lang.extensions.Snapshot$match.call(Unknown Source)
	at org.codehaus.groovy.runtime.callsite.CallSiteArray.defaultCall(CallSiteArray.java:47)
	at org.codehaus.groovy.runtime.callsite.AbstractCallSite.call(AbstractCallSite.java:125)
	at org.codehaus.groovy.runtime.callsite.AbstractCallSite.call(AbstractCallSite.java:130)
	at main_nf$_run_closure1$_closure2$_closure4$_closure7.doCall(main.nf.test:31)
	at main_nf$_run_closure1$_closure2$_closure4$_closure7.doCall(main.nf.test)
	at java.base/jdk.internal.reflect.NativeMethodAccessorImpl.invoke0(Native Method)
	at java.base/jdk.internal.reflect.NativeMethodAccessorImpl.invoke(NativeMethodAccessorImpl.java:77)
	at java.base/jdk.internal.reflect.DelegatingMethodAccessorImpl.invoke(DelegatingMethodAccessorImpl.java:43)
	at java.base/java.lang.reflect.Method.invoke(Method.java:569)
	at org.codehaus.groovy.reflection.CachedMethod.invoke(CachedMethod.java:107)
	at groovy.lang.MetaMethod.doMethodInvoke(MetaMethod.java:323)
	at org.codehaus.groovy.runtime.metaclass.ClosureMetaClass.invokeMethod(ClosureMetaClass.java:274)
	at groovy.lang.MetaClassImpl.invokeMethod(MetaClassImpl.java:1030)
	at groovy.lang.Closure.call(Closure.java:427)
	at groovy.lang.Closure.call(Closure.java:406)
	at com.askimed.nf.test.lang.extensions.GlobalMethods.assertAll(GlobalMethods.java:39)
	at java.base/jdk.internal.reflect.NativeMethodAccessorImpl.invoke0(Native Method)
	at java.base/jdk.internal.reflect.NativeMethodAccessorImpl.invoke(NativeMethodAccessorImpl.java:77)
	at java.base/jdk.internal.reflect.DelegatingMethodAccessorImpl.invoke(DelegatingMethodAccessorImpl.java:43)
	at java.base/java.lang.reflect.Method.invoke(Method.java:569)
	at org.codehaus.groovy.reflection.CachedMethod.invoke(CachedMethod.java:107)
	at groovy.lang.MetaMethod.doMethodInvoke(MetaMethod.java:323)
	at org.codehaus.groovy.runtime.callsite.StaticMetaMethodSite.invoke(StaticMetaMethodSite.java:44)
	at org.codehaus.groovy.runtime.callsite.StaticMetaMethodSite.callStatic(StaticMetaMethodSite.java:100)
	at org.codehaus.groovy.runtime.callsite.CallSiteArray.defaultCallStatic(CallSiteArray.java:55)
	at org.codehaus.groovy.runtime.callsite.AbstractCallSite.callStatic(AbstractCallSite.java:217)
	at org.codehaus.groovy.runtime.callsite.AbstractCallSite.callStatic(AbstractCallSite.java:240)
	at main_nf$_run_closure1$_closure2$_closure4.doCall(main.nf.test:29)
	at main_nf$_run_closure1$_closure2$_closure4.doCall(main.nf.test)
	at java.base/jdk.internal.reflect.NativeMethodAccessorImpl.invoke0(Native Method)
	at java.base/jdk.internal.reflect.NativeMethodAccessorImpl.invoke(NativeMethodAccessorImpl.java:77)
	at java.base/jdk.internal.reflect.DelegatingMethodAccessorImpl.invoke(DelegatingMethodAccessorImpl.java:43)
	at java.base/java.lang.reflect.Method.invoke(Method.java:569)
	at org.codehaus.groovy.reflection.CachedMethod.invoke(CachedMethod.java:107)
	at groovy.lang.MetaMethod.doMethodInvoke(MetaMethod.java:323)
	at org.codehaus.groovy.runtime.metaclass.ClosureMetaClass.invokeMethod(ClosureMetaClass.java:274)
	at groovy.lang.MetaClassImpl.invokeMethod(MetaClassImpl.java:1030)
	at groovy.lang.Closure.call(Closure.java:427)
	at groovy.lang.Closure.call(Closure.java:406)
	at com.askimed.nf.test.lang.TestCode.execute(TestCode.java:16)
	at com.askimed.nf.test.lang.process.ProcessTest.execute(ProcessTest.java:171)
	at com.askimed.nf.test.core.TestExecutionEngine.execute(TestExecutionEngine.java:172)
	at com.askimed.nf.test.commands.RunTestsCommand.execute(RunTestsCommand.java:322)
	at com.askimed.nf.test.commands.AbstractCommand.call(AbstractCommand.java:43)
	at com.askimed.nf.test.commands.AbstractCommand.call(AbstractCommand.java:18)
	at picocli.CommandLine.executeUserObject(CommandLine.java:1953)
	at picocli.CommandLine.access$1300(CommandLine.java:145)
	at picocli.CommandLine$RunLast.executeUserObjectOfLastSubcommandWithSameParent(CommandLine.java:2352)
	at picocli.CommandLine$RunLast.handle(CommandLine.java:2346)
	at picocli.CommandLine$RunLast.handle(CommandLine.java:2311)
	at picocli.CommandLine$AbstractParseResultHandler.execute(CommandLine.java:2179)
	at picocli.CommandLine.execute(CommandLine.java:2078)
	at com.askimed.nf.test.App.run(App.java:39)
	at com.askimed.nf.test.App.main(App.java:46)
java.io.EOFException
	at java.base/java.util.zip.GZIPInputStream.readUByte(GZIPInputStream.java:268)
	at java.base/java.util.zip.GZIPInputStream.readUShort(GZIPInputStream.java:258)
	at java.base/java.util.zip.GZIPInputStream.readHeader(GZIPInputStream.java:164)
	at java.base/java.util.zip.GZIPInputStream.<init>(GZIPInputStream.java:79)
	at java.base/java.util.zip.GZIPInputStream.<init>(GZIPInputStream.java:91)
	at com.askimed.nf.test.util.FileUtil.getMd5(FileUtil.java:103)
	at com.askimed.nf.test.lang.extensions.PathExtension.getMd5(PathExtension.java:21)
	at com.askimed.nf.test.lang.extensions.util.PathConverter.serializeFile(PathConverter.java:57)
	at com.askimed.nf.test.lang.extensions.util.PathConverter.convert(PathConverter.java:42)
	at groovy.json.DefaultJsonGenerator.writeObject(DefaultJsonGenerator.java:185)
	at groovy.json.DefaultJsonGenerator.writeObject(DefaultJsonGenerator.java:164)
	at groovy.json.DefaultJsonGenerator.writeIterator(DefaultJsonGenerator.java:396)
	at groovy.json.DefaultJsonGenerator.writeObject(DefaultJsonGenerator.java:202)
	at groovy.json.DefaultJsonGenerator.writeObject(DefaultJsonGenerator.java:164)
	at groovy.json.DefaultJsonGenerator.writeIterator(DefaultJsonGenerator.java:396)
	at groovy.json.DefaultJsonGenerator.writeObject(DefaultJsonGenerator.java:202)
	at groovy.json.DefaultJsonGenerator.writeObject(DefaultJsonGenerator.java:164)
	at groovy.json.DefaultJsonGenerator.writeIterator(DefaultJsonGenerator.java:396)
	at groovy.json.DefaultJsonGenerator.writeObject(DefaultJsonGenerator.java:202)
	at groovy.json.DefaultJsonGenerator.writeObject(DefaultJsonGenerator.java:164)
	at groovy.json.DefaultJsonGenerator.writeIterator(DefaultJsonGenerator.java:396)
	at groovy.json.DefaultJsonGenerator.writeArray(DefaultJsonGenerator.java:279)
	at groovy.json.DefaultJsonGenerator.writeObject(DefaultJsonGenerator.java:221)
	at groovy.json.DefaultJsonGenerator.writeObject(DefaultJsonGenerator.java:164)
	at groovy.json.DefaultJsonGenerator.toJson(DefaultJsonGenerator.java:98)
	at com.askimed.nf.test.lang.extensions.util.SnapshotDiffUtil.writeSnapshotToFile(SnapshotDiffUtil.java:95)
	at com.askimed.nf.test.lang.extensions.util.SnapshotDiffUtil.getDiff(SnapshotDiffUtil.java:37)
	at com.askimed.nf.test.lang.extensions.SnapshotFileItem.equals(SnapshotFileItem.java:69)
	at com.askimed.nf.test.lang.extensions.Snapshot.match(Snapshot.java:57)
	at com.askimed.nf.test.lang.extensions.Snapshot.match(Snapshot.java:27)
	at com.askimed.nf.test.lang.extensions.Snapshot$match.call(Unknown Source)
	at org.codehaus.groovy.runtime.callsite.CallSiteArray.defaultCall(CallSiteArray.java:47)
	at org.codehaus.groovy.runtime.callsite.AbstractCallSite.call(AbstractCallSite.java:125)
	at org.codehaus.groovy.runtime.callsite.AbstractCallSite.call(AbstractCallSite.java:130)
	at main_nf$_run_closure1$_closure2$_closure4$_closure7.doCall(main.nf.test:31)
	at main_nf$_run_closure1$_closure2$_closure4$_closure7.doCall(main.nf.test)
	at java.base/jdk.internal.reflect.NativeMethodAccessorImpl.invoke0(Native Method)
	at java.base/jdk.internal.reflect.NativeMethodAccessorImpl.invoke(NativeMethodAccessorImpl.java:77)
	at java.base/jdk.internal.reflect.DelegatingMethodAccessorImpl.invoke(DelegatingMethodAccessorImpl.java:43)
	at java.base/java.lang.reflect.Method.invoke(Method.java:569)
	at org.codehaus.groovy.reflection.CachedMethod.invoke(CachedMethod.java:107)
	at groovy.lang.MetaMethod.doMethodInvoke(MetaMethod.java:323)
	at org.codehaus.groovy.runtime.metaclass.ClosureMetaClass.invokeMethod(ClosureMetaClass.java:274)
	at groovy.lang.MetaClassImpl.invokeMethod(MetaClassImpl.java:1030)
	at groovy.lang.Closure.call(Closure.java:427)
	at groovy.lang.Closure.call(Closure.java:406)
	at com.askimed.nf.test.lang.extensions.GlobalMethods.assertAll(GlobalMethods.java:39)
	at java.base/jdk.internal.reflect.NativeMethodAccessorImpl.invoke0(Native Method)
	at java.base/jdk.internal.reflect.NativeMethodAccessorImpl.invoke(NativeMethodAccessorImpl.java:77)
	at java.base/jdk.internal.reflect.DelegatingMethodAccessorImpl.invoke(DelegatingMethodAccessorImpl.java:43)
	at java.base/java.lang.reflect.Method.invoke(Method.java:569)
	at org.codehaus.groovy.reflection.CachedMethod.invoke(CachedMethod.java:107)
	at groovy.lang.MetaMethod.doMethodInvoke(MetaMethod.java:323)
	at org.codehaus.groovy.runtime.callsite.StaticMetaMethodSite.invoke(StaticMetaMethodSite.java:44)
	at org.codehaus.groovy.runtime.callsite.StaticMetaMethodSite.callStatic(StaticMetaMethodSite.java:100)
	at org.codehaus.groovy.runtime.callsite.CallSiteArray.defaultCallStatic(CallSiteArray.java:55)
	at org.codehaus.groovy.runtime.callsite.AbstractCallSite.callStatic(AbstractCallSite.java:217)
	at org.codehaus.groovy.runtime.callsite.AbstractCallSite.callStatic(AbstractCallSite.java:240)
	at main_nf$_run_closure1$_closure2$_closure4.doCall(main.nf.test:29)
	at main_nf$_run_closure1$_closure2$_closure4.doCall(main.nf.test)
	at java.base/jdk.internal.reflect.NativeMethodAccessorImpl.invoke0(Native Method)
	at java.base/jdk.internal.reflect.NativeMethodAccessorImpl.invoke(NativeMethodAccessorImpl.java:77)
	at java.base/jdk.internal.reflect.DelegatingMethodAccessorImpl.invoke(DelegatingMethodAccessorImpl.java:43)
	at java.base/java.lang.reflect.Method.invoke(Method.java:569)
	at org.codehaus.groovy.reflection.CachedMethod.invoke(CachedMethod.java:107)
	at groovy.lang.MetaMethod.doMethodInvoke(MetaMethod.java:323)
	at org.codehaus.groovy.runtime.metaclass.ClosureMetaClass.invokeMethod(ClosureMetaClass.java:274)
	at groovy.lang.MetaClassImpl.invokeMethod(MetaClassImpl.java:1030)
	at groovy.lang.Closure.call(Closure.java:427)
	at groovy.lang.Closure.call(Closure.java:406)
	at com.askimed.nf.test.lang.TestCode.execute(TestCode.java:16)
	at com.askimed.nf.test.lang.process.ProcessTest.execute(ProcessTest.java:171)
	at com.askimed.nf.test.core.TestExecutionEngine.execute(TestExecutionEngine.java:172)
	at com.askimed.nf.test.commands.RunTestsCommand.execute(RunTestsCommand.java:322)
	at com.askimed.nf.test.commands.AbstractCommand.call(AbstractCommand.java:43)
	at com.askimed.nf.test.commands.AbstractCommand.call(AbstractCommand.java:18)
	at picocli.CommandLine.executeUserObject(CommandLine.java:1953)
	at picocli.CommandLine.access$1300(CommandLine.java:145)
	at picocli.CommandLine$RunLast.executeUserObjectOfLastSubcommandWithSameParent(CommandLine.java:2352)
	at picocli.CommandLine$RunLast.handle(CommandLine.java:2346)
	at picocli.CommandLine$RunLast.handle(CommandLine.java:2311)
	at picocli.CommandLine$AbstractParseResultHandler.execute(CommandLine.java:2179)
	at picocli.CommandLine.execute(CommandLine.java:2078)
	at com.askimed.nf.test.App.run(App.java:39)
	at com.askimed.nf.test.App.main(App.java:46)
java.io.EOFException
	at java.base/java.util.zip.GZIPInputStream.readUByte(GZIPInputStream.java:268)
	at java.base/java.util.zip.GZIPInputStream.readUShort(GZIPInputStream.java:258)
	at java.base/java.util.zip.GZIPInputStream.readHeader(GZIPInputStream.java:164)
	at java.base/java.util.zip.GZIPInputStream.<init>(GZIPInputStream.java:79)
	at java.base/java.util.zip.GZIPInputStream.<init>(GZIPInputStream.java:91)
	at com.askimed.nf.test.util.FileUtil.getMd5(FileUtil.java:103)
	at com.askimed.nf.test.lang.extensions.PathExtension.getMd5(PathExtension.java:21)
	at com.askimed.nf.test.lang.extensions.util.PathConverter.serializeFile(PathConverter.java:57)
	at com.askimed.nf.test.lang.extensions.util.PathConverter.convert(PathConverter.java:42)
	at groovy.json.DefaultJsonGenerator.writeObject(DefaultJsonGenerator.java:185)
	at groovy.json.DefaultJsonGenerator.writeObject(DefaultJsonGenerator.java:164)
	at groovy.json.DefaultJsonGenerator.writeIterator(DefaultJsonGenerator.java:396)
	at groovy.json.DefaultJsonGenerator.writeObject(DefaultJsonGenerator.java:202)
	at groovy.json.DefaultJsonGenerator.writeObject(DefaultJsonGenerator.java:164)
	at groovy.json.DefaultJsonGenerator.writeIterator(DefaultJsonGenerator.java:396)
	at groovy.json.DefaultJsonGenerator.writeObject(DefaultJsonGenerator.java:202)
	at groovy.json.DefaultJsonGenerator.writeObject(DefaultJsonGenerator.java:164)
	at groovy.json.DefaultJsonGenerator.writeIterator(DefaultJsonGenerator.java:396)
	at groovy.json.DefaultJsonGenerator.writeObject(DefaultJsonGenerator.java:202)
	at groovy.json.DefaultJsonGenerator.writeObject(DefaultJsonGenerator.java:164)
	at groovy.json.DefaultJsonGenerator.writeIterator(DefaultJsonGenerator.java:396)
	at groovy.json.DefaultJsonGenerator.writeArray(DefaultJsonGenerator.java:279)
	at groovy.json.DefaultJsonGenerator.writeObject(DefaultJsonGenerator.java:221)
	at groovy.json.DefaultJsonGenerator.writeObject(DefaultJsonGenerator.java:164)
	at groovy.json.DefaultJsonGenerator.toJson(DefaultJsonGenerator.java:98)
	at com.askimed.nf.test.lang.extensions.util.SnapshotDiffUtil.writeSnapshotToFile(SnapshotDiffUtil.java:95)
	at com.askimed.nf.test.lang.extensions.util.SnapshotDiffUtil.getDiff(SnapshotDiffUtil.java:37)
	at com.askimed.nf.test.lang.extensions.SnapshotFileItem.equals(SnapshotFileItem.java:69)
	at com.askimed.nf.test.lang.extensions.Snapshot.match(Snapshot.java:57)
	at com.askimed.nf.test.lang.extensions.Snapshot.match(Snapshot.java:27)
	at com.askimed.nf.test.lang.extensions.Snapshot$match.call(Unknown Source)
	at org.codehaus.groovy.runtime.callsite.CallSiteArray.defaultCall(CallSiteArray.java:47)
	at org.codehaus.groovy.runtime.callsite.AbstractCallSite.call(AbstractCallSite.java:125)
	at org.codehaus.groovy.runtime.callsite.AbstractCallSite.call(AbstractCallSite.java:130)
	at main_nf$_run_closure1$_closure2$_closure4$_closure7.doCall(main.nf.test:31)
	at main_nf$_run_closure1$_closure2$_closure4$_closure7.doCall(main.nf.test)
	at java.base/jdk.internal.reflect.NativeMethodAccessorImpl.invoke0(Native Method)
	at java.base/jdk.internal.reflect.NativeMethodAccessorImpl.invoke(NativeMethodAccessorImpl.java:77)
	at java.base/jdk.internal.reflect.DelegatingMethodAccessorImpl.invoke(DelegatingMethodAccessorImpl.java:43)
	at java.base/java.lang.reflect.Method.invoke(Method.java:569)
	at org.codehaus.groovy.reflection.CachedMethod.invoke(CachedMethod.java:107)
	at groovy.lang.MetaMethod.doMethodInvoke(MetaMethod.java:323)
	at org.codehaus.groovy.runtime.metaclass.ClosureMetaClass.invokeMethod(ClosureMetaClass.java:274)
	at groovy.lang.MetaClassImpl.invokeMethod(MetaClassImpl.java:1030)
	at groovy.lang.Closure.call(Closure.java:427)
	at groovy.lang.Closure.call(Closure.java:406)
	at com.askimed.nf.test.lang.extensions.GlobalMethods.assertAll(GlobalMethods.java:39)
	at java.base/jdk.internal.reflect.NativeMethodAccessorImpl.invoke0(Native Method)
	at java.base/jdk.internal.reflect.NativeMethodAccessorImpl.invoke(NativeMethodAccessorImpl.java:77)
	at java.base/jdk.internal.reflect.DelegatingMethodAccessorImpl.invoke(DelegatingMethodAccessorImpl.java:43)
	at java.base/java.lang.reflect.Method.invoke(Method.java:569)
	at org.codehaus.groovy.reflection.CachedMethod.invoke(CachedMethod.java:107)
	at groovy.lang.MetaMethod.doMethodInvoke(MetaMethod.java:323)
	at org.codehaus.groovy.runtime.callsite.StaticMetaMethodSite.invoke(StaticMetaMethodSite.java:44)
	at org.codehaus.groovy.runtime.callsite.StaticMetaMethodSite.callStatic(StaticMetaMethodSite.java:100)
	at org.codehaus.groovy.runtime.callsite.CallSiteArray.defaultCallStatic(CallSiteArray.java:55)
	at org.codehaus.groovy.runtime.callsite.AbstractCallSite.callStatic(AbstractCallSite.java:217)
	at org.codehaus.groovy.runtime.callsite.AbstractCallSite.callStatic(AbstractCallSite.java:240)
	at main_nf$_run_closure1$_closure2$_closure4.doCall(main.nf.test:29)
	at main_nf$_run_closure1$_closure2$_closure4.doCall(main.nf.test)
	at java.base/jdk.internal.reflect.NativeMethodAccessorImpl.invoke0(Native Method)
	at java.base/jdk.internal.reflect.NativeMethodAccessorImpl.invoke(NativeMethodAccessorImpl.java:77)
	at java.base/jdk.internal.reflect.DelegatingMethodAccessorImpl.invoke(DelegatingMethodAccessorImpl.java:43)
	at java.base/java.lang.reflect.Method.invoke(Method.java:569)
	at org.codehaus.groovy.reflection.CachedMethod.invoke(CachedMethod.java:107)
	at groovy.lang.MetaMethod.doMethodInvoke(MetaMethod.java:323)
	at org.codehaus.groovy.runtime.metaclass.ClosureMetaClass.invokeMethod(ClosureMetaClass.java:274)
	at groovy.lang.MetaClassImpl.invokeMethod(MetaClassImpl.java:1030)
	at groovy.lang.Closure.call(Closure.java:427)
	at groovy.lang.Closure.call(Closure.java:406)
	at com.askimed.nf.test.lang.TestCode.execute(TestCode.java:16)
	at com.askimed.nf.test.lang.process.ProcessTest.execute(ProcessTest.java:171)
	at com.askimed.nf.test.core.TestExecutionEngine.execute(TestExecutionEngine.java:172)
	at com.askimed.nf.test.commands.RunTestsCommand.execute(RunTestsCommand.java:322)
	at com.askimed.nf.test.commands.AbstractCommand.call(AbstractCommand.java:43)
	at com.askimed.nf.test.commands.AbstractCommand.call(AbstractCommand.java:18)
	at picocli.CommandLine.executeUserObject(CommandLine.java:1953)
	at picocli.CommandLine.access$1300(CommandLine.java:145)
	at picocli.CommandLine$RunLast.executeUserObjectOfLastSubcommandWithSameParent(CommandLine.java:2352)
	at picocli.CommandLine$RunLast.handle(CommandLine.java:2346)
	at picocli.CommandLine$RunLast.handle(CommandLine.java:2311)
	at picocli.CommandLine$AbstractParseResultHandler.execute(CommandLine.java:2179)
	at picocli.CommandLine.execute(CommandLine.java:2078)
	at com.askimed.nf.test.App.run(App.java:39)
	at com.askimed.nf.test.App.main(App.java:46)
java.io.EOFException
	at java.base/java.util.zip.GZIPInputStream.readUByte(GZIPInputStream.java:268)
	at java.base/java.util.zip.GZIPInputStream.readUShort(GZIPInputStream.java:258)
	at java.base/java.util.zip.GZIPInputStream.readHeader(GZIPInputStream.java:164)
	at java.base/java.util.zip.GZIPInputStream.<init>(GZIPInputStream.java:79)
	at java.base/java.util.zip.GZIPInputStream.<init>(GZIPInputStream.java:91)
	at com.askimed.nf.test.util.FileUtil.getMd5(FileUtil.java:103)
	at com.askimed.nf.test.lang.extensions.PathExtension.getMd5(PathExtension.java:21)
	at com.askimed.nf.test.lang.extensions.util.PathConverter.serializeFile(PathConverter.java:57)
	at com.askimed.nf.test.lang.extensions.util.PathConverter.convert(PathConverter.java:42)
	at groovy.json.DefaultJsonGenerator.writeObject(DefaultJsonGenerator.java:185)
	at groovy.json.DefaultJsonGenerator.writeObject(DefaultJsonGenerator.java:164)
	at groovy.json.DefaultJsonGenerator.writeIterator(DefaultJsonGenerator.java:396)
	at groovy.json.DefaultJsonGenerator.writeObject(DefaultJsonGenerator.java:202)
	at groovy.json.DefaultJsonGenerator.writeObject(DefaultJsonGenerator.java:164)
	at groovy.json.DefaultJsonGenerator.writeIterator(DefaultJsonGenerator.java:396)
	at groovy.json.DefaultJsonGenerator.writeObject(DefaultJsonGenerator.java:202)
	at groovy.json.DefaultJsonGenerator.writeObject(DefaultJsonGenerator.java:164)
	at groovy.json.DefaultJsonGenerator.writeIterator(DefaultJsonGenerator.java:396)
	at groovy.json.DefaultJsonGenerator.writeObject(DefaultJsonGenerator.java:202)
	at groovy.json.DefaultJsonGenerator.writeObject(DefaultJsonGenerator.java:164)
	at groovy.json.DefaultJsonGenerator.writeIterator(DefaultJsonGenerator.java:396)
	at groovy.json.DefaultJsonGenerator.writeArray(DefaultJsonGenerator.java:279)
	at groovy.json.DefaultJsonGenerator.writeObject(DefaultJsonGenerator.java:221)
	at groovy.json.DefaultJsonGenerator.writeObject(DefaultJsonGenerator.java:164)
	at groovy.json.DefaultJsonGenerator.toJson(DefaultJsonGenerator.java:98)
	at com.askimed.nf.test.lang.extensions.util.SnapshotDiffUtil.writeSnapshotToFile(SnapshotDiffUtil.java:95)
	at com.askimed.nf.test.lang.extensions.util.SnapshotDiffUtil.getDiff(SnapshotDiffUtil.java:37)
	at com.askimed.nf.test.lang.extensions.SnapshotFileItem.equals(SnapshotFileItem.java:69)
	at com.askimed.nf.test.lang.extensions.Snapshot.match(Snapshot.java:57)
	at com.askimed.nf.test.lang.extensions.Snapshot.match(Snapshot.java:27)
	at com.askimed.nf.test.lang.extensions.Snapshot$match.call(Unknown Source)
	at org.codehaus.groovy.runtime.callsite.CallSiteArray.defaultCall(CallSiteArray.java:47)
	at org.codehaus.groovy.runtime.callsite.AbstractCallSite.call(AbstractCallSite.java:125)
	at org.codehaus.groovy.runtime.callsite.AbstractCallSite.call(AbstractCallSite.java:130)
	at main_nf$_run_closure1$_closure2$_closure4$_closure7.doCall(main.nf.test:31)
	at main_nf$_run_closure1$_closure2$_closure4$_closure7.doCall(main.nf.test)
	at java.base/jdk.internal.reflect.NativeMethodAccessorImpl.invoke0(Native Method)
	at java.base/jdk.internal.reflect.NativeMethodAccessorImpl.invoke(NativeMethodAccessorImpl.java:77)
	at java.base/jdk.internal.reflect.DelegatingMethodAccessorImpl.invoke(DelegatingMethodAccessorImpl.java:43)
	at java.base/java.lang.reflect.Method.invoke(Method.java:569)
	at org.codehaus.groovy.reflection.CachedMethod.invoke(CachedMethod.java:107)
	at groovy.lang.MetaMethod.doMethodInvoke(MetaMethod.java:323)
	at org.codehaus.groovy.runtime.metaclass.ClosureMetaClass.invokeMethod(ClosureMetaClass.java:274)
	at groovy.lang.MetaClassImpl.invokeMethod(MetaClassImpl.java:1030)
	at groovy.lang.Closure.call(Closure.java:427)
	at groovy.lang.Closure.call(Closure.java:406)
	at com.askimed.nf.test.lang.extensions.GlobalMethods.assertAll(GlobalMethods.java:39)
	at java.base/jdk.internal.reflect.NativeMethodAccessorImpl.invoke0(Native Method)
	at java.base/jdk.internal.reflect.NativeMethodAccessorImpl.invoke(NativeMethodAccessorImpl.java:77)
	at java.base/jdk.internal.reflect.DelegatingMethodAccessorImpl.invoke(DelegatingMethodAccessorImpl.java:43)
	at java.base/java.lang.reflect.Method.invoke(Method.java:569)
	at org.codehaus.groovy.reflection.CachedMethod.invoke(CachedMethod.java:107)
	at groovy.lang.MetaMethod.doMethodInvoke(MetaMethod.java:323)
	at org.codehaus.groovy.runtime.callsite.StaticMetaMethodSite.invoke(StaticMetaMethodSite.java:44)
	at org.codehaus.groovy.runtime.callsite.StaticMetaMethodSite.callStatic(StaticMetaMethodSite.java:100)
	at org.codehaus.groovy.runtime.callsite.CallSiteArray.defaultCallStatic(CallSiteArray.java:55)
	at org.codehaus.groovy.runtime.callsite.AbstractCallSite.callStatic(AbstractCallSite.java:217)
	at org.codehaus.groovy.runtime.callsite.AbstractCallSite.callStatic(AbstractCallSite.java:240)
	at main_nf$_run_closure1$_closure2$_closure4.doCall(main.nf.test:29)
	at main_nf$_run_closure1$_closure2$_closure4.doCall(main.nf.test)
	at java.base/jdk.internal.reflect.NativeMethodAccessorImpl.invoke0(Native Method)
	at java.base/jdk.internal.reflect.NativeMethodAccessorImpl.invoke(NativeMethodAccessorImpl.java:77)
	at java.base/jdk.internal.reflect.DelegatingMethodAccessorImpl.invoke(DelegatingMethodAccessorImpl.java:43)
	at java.base/java.lang.reflect.Method.invoke(Method.java:569)
	at org.codehaus.groovy.reflection.CachedMethod.invoke(CachedMethod.java:107)
	at groovy.lang.MetaMethod.doMethodInvoke(MetaMethod.java:323)
	at org.codehaus.groovy.runtime.metaclass.ClosureMetaClass.invokeMethod(ClosureMetaClass.java:274)
	at groovy.lang.MetaClassImpl.invokeMethod(MetaClassImpl.java:1030)
	at groovy.lang.Closure.call(Closure.java:427)
	at groovy.lang.Closure.call(Closure.java:406)
	at com.askimed.nf.test.lang.TestCode.execute(TestCode.java:16)
	at com.askimed.nf.test.lang.process.ProcessTest.execute(ProcessTest.java:171)
	at com.askimed.nf.test.core.TestExecutionEngine.execute(TestExecutionEngine.java:172)
	at com.askimed.nf.test.commands.RunTestsCommand.execute(RunTestsCommand.java:322)
	at com.askimed.nf.test.commands.AbstractCommand.call(AbstractCommand.java:43)
	at com.askimed.nf.test.commands.AbstractCommand.call(AbstractCommand.java:18)
	at picocli.CommandLine.executeUserObject(CommandLine.java:1953)
	at picocli.CommandLine.access$1300(CommandLine.java:145)
	at picocli.CommandLine$RunLast.executeUserObjectOfLastSubcommandWithSameParent(CommandLine.java:2352)
	at picocli.CommandLine$RunLast.handle(CommandLine.java:2346)
	at picocli.CommandLine$RunLast.handle(CommandLine.java:2311)
	at picocli.CommandLine$AbstractParseResultHandler.execute(CommandLine.java:2179)
	at picocli.CommandLine.execute(CommandLine.java:2078)
	at com.askimed.nf.test.App.run(App.java:39)
	at com.askimed.nf.test.App.main(App.java:46)
java.io.EOFException
	at java.base/java.util.zip.GZIPInputStream.readUByte(GZIPInputStream.java:268)
	at java.base/java.util.zip.GZIPInputStream.readUShort(GZIPInputStream.java:258)
	at java.base/java.util.zip.GZIPInputStream.readHeader(GZIPInputStream.java:164)
	at java.base/java.util.zip.GZIPInputStream.<init>(GZIPInputStream.java:79)
	at java.base/java.util.zip.GZIPInputStream.<init>(GZIPInputStream.java:91)
	at com.askimed.nf.test.util.FileUtil.getMd5(FileUtil.java:103)
	at com.askimed.nf.test.lang.extensions.PathExtension.getMd5(PathExtension.java:21)
	at com.askimed.nf.test.lang.extensions.util.PathConverter.serializeFile(PathConverter.java:57)
	at com.askimed.nf.test.lang.extensions.util.PathConverter.convert(PathConverter.java:42)
	at groovy.json.DefaultJsonGenerator.writeObject(DefaultJsonGenerator.java:185)
	at groovy.json.DefaultJsonGenerator.writeObject(DefaultJsonGenerator.java:164)
	at groovy.json.DefaultJsonGenerator.writeIterator(DefaultJsonGenerator.java:396)
	at groovy.json.DefaultJsonGenerator.writeObject(DefaultJsonGenerator.java:202)
	at groovy.json.DefaultJsonGenerator.writeObject(DefaultJsonGenerator.java:164)
	at groovy.json.DefaultJsonGenerator.writeIterator(DefaultJsonGenerator.java:396)
	at groovy.json.DefaultJsonGenerator.writeObject(DefaultJsonGenerator.java:202)
	at groovy.json.DefaultJsonGenerator.writeObject(DefaultJsonGenerator.java:164)
	at groovy.json.DefaultJsonGenerator.writeIterator(DefaultJsonGenerator.java:396)
	at groovy.json.DefaultJsonGenerator.writeObject(DefaultJsonGenerator.java:202)
	at groovy.json.DefaultJsonGenerator.writeObject(DefaultJsonGenerator.java:164)
	at groovy.json.DefaultJsonGenerator.writeIterator(DefaultJsonGenerator.java:396)
	at groovy.json.DefaultJsonGenerator.writeArray(DefaultJsonGenerator.java:279)
	at groovy.json.DefaultJsonGenerator.writeObject(DefaultJsonGenerator.java:221)
	at groovy.json.DefaultJsonGenerator.writeObject(DefaultJsonGenerator.java:164)
	at groovy.json.DefaultJsonGenerator.toJson(DefaultJsonGenerator.java:98)
	at com.askimed.nf.test.lang.extensions.util.SnapshotDiffUtil.writeSnapshotToFile(SnapshotDiffUtil.java:95)
	at com.askimed.nf.test.lang.extensions.util.SnapshotDiffUtil.getDiff(SnapshotDiffUtil.java:37)
	at com.askimed.nf.test.lang.extensions.SnapshotFileItem.equals(SnapshotFileItem.java:69)
	at com.askimed.nf.test.lang.extensions.Snapshot.match(Snapshot.java:57)
	at com.askimed.nf.test.lang.extensions.Snapshot.match(Snapshot.java:27)
	at com.askimed.nf.test.lang.extensions.Snapshot$match.call(Unknown Source)
	at org.codehaus.groovy.runtime.callsite.CallSiteArray.defaultCall(CallSiteArray.java:47)
	at org.codehaus.groovy.runtime.callsite.AbstractCallSite.call(AbstractCallSite.java:125)
	at org.codehaus.groovy.runtime.callsite.AbstractCallSite.call(AbstractCallSite.java:130)
	at main_nf$_run_closure1$_closure2$_closure4$_closure7.doCall(main.nf.test:31)
	at main_nf$_run_closure1$_closure2$_closure4$_closure7.doCall(main.nf.test)
	at java.base/jdk.internal.reflect.NativeMethodAccessorImpl.invoke0(Native Method)
	at java.base/jdk.internal.reflect.NativeMethodAccessorImpl.invoke(NativeMethodAccessorImpl.java:77)
	at java.base/jdk.internal.reflect.DelegatingMethodAccessorImpl.invoke(DelegatingMethodAccessorImpl.java:43)
	at java.base/java.lang.reflect.Method.invoke(Method.java:569)
	at org.codehaus.groovy.reflection.CachedMethod.invoke(CachedMethod.java:107)
	at groovy.lang.MetaMethod.doMethodInvoke(MetaMethod.java:323)
	at org.codehaus.groovy.runtime.metaclass.ClosureMetaClass.invokeMethod(ClosureMetaClass.java:274)
	at groovy.lang.MetaClassImpl.invokeMethod(MetaClassImpl.java:1030)
	at groovy.lang.Closure.call(Closure.java:427)
	at groovy.lang.Closure.call(Closure.java:406)
	at com.askimed.nf.test.lang.extensions.GlobalMethods.assertAll(GlobalMethods.java:39)
	at java.base/jdk.internal.reflect.NativeMethodAccessorImpl.invoke0(Native Method)
	at java.base/jdk.internal.reflect.NativeMethodAccessorImpl.invoke(NativeMethodAccessorImpl.java:77)
	at java.base/jdk.internal.reflect.DelegatingMethodAccessorImpl.invoke(DelegatingMethodAccessorImpl.java:43)
	at java.base/java.lang.reflect.Method.invoke(Method.java:569)
	at org.codehaus.groovy.reflection.CachedMethod.invoke(CachedMethod.java:107)
	at groovy.lang.MetaMethod.doMethodInvoke(MetaMethod.java:323)
	at org.codehaus.groovy.runtime.callsite.StaticMetaMethodSite.invoke(StaticMetaMethodSite.java:44)
	at org.codehaus.groovy.runtime.callsite.StaticMetaMethodSite.callStatic(StaticMetaMethodSite.java:100)
	at org.codehaus.groovy.runtime.callsite.CallSiteArray.defaultCallStatic(CallSiteArray.java:55)
	at org.codehaus.groovy.runtime.callsite.AbstractCallSite.callStatic(AbstractCallSite.java:217)
	at org.codehaus.groovy.runtime.callsite.AbstractCallSite.callStatic(AbstractCallSite.java:240)
	at main_nf$_run_closure1$_closure2$_closure4.doCall(main.nf.test:29)
	at main_nf$_run_closure1$_closure2$_closure4.doCall(main.nf.test)
	at java.base/jdk.internal.reflect.NativeMethodAccessorImpl.invoke0(Native Method)
	at java.base/jdk.internal.reflect.NativeMethodAccessorImpl.invoke(NativeMethodAccessorImpl.java:77)
	at java.base/jdk.internal.reflect.DelegatingMethodAccessorImpl.invoke(DelegatingMethodAccessorImpl.java:43)
	at java.base/java.lang.reflect.Method.invoke(Method.java:569)
	at org.codehaus.groovy.reflection.CachedMethod.invoke(CachedMethod.java:107)
	at groovy.lang.MetaMethod.doMethodInvoke(MetaMethod.java:323)
	at org.codehaus.groovy.runtime.metaclass.ClosureMetaClass.invokeMethod(ClosureMetaClass.java:274)
	at groovy.lang.MetaClassImpl.invokeMethod(MetaClassImpl.java:1030)
	at groovy.lang.Closure.call(Closure.java:427)
	at groovy.lang.Closure.call(Closure.java:406)
	at com.askimed.nf.test.lang.TestCode.execute(TestCode.java:16)
	at com.askimed.nf.test.lang.process.ProcessTest.execute(ProcessTest.java:171)
	at com.askimed.nf.test.core.TestExecutionEngine.execute(TestExecutionEngine.java:172)
	at com.askimed.nf.test.commands.RunTestsCommand.execute(RunTestsCommand.java:322)
	at com.askimed.nf.test.commands.AbstractCommand.call(AbstractCommand.java:43)
	at com.askimed.nf.test.commands.AbstractCommand.call(AbstractCommand.java:18)
	at picocli.CommandLine.executeUserObject(CommandLine.java:1953)
	at picocli.CommandLine.access$1300(CommandLine.java:145)
	at picocli.CommandLine$RunLast.executeUserObjectOfLastSubcommandWithSameParent(CommandLine.java:2352)
	at picocli.CommandLine$RunLast.handle(CommandLine.java:2346)
	at picocli.CommandLine$RunLast.handle(CommandLine.java:2311)
	at picocli.CommandLine$AbstractParseResultHandler.execute(CommandLine.java:2179)
	at picocli.CommandLine.execute(CommandLine.java:2078)
	at com.askimed.nf.test.App.run(App.java:39)
	at com.askimed.nf.test.App.main(App.java:46)
java.io.EOFException
	at java.base/java.util.zip.GZIPInputStream.readUByte(GZIPInputStream.java:268)
	at java.base/java.util.zip.GZIPInputStream.readUShort(GZIPInputStream.java:258)
	at java.base/java.util.zip.GZIPInputStream.readHeader(GZIPInputStream.java:164)
	at java.base/java.util.zip.GZIPInputStream.<init>(GZIPInputStream.java:79)
	at java.base/java.util.zip.GZIPInputStream.<init>(GZIPInputStream.java:91)
	at com.askimed.nf.test.util.FileUtil.getMd5(FileUtil.java:103)
	at com.askimed.nf.test.lang.extensions.PathExtension.getMd5(PathExtension.java:21)
	at com.askimed.nf.test.lang.extensions.util.PathConverter.serializeFile(PathConverter.java:57)
	at com.askimed.nf.test.lang.extensions.util.PathConverter.convert(PathConverter.java:42)
	at groovy.json.DefaultJsonGenerator.writeObject(DefaultJsonGenerator.java:185)
	at groovy.json.DefaultJsonGenerator.writeObject(DefaultJsonGenerator.java:164)
	at groovy.json.DefaultJsonGenerator.writeIterator(DefaultJsonGenerator.java:396)
	at groovy.json.DefaultJsonGenerator.writeObject(DefaultJsonGenerator.java:202)
	at groovy.json.DefaultJsonGenerator.writeObject(DefaultJsonGenerator.java:164)
	at groovy.json.DefaultJsonGenerator.writeIterator(DefaultJsonGenerator.java:396)
	at groovy.json.DefaultJsonGenerator.writeObject(DefaultJsonGenerator.java:202)
	at groovy.json.DefaultJsonGenerator.writeObject(DefaultJsonGenerator.java:164)
	at groovy.json.DefaultJsonGenerator.writeIterator(DefaultJsonGenerator.java:396)
	at groovy.json.DefaultJsonGenerator.writeObject(DefaultJsonGenerator.java:202)
	at groovy.json.DefaultJsonGenerator.writeObject(DefaultJsonGenerator.java:164)
	at groovy.json.DefaultJsonGenerator.writeIterator(DefaultJsonGenerator.java:396)
	at groovy.json.DefaultJsonGenerator.writeArray(DefaultJsonGenerator.java:279)
	at groovy.json.DefaultJsonGenerator.writeObject(DefaultJsonGenerator.java:221)
	at groovy.json.DefaultJsonGenerator.writeObject(DefaultJsonGenerator.java:164)
	at groovy.json.DefaultJsonGenerator.toJson(DefaultJsonGenerator.java:98)
	at com.askimed.nf.test.lang.extensions.util.SnapshotDiffUtil.writeSnapshotToFile(SnapshotDiffUtil.java:95)
	at com.askimed.nf.test.lang.extensions.util.SnapshotDiffUtil.getDiff(SnapshotDiffUtil.java:37)
	at com.askimed.nf.test.lang.extensions.SnapshotFileItem.equals(SnapshotFileItem.java:69)
	at com.askimed.nf.test.lang.extensions.Snapshot.match(Snapshot.java:57)
	at com.askimed.nf.test.lang.extensions.Snapshot.match(Snapshot.java:27)
	at com.askimed.nf.test.lang.extensions.Snapshot$match.call(Unknown Source)
	at org.codehaus.groovy.runtime.callsite.CallSiteArray.defaultCall(CallSiteArray.java:47)
	at org.codehaus.groovy.runtime.callsite.AbstractCallSite.call(AbstractCallSite.java:125)
	at org.codehaus.groovy.runtime.callsite.AbstractCallSite.call(AbstractCallSite.java:130)
	at main_nf$_run_closure1$_closure2$_closure4$_closure7.doCall(main.nf.test:31)
	at main_nf$_run_closure1$_closure2$_closure4$_closure7.doCall(main.nf.test)
	at java.base/jdk.internal.reflect.NativeMethodAccessorImpl.invoke0(Native Method)
	at java.base/jdk.internal.reflect.NativeMethodAccessorImpl.invoke(NativeMethodAccessorImpl.java:77)
	at java.base/jdk.internal.reflect.DelegatingMethodAccessorImpl.invoke(DelegatingMethodAccessorImpl.java:43)
	at java.base/java.lang.reflect.Method.invoke(Method.java:569)
	at org.codehaus.groovy.reflection.CachedMethod.invoke(CachedMethod.java:107)
	at groovy.lang.MetaMethod.doMethodInvoke(MetaMethod.java:323)
	at org.codehaus.groovy.runtime.metaclass.ClosureMetaClass.invokeMethod(ClosureMetaClass.java:274)
	at groovy.lang.MetaClassImpl.invokeMethod(MetaClassImpl.java:1030)
	at groovy.lang.Closure.call(Closure.java:427)
	at groovy.lang.Closure.call(Closure.java:406)
	at com.askimed.nf.test.lang.extensions.GlobalMethods.assertAll(GlobalMethods.java:39)
	at java.base/jdk.internal.reflect.NativeMethodAccessorImpl.invoke0(Native Method)
	at java.base/jdk.internal.reflect.NativeMethodAccessorImpl.invoke(NativeMethodAccessorImpl.java:77)
	at java.base/jdk.internal.reflect.DelegatingMethodAccessorImpl.invoke(DelegatingMethodAccessorImpl.java:43)
	at java.base/java.lang.reflect.Method.invoke(Method.java:569)
	at org.codehaus.groovy.reflection.CachedMethod.invoke(CachedMethod.java:107)
	at groovy.lang.MetaMethod.doMethodInvoke(MetaMethod.java:323)
	at org.codehaus.groovy.runtime.callsite.StaticMetaMethodSite.invoke(StaticMetaMethodSite.java:44)
	at org.codehaus.groovy.runtime.callsite.StaticMetaMethodSite.callStatic(StaticMetaMethodSite.java:100)
	at org.codehaus.groovy.runtime.callsite.CallSiteArray.defaultCallStatic(CallSiteArray.java:55)
	at org.codehaus.groovy.runtime.callsite.AbstractCallSite.callStatic(AbstractCallSite.java:217)
	at org.codehaus.groovy.runtime.callsite.AbstractCallSite.callStatic(AbstractCallSite.java:240)
	at main_nf$_run_closure1$_closure2$_closure4.doCall(main.nf.test:29)
	at main_nf$_run_closure1$_closure2$_closure4.doCall(main.nf.test)
	at java.base/jdk.internal.reflect.NativeMethodAccessorImpl.invoke0(Native Method)
	at java.base/jdk.internal.reflect.NativeMethodAccessorImpl.invoke(NativeMethodAccessorImpl.java:77)
	at java.base/jdk.internal.reflect.DelegatingMethodAccessorImpl.invoke(DelegatingMethodAccessorImpl.java:43)
	at java.base/java.lang.reflect.Method.invoke(Method.java:569)
	at org.codehaus.groovy.reflection.CachedMethod.invoke(CachedMethod.java:107)
	at groovy.lang.MetaMethod.doMethodInvoke(MetaMethod.java:323)
	at org.codehaus.groovy.runtime.metaclass.ClosureMetaClass.invokeMethod(ClosureMetaClass.java:274)
	at groovy.lang.MetaClassImpl.invokeMethod(MetaClassImpl.java:1030)
	at groovy.lang.Closure.call(Closure.java:427)
	at groovy.lang.Closure.call(Closure.java:406)
	at com.askimed.nf.test.lang.TestCode.execute(TestCode.java:16)
	at com.askimed.nf.test.lang.process.ProcessTest.execute(ProcessTest.java:171)
	at com.askimed.nf.test.core.TestExecutionEngine.execute(TestExecutionEngine.java:172)
	at com.askimed.nf.test.commands.RunTestsCommand.execute(RunTestsCommand.java:322)
	at com.askimed.nf.test.commands.AbstractCommand.call(AbstractCommand.java:43)
	at com.askimed.nf.test.commands.AbstractCommand.call(AbstractCommand.java:18)
	at picocli.CommandLine.executeUserObject(CommandLine.java:1953)
	at picocli.CommandLine.access$1300(CommandLine.java:145)
	at picocli.CommandLine$RunLast.executeUserObjectOfLastSubcommandWithSameParent(CommandLine.java:2352)
	at picocli.CommandLine$RunLast.handle(CommandLine.java:2346)
	at picocli.CommandLine$RunLast.handle(CommandLine.java:2311)
	at picocli.CommandLine$AbstractParseResultHandler.execute(CommandLine.java:2179)
	at picocli.CommandLine.execute(CommandLine.java:2078)
	at com.askimed.nf.test.App.run(App.java:39)
	at com.askimed.nf.test.App.main(App.java:46)
java.io.EOFException
	at java.base/java.util.zip.GZIPInputStream.readUByte(GZIPInputStream.java:268)
	at java.base/java.util.zip.GZIPInputStream.readUShort(GZIPInputStream.java:258)
	at java.base/java.util.zip.GZIPInputStream.readHeader(GZIPInputStream.java:164)
	at java.base/java.util.zip.GZIPInputStream.<init>(GZIPInputStream.java:79)
	at java.base/java.util.zip.GZIPInputStream.<init>(GZIPInputStream.java:91)
	at com.askimed.nf.test.util.FileUtil.getMd5(FileUtil.java:103)
	at com.askimed.nf.test.lang.extensions.PathExtension.getMd5(PathExtension.java:21)
	at com.askimed.nf.test.lang.extensions.util.PathConverter.serializeFile(PathConverter.java:57)
	at com.askimed.nf.test.lang.extensions.util.PathConverter.convert(PathConverter.java:42)
	at groovy.json.DefaultJsonGenerator.writeObject(DefaultJsonGenerator.java:185)
	at groovy.json.DefaultJsonGenerator.writeObject(DefaultJsonGenerator.java:164)
	at groovy.json.DefaultJsonGenerator.writeIterator(DefaultJsonGenerator.java:396)
	at groovy.json.DefaultJsonGenerator.writeObject(DefaultJsonGenerator.java:202)
	at groovy.json.DefaultJsonGenerator.writeObject(DefaultJsonGenerator.java:164)
	at groovy.json.DefaultJsonGenerator.writeIterator(DefaultJsonGenerator.java:396)
	at groovy.json.DefaultJsonGenerator.writeObject(DefaultJsonGenerator.java:202)
	at groovy.json.DefaultJsonGenerator.writeObject(DefaultJsonGenerator.java:164)
	at groovy.json.DefaultJsonGenerator.writeIterator(DefaultJsonGenerator.java:396)
	at groovy.json.DefaultJsonGenerator.writeObject(DefaultJsonGenerator.java:202)
	at groovy.json.DefaultJsonGenerator.writeObject(DefaultJsonGenerator.java:164)
	at groovy.json.DefaultJsonGenerator.writeIterator(DefaultJsonGenerator.java:396)
	at groovy.json.DefaultJsonGenerator.writeArray(DefaultJsonGenerator.java:279)
	at groovy.json.DefaultJsonGenerator.writeObject(DefaultJsonGenerator.java:221)
	at groovy.json.DefaultJsonGenerator.writeObject(DefaultJsonGenerator.java:164)
	at groovy.json.DefaultJsonGenerator.toJson(DefaultJsonGenerator.java:98)
	at com.askimed.nf.test.lang.extensions.util.SnapshotDiffUtil.writeSnapshotToFile(SnapshotDiffUtil.java:95)
	at com.askimed.nf.test.lang.extensions.util.SnapshotDiffUtil.getDiff(SnapshotDiffUtil.java:37)
	at com.askimed.nf.test.lang.extensions.SnapshotFileItem.equals(SnapshotFileItem.java:69)
	at com.askimed.nf.test.lang.extensions.Snapshot.match(Snapshot.java:57)
	at com.askimed.nf.test.lang.extensions.Snapshot.match(Snapshot.java:27)
	at com.askimed.nf.test.lang.extensions.Snapshot$match.call(Unknown Source)
	at org.codehaus.groovy.runtime.callsite.CallSiteArray.defaultCall(CallSiteArray.java:47)
	at org.codehaus.groovy.runtime.callsite.AbstractCallSite.call(AbstractCallSite.java:125)
	at org.codehaus.groovy.runtime.callsite.AbstractCallSite.call(AbstractCallSite.java:130)
	at main_nf$_run_closure1$_closure2$_closure4$_closure7.doCall(main.nf.test:31)
	at main_nf$_run_closure1$_closure2$_closure4$_closure7.doCall(main.nf.test)
	at java.base/jdk.internal.reflect.NativeMethodAccessorImpl.invoke0(Native Method)
	at java.base/jdk.internal.reflect.NativeMethodAccessorImpl.invoke(NativeMethodAccessorImpl.java:77)
	at java.base/jdk.internal.reflect.DelegatingMethodAccessorImpl.invoke(DelegatingMethodAccessorImpl.java:43)
	at java.base/java.lang.reflect.Method.invoke(Method.java:569)
	at org.codehaus.groovy.reflection.CachedMethod.invoke(CachedMethod.java:107)
	at groovy.lang.MetaMethod.doMethodInvoke(MetaMethod.java:323)
	at org.codehaus.groovy.runtime.metaclass.ClosureMetaClass.invokeMethod(ClosureMetaClass.java:274)
	at groovy.lang.MetaClassImpl.invokeMethod(MetaClassImpl.java:1030)
	at groovy.lang.Closure.call(Closure.java:427)
	at groovy.lang.Closure.call(Closure.java:406)
	at com.askimed.nf.test.lang.extensions.GlobalMethods.assertAll(GlobalMethods.java:39)
	at java.base/jdk.internal.reflect.NativeMethodAccessorImpl.invoke0(Native Method)
	at java.base/jdk.internal.reflect.NativeMethodAccessorImpl.invoke(NativeMethodAccessorImpl.java:77)
	at java.base/jdk.internal.reflect.DelegatingMethodAccessorImpl.invoke(DelegatingMethodAccessorImpl.java:43)
	at java.base/java.lang.reflect.Method.invoke(Method.java:569)
	at org.codehaus.groovy.reflection.CachedMethod.invoke(CachedMethod.java:107)
	at groovy.lang.MetaMethod.doMethodInvoke(MetaMethod.java:323)
	at org.codehaus.groovy.runtime.callsite.StaticMetaMethodSite.invoke(StaticMetaMethodSite.java:44)
	at org.codehaus.groovy.runtime.callsite.StaticMetaMethodSite.callStatic(StaticMetaMethodSite.java:100)
	at org.codehaus.groovy.runtime.callsite.CallSiteArray.defaultCallStatic(CallSiteArray.java:55)
	at org.codehaus.groovy.runtime.callsite.AbstractCallSite.callStatic(AbstractCallSite.java:217)
	at org.codehaus.groovy.runtime.callsite.AbstractCallSite.callStatic(AbstractCallSite.java:240)
	at main_nf$_run_closure1$_closure2$_closure4.doCall(main.nf.test:29)
	at main_nf$_run_closure1$_closure2$_closure4.doCall(main.nf.test)
	at java.base/jdk.internal.reflect.NativeMethodAccessorImpl.invoke0(Native Method)
	at java.base/jdk.internal.reflect.NativeMethodAccessorImpl.invoke(NativeMethodAccessorImpl.java:77)
	at java.base/jdk.internal.reflect.DelegatingMethodAccessorImpl.invoke(DelegatingMethodAccessorImpl.java:43)
	at java.base/java.lang.reflect.Method.invoke(Method.java:569)
	at org.codehaus.groovy.reflection.CachedMethod.invoke(CachedMethod.java:107)
	at groovy.lang.MetaMethod.doMethodInvoke(MetaMethod.java:323)
	at org.codehaus.groovy.runtime.metaclass.ClosureMetaClass.invokeMethod(ClosureMetaClass.java:274)
	at groovy.lang.MetaClassImpl.invokeMethod(MetaClassImpl.java:1030)
	at groovy.lang.Closure.call(Closure.java:427)
	at groovy.lang.Closure.call(Closure.java:406)
	at com.askimed.nf.test.lang.TestCode.execute(TestCode.java:16)
	at com.askimed.nf.test.lang.process.ProcessTest.execute(ProcessTest.java:171)
	at com.askimed.nf.test.core.TestExecutionEngine.execute(TestExecutionEngine.java:172)
	at com.askimed.nf.test.commands.RunTestsCommand.execute(RunTestsCommand.java:322)
	at com.askimed.nf.test.commands.AbstractCommand.call(AbstractCommand.java:43)
	at com.askimed.nf.test.commands.AbstractCommand.call(AbstractCommand.java:18)
	at picocli.CommandLine.executeUserObject(CommandLine.java:1953)
	at picocli.CommandLine.access$1300(CommandLine.java:145)
	at picocli.CommandLine$RunLast.executeUserObjectOfLastSubcommandWithSameParent(CommandLine.java:2352)
	at picocli.CommandLine$RunLast.handle(CommandLine.java:2346)
	at picocli.CommandLine$RunLast.handle(CommandLine.java:2311)
	at picocli.CommandLine$AbstractParseResultHandler.execute(CommandLine.java:2179)
	at picocli.CommandLine.execute(CommandLine.java:2078)
	at com.askimed.nf.test.App.run(App.java:39)
	at com.askimed.nf.test.App.main(App.java:46)
java.io.EOFException
	at java.base/java.util.zip.GZIPInputStream.readUByte(GZIPInputStream.java:268)
	at java.base/java.util.zip.GZIPInputStream.readUShort(GZIPInputStream.java:258)
	at java.base/java.util.zip.GZIPInputStream.readHeader(GZIPInputStream.java:164)
	at java.base/java.util.zip.GZIPInputStream.<init>(GZIPInputStream.java:79)
	at java.base/java.util.zip.GZIPInputStream.<init>(GZIPInputStream.java:91)
	at com.askimed.nf.test.util.FileUtil.getMd5(FileUtil.java:103)
	at com.askimed.nf.test.lang.extensions.PathExtension.getMd5(PathExtension.java:21)
	at com.askimed.nf.test.lang.extensions.util.PathConverter.serializeFile(PathConverter.java:57)
	at com.askimed.nf.test.lang.extensions.util.PathConverter.convert(PathConverter.java:42)
	at groovy.json.DefaultJsonGenerator.writeObject(DefaultJsonGenerator.java:185)
	at groovy.json.DefaultJsonGenerator.writeObject(DefaultJsonGenerator.java:164)
	at groovy.json.DefaultJsonGenerator.writeIterator(DefaultJsonGenerator.java:396)
	at groovy.json.DefaultJsonGenerator.writeObject(DefaultJsonGenerator.java:202)
	at groovy.json.DefaultJsonGenerator.writeObject(DefaultJsonGenerator.java:164)
	at groovy.json.DefaultJsonGenerator.writeIterator(DefaultJsonGenerator.java:396)
	at groovy.json.DefaultJsonGenerator.writeObject(DefaultJsonGenerator.java:202)
	at groovy.json.DefaultJsonGenerator.writeObject(DefaultJsonGenerator.java:164)
	at groovy.json.DefaultJsonGenerator.writeIterator(DefaultJsonGenerator.java:396)
	at groovy.json.DefaultJsonGenerator.writeObject(DefaultJsonGenerator.java:202)
	at groovy.json.DefaultJsonGenerator.writeObject(DefaultJsonGenerator.java:164)
	at groovy.json.DefaultJsonGenerator.writeIterator(DefaultJsonGenerator.java:396)
	at groovy.json.DefaultJsonGenerator.writeArray(DefaultJsonGenerator.java:279)
	at groovy.json.DefaultJsonGenerator.writeObject(DefaultJsonGenerator.java:221)
	at groovy.json.DefaultJsonGenerator.writeObject(DefaultJsonGenerator.java:164)
	at groovy.json.DefaultJsonGenerator.toJson(DefaultJsonGenerator.java:98)
	at com.askimed.nf.test.lang.extensions.util.SnapshotDiffUtil.writeSnapshotToFile(SnapshotDiffUtil.java:95)
	at com.askimed.nf.test.lang.extensions.util.SnapshotDiffUtil.getDiff(SnapshotDiffUtil.java:37)
	at com.askimed.nf.test.lang.extensions.SnapshotFileItem.equals(SnapshotFileItem.java:69)
	at com.askimed.nf.test.lang.extensions.Snapshot.match(Snapshot.java:57)
	at com.askimed.nf.test.lang.extensions.Snapshot.match(Snapshot.java:27)
	at com.askimed.nf.test.lang.extensions.Snapshot$match.call(Unknown Source)
	at org.codehaus.groovy.runtime.callsite.CallSiteArray.defaultCall(CallSiteArray.java:47)
	at org.codehaus.groovy.runtime.callsite.AbstractCallSite.call(AbstractCallSite.java:125)
	at org.codehaus.groovy.runtime.callsite.AbstractCallSite.call(AbstractCallSite.java:130)
	at main_nf$_run_closure1$_closure2$_closure4$_closure7.doCall(main.nf.test:31)
	at main_nf$_run_closure1$_closure2$_closure4$_closure7.doCall(main.nf.test)
	at java.base/jdk.internal.reflect.NativeMethodAccessorImpl.invoke0(Native Method)
	at java.base/jdk.internal.reflect.NativeMethodAccessorImpl.invoke(NativeMethodAccessorImpl.java:77)
	at java.base/jdk.internal.reflect.DelegatingMethodAccessorImpl.invoke(DelegatingMethodAccessorImpl.java:43)
	at java.base/java.lang.reflect.Method.invoke(Method.java:569)
	at org.codehaus.groovy.reflection.CachedMethod.invoke(CachedMethod.java:107)
	at groovy.lang.MetaMethod.doMethodInvoke(MetaMethod.java:323)
	at org.codehaus.groovy.runtime.metaclass.ClosureMetaClass.invokeMethod(ClosureMetaClass.java:274)
	at groovy.lang.MetaClassImpl.invokeMethod(MetaClassImpl.java:1030)
	at groovy.lang.Closure.call(Closure.java:427)
	at groovy.lang.Closure.call(Closure.java:406)
	at com.askimed.nf.test.lang.extensions.GlobalMethods.assertAll(GlobalMethods.java:39)
	at java.base/jdk.internal.reflect.NativeMethodAccessorImpl.invoke0(Native Method)
	at java.base/jdk.internal.reflect.NativeMethodAccessorImpl.invoke(NativeMethodAccessorImpl.java:77)
	at java.base/jdk.internal.reflect.DelegatingMethodAccessorImpl.invoke(DelegatingMethodAccessorImpl.java:43)
	at java.base/java.lang.reflect.Method.invoke(Method.java:569)
	at org.codehaus.groovy.reflection.CachedMethod.invoke(CachedMethod.java:107)
	at groovy.lang.MetaMethod.doMethodInvoke(MetaMethod.java:323)
	at org.codehaus.groovy.runtime.callsite.StaticMetaMethodSite.invoke(StaticMetaMethodSite.java:44)
	at org.codehaus.groovy.runtime.callsite.StaticMetaMethodSite.callStatic(StaticMetaMethodSite.java:100)
	at org.codehaus.groovy.runtime.callsite.CallSiteArray.defaultCallStatic(CallSiteArray.java:55)
	at org.codehaus.groovy.runtime.callsite.AbstractCallSite.callStatic(AbstractCallSite.java:217)
	at org.codehaus.groovy.runtime.callsite.AbstractCallSite.callStatic(AbstractCallSite.java:240)
	at main_nf$_run_closure1$_closure2$_closure4.doCall(main.nf.test:29)
	at main_nf$_run_closure1$_closure2$_closure4.doCall(main.nf.test)
	at java.base/jdk.internal.reflect.NativeMethodAccessorImpl.invoke0(Native Method)
	at java.base/jdk.internal.reflect.NativeMethodAccessorImpl.invoke(NativeMethodAccessorImpl.java:77)
	at java.base/jdk.internal.reflect.DelegatingMethodAccessorImpl.invoke(DelegatingMethodAccessorImpl.java:43)
	at java.base/java.lang.reflect.Method.invoke(Method.java:569)
	at org.codehaus.groovy.reflection.CachedMethod.invoke(CachedMethod.java:107)
	at groovy.lang.MetaMethod.doMethodInvoke(MetaMethod.java:323)
	at org.codehaus.groovy.runtime.metaclass.ClosureMetaClass.invokeMethod(ClosureMetaClass.java:274)
	at groovy.lang.MetaClassImpl.invokeMethod(MetaClassImpl.java:1030)
	at groovy.lang.Closure.call(Closure.java:427)
	at groovy.lang.Closure.call(Closure.java:406)
	at com.askimed.nf.test.lang.TestCode.execute(TestCode.java:16)
	at com.askimed.nf.test.lang.process.ProcessTest.execute(ProcessTest.java:171)
	at com.askimed.nf.test.core.TestExecutionEngine.execute(TestExecutionEngine.java:172)
	at com.askimed.nf.test.commands.RunTestsCommand.execute(RunTestsCommand.java:322)
	at com.askimed.nf.test.commands.AbstractCommand.call(AbstractCommand.java:43)
	at com.askimed.nf.test.commands.AbstractCommand.call(AbstractCommand.java:18)
	at picocli.CommandLine.executeUserObject(CommandLine.java:1953)
	at picocli.CommandLine.access$1300(CommandLine.java:145)
	at picocli.CommandLine$RunLast.executeUserObjectOfLastSubcommandWithSameParent(CommandLine.java:2352)
	at picocli.CommandLine$RunLast.handle(CommandLine.java:2346)
	at picocli.CommandLine$RunLast.handle(CommandLine.java:2311)
	at picocli.CommandLine$AbstractParseResultHandler.execute(CommandLine.java:2179)
	at picocli.CommandLine.execute(CommandLine.java:2078)
	at com.askimed.nf.test.App.run(App.java:39)
	at com.askimed.nf.test.App.main(App.java:46)
java.io.EOFException
	at java.base/java.util.zip.GZIPInputStream.readUByte(GZIPInputStream.java:268)
	at java.base/java.util.zip.GZIPInputStream.readUShort(GZIPInputStream.java:258)
	at java.base/java.util.zip.GZIPInputStream.readHeader(GZIPInputStream.java:164)
	at java.base/java.util.zip.GZIPInputStream.<init>(GZIPInputStream.java:79)
	at java.base/java.util.zip.GZIPInputStream.<init>(GZIPInputStream.java:91)
	at com.askimed.nf.test.util.FileUtil.getMd5(FileUtil.java:103)
	at com.askimed.nf.test.lang.extensions.PathExtension.getMd5(PathExtension.java:21)
	at com.askimed.nf.test.lang.extensions.util.PathConverter.serializeFile(PathConverter.java:57)
	at com.askimed.nf.test.lang.extensions.util.PathConverter.convert(PathConverter.java:42)
	at groovy.json.DefaultJsonGenerator.writeObject(DefaultJsonGenerator.java:185)
	at groovy.json.DefaultJsonGenerator.writeObject(DefaultJsonGenerator.java:164)
	at groovy.json.DefaultJsonGenerator.writeIterator(DefaultJsonGenerator.java:396)
	at groovy.json.DefaultJsonGenerator.writeObject(DefaultJsonGenerator.java:202)
	at groovy.json.DefaultJsonGenerator.writeObject(DefaultJsonGenerator.java:164)
	at groovy.json.DefaultJsonGenerator.writeIterator(DefaultJsonGenerator.java:396)
	at groovy.json.DefaultJsonGenerator.writeObject(DefaultJsonGenerator.java:202)
	at groovy.json.DefaultJsonGenerator.writeObject(DefaultJsonGenerator.java:164)
	at groovy.json.DefaultJsonGenerator.writeIterator(DefaultJsonGenerator.java:396)
	at groovy.json.DefaultJsonGenerator.writeObject(DefaultJsonGenerator.java:202)
	at groovy.json.DefaultJsonGenerator.writeObject(DefaultJsonGenerator.java:164)
	at groovy.json.DefaultJsonGenerator.writeIterator(DefaultJsonGenerator.java:396)
	at groovy.json.DefaultJsonGenerator.writeArray(DefaultJsonGenerator.java:279)
	at groovy.json.DefaultJsonGenerator.writeObject(DefaultJsonGenerator.java:221)
	at groovy.json.DefaultJsonGenerator.writeObject(DefaultJsonGenerator.java:164)
	at groovy.json.DefaultJsonGenerator.toJson(DefaultJsonGenerator.java:98)
	at com.askimed.nf.test.lang.extensions.util.SnapshotDiffUtil.writeSnapshotToFile(SnapshotDiffUtil.java:95)
	at com.askimed.nf.test.lang.extensions.util.SnapshotDiffUtil.getDiff(SnapshotDiffUtil.java:37)
	at com.askimed.nf.test.lang.extensions.SnapshotFileItem.equals(SnapshotFileItem.java:69)
	at com.askimed.nf.test.lang.extensions.Snapshot.match(Snapshot.java:57)
	at com.askimed.nf.test.lang.extensions.Snapshot.match(Snapshot.java:27)
	at com.askimed.nf.test.lang.extensions.Snapshot$match.call(Unknown Source)
	at org.codehaus.groovy.runtime.callsite.CallSiteArray.defaultCall(CallSiteArray.java:47)
	at org.codehaus.groovy.runtime.callsite.AbstractCallSite.call(AbstractCallSite.java:125)
	at org.codehaus.groovy.runtime.callsite.AbstractCallSite.call(AbstractCallSite.java:130)
	at main_nf$_run_closure1$_closure2$_closure4$_closure7.doCall(main.nf.test:31)
	at main_nf$_run_closure1$_closure2$_closure4$_closure7.doCall(main.nf.test)
	at java.base/jdk.internal.reflect.NativeMethodAccessorImpl.invoke0(Native Method)
	at java.base/jdk.internal.reflect.NativeMethodAccessorImpl.invoke(NativeMethodAccessorImpl.java:77)
	at java.base/jdk.internal.reflect.DelegatingMethodAccessorImpl.invoke(DelegatingMethodAccessorImpl.java:43)
	at java.base/java.lang.reflect.Method.invoke(Method.java:569)
	at org.codehaus.groovy.reflection.CachedMethod.invoke(CachedMethod.java:107)
	at groovy.lang.MetaMethod.doMethodInvoke(MetaMethod.java:323)
	at org.codehaus.groovy.runtime.metaclass.ClosureMetaClass.invokeMethod(ClosureMetaClass.java:274)
	at groovy.lang.MetaClassImpl.invokeMethod(MetaClassImpl.java:1030)
	at groovy.lang.Closure.call(Closure.java:427)
	at groovy.lang.Closure.call(Closure.java:406)
	at com.askimed.nf.test.lang.extensions.GlobalMethods.assertAll(GlobalMethods.java:39)
	at java.base/jdk.internal.reflect.NativeMethodAccessorImpl.invoke0(Native Method)
	at java.base/jdk.internal.reflect.NativeMethodAccessorImpl.invoke(NativeMethodAccessorImpl.java:77)
	at java.base/jdk.internal.reflect.DelegatingMethodAccessorImpl.invoke(DelegatingMethodAccessorImpl.java:43)
	at java.base/java.lang.reflect.Method.invoke(Method.java:569)
	at org.codehaus.groovy.reflection.CachedMethod.invoke(CachedMethod.java:107)
	at groovy.lang.MetaMethod.doMethodInvoke(MetaMethod.java:323)
	at org.codehaus.groovy.runtime.callsite.StaticMetaMethodSite.invoke(StaticMetaMethodSite.java:44)
	at org.codehaus.groovy.runtime.callsite.StaticMetaMethodSite.callStatic(StaticMetaMethodSite.java:100)
	at org.codehaus.groovy.runtime.callsite.CallSiteArray.defaultCallStatic(CallSiteArray.java:55)
	at org.codehaus.groovy.runtime.callsite.AbstractCallSite.callStatic(AbstractCallSite.java:217)
	at org.codehaus.groovy.runtime.callsite.AbstractCallSite.callStatic(AbstractCallSite.java:240)
	at main_nf$_run_closure1$_closure2$_closure4.doCall(main.nf.test:29)
	at main_nf$_run_closure1$_closure2$_closure4.doCall(main.nf.test)
	at java.base/jdk.internal.reflect.NativeMethodAccessorImpl.invoke0(Native Method)
	at java.base/jdk.internal.reflect.NativeMethodAccessorImpl.invoke(NativeMethodAccessorImpl.java:77)
	at java.base/jdk.internal.reflect.DelegatingMethodAccessorImpl.invoke(DelegatingMethodAccessorImpl.java:43)
	at java.base/java.lang.reflect.Method.invoke(Method.java:569)
	at org.codehaus.groovy.reflection.CachedMethod.invoke(CachedMethod.java:107)
	at groovy.lang.MetaMethod.doMethodInvoke(MetaMethod.java:323)
	at org.codehaus.groovy.runtime.metaclass.ClosureMetaClass.invokeMethod(ClosureMetaClass.java:274)
	at groovy.lang.MetaClassImpl.invokeMethod(MetaClassImpl.java:1030)
	at groovy.lang.Closure.call(Closure.java:427)
	at groovy.lang.Closure.call(Closure.java:406)
	at com.askimed.nf.test.lang.TestCode.execute(TestCode.java:16)
	at com.askimed.nf.test.lang.process.ProcessTest.execute(ProcessTest.java:171)
	at com.askimed.nf.test.core.TestExecutionEngine.execute(TestExecutionEngine.java:172)
	at com.askimed.nf.test.commands.RunTestsCommand.execute(RunTestsCommand.java:322)
	at com.askimed.nf.test.commands.AbstractCommand.call(AbstractCommand.java:43)
	at com.askimed.nf.test.commands.AbstractCommand.call(AbstractCommand.java:18)
	at picocli.CommandLine.executeUserObject(CommandLine.java:1953)
	at picocli.CommandLine.access$1300(CommandLine.java:145)
	at picocli.CommandLine$RunLast.executeUserObjectOfLastSubcommandWithSameParent(CommandLine.java:2352)
	at picocli.CommandLine$RunLast.handle(CommandLine.java:2346)
	at picocli.CommandLine$RunLast.handle(CommandLine.java:2311)
	at picocli.CommandLine$AbstractParseResultHandler.execute(CommandLine.java:2179)
	at picocli.CommandLine.execute(CommandLine.java:2078)
	at com.askimed.nf.test.App.run(App.java:39)
	at com.askimed.nf.test.App.main(App.java:46)
java.io.EOFException
	at java.base/java.util.zip.GZIPInputStream.readUByte(GZIPInputStream.java:268)
	at java.base/java.util.zip.GZIPInputStream.readUShort(GZIPInputStream.java:258)
	at java.base/java.util.zip.GZIPInputStream.readHeader(GZIPInputStream.java:164)
	at java.base/java.util.zip.GZIPInputStream.<init>(GZIPInputStream.java:79)
	at java.base/java.util.zip.GZIPInputStream.<init>(GZIPInputStream.java:91)
	at com.askimed.nf.test.util.FileUtil.getMd5(FileUtil.java:103)
	at com.askimed.nf.test.lang.extensions.PathExtension.getMd5(PathExtension.java:21)
	at com.askimed.nf.test.lang.extensions.util.PathConverter.serializeFile(PathConverter.java:57)
	at com.askimed.nf.test.lang.extensions.util.PathConverter.convert(PathConverter.java:42)
	at groovy.json.DefaultJsonGenerator.writeObject(DefaultJsonGenerator.java:185)
	at groovy.json.DefaultJsonGenerator.writeObject(DefaultJsonGenerator.java:164)
	at groovy.json.DefaultJsonGenerator.writeIterator(DefaultJsonGenerator.java:396)
	at groovy.json.DefaultJsonGenerator.writeObject(DefaultJsonGenerator.java:202)
	at groovy.json.DefaultJsonGenerator.writeObject(DefaultJsonGenerator.java:164)
	at groovy.json.DefaultJsonGenerator.writeIterator(DefaultJsonGenerator.java:396)
	at groovy.json.DefaultJsonGenerator.writeObject(DefaultJsonGenerator.java:202)
	at groovy.json.DefaultJsonGenerator.writeObject(DefaultJsonGenerator.java:164)
	at groovy.json.DefaultJsonGenerator.writeIterator(DefaultJsonGenerator.java:396)
	at groovy.json.DefaultJsonGenerator.writeObject(DefaultJsonGenerator.java:202)
	at groovy.json.DefaultJsonGenerator.writeObject(DefaultJsonGenerator.java:164)
	at groovy.json.DefaultJsonGenerator.writeIterator(DefaultJsonGenerator.java:396)
	at groovy.json.DefaultJsonGenerator.writeArray(DefaultJsonGenerator.java:279)
	at groovy.json.DefaultJsonGenerator.writeObject(DefaultJsonGenerator.java:221)
	at groovy.json.DefaultJsonGenerator.writeObject(DefaultJsonGenerator.java:164)
	at groovy.json.DefaultJsonGenerator.toJson(DefaultJsonGenerator.java:98)
	at com.askimed.nf.test.lang.extensions.util.SnapshotDiffUtil.writeSnapshotToFile(SnapshotDiffUtil.java:95)
	at com.askimed.nf.test.lang.extensions.util.SnapshotDiffUtil.getDiff(SnapshotDiffUtil.java:37)
	at com.askimed.nf.test.lang.extensions.SnapshotFileItem.equals(SnapshotFileItem.java:69)
	at com.askimed.nf.test.lang.extensions.Snapshot.match(Snapshot.java:57)
	at com.askimed.nf.test.lang.extensions.Snapshot.match(Snapshot.java:27)
	at com.askimed.nf.test.lang.extensions.Snapshot$match.call(Unknown Source)
	at org.codehaus.groovy.runtime.callsite.CallSiteArray.defaultCall(CallSiteArray.java:47)
	at org.codehaus.groovy.runtime.callsite.AbstractCallSite.call(AbstractCallSite.java:125)
	at org.codehaus.groovy.runtime.callsite.AbstractCallSite.call(AbstractCallSite.java:130)
	at main_nf$_run_closure1$_closure2$_closure4$_closure7.doCall(main.nf.test:31)
	at main_nf$_run_closure1$_closure2$_closure4$_closure7.doCall(main.nf.test)
	at java.base/jdk.internal.reflect.NativeMethodAccessorImpl.invoke0(Native Method)
	at java.base/jdk.internal.reflect.NativeMethodAccessorImpl.invoke(NativeMethodAccessorImpl.java:77)
	at java.base/jdk.internal.reflect.DelegatingMethodAccessorImpl.invoke(DelegatingMethodAccessorImpl.java:43)
	at java.base/java.lang.reflect.Method.invoke(Method.java:569)
	at org.codehaus.groovy.reflection.CachedMethod.invoke(CachedMethod.java:107)
	at groovy.lang.MetaMethod.doMethodInvoke(MetaMethod.java:323)
	at org.codehaus.groovy.runtime.metaclass.ClosureMetaClass.invokeMethod(ClosureMetaClass.java:274)
	at groovy.lang.MetaClassImpl.invokeMethod(MetaClassImpl.java:1030)
	at groovy.lang.Closure.call(Closure.java:427)
	at groovy.lang.Closure.call(Closure.java:406)
	at com.askimed.nf.test.lang.extensions.GlobalMethods.assertAll(GlobalMethods.java:39)
	at java.base/jdk.internal.reflect.NativeMethodAccessorImpl.invoke0(Native Method)
	at java.base/jdk.internal.reflect.NativeMethodAccessorImpl.invoke(NativeMethodAccessorImpl.java:77)
	at java.base/jdk.internal.reflect.DelegatingMethodAccessorImpl.invoke(DelegatingMethodAccessorImpl.java:43)
	at java.base/java.lang.reflect.Method.invoke(Method.java:569)
	at org.codehaus.groovy.reflection.CachedMethod.invoke(CachedMethod.java:107)
	at groovy.lang.MetaMethod.doMethodInvoke(MetaMethod.java:323)
	at org.codehaus.groovy.runtime.callsite.StaticMetaMethodSite.invoke(StaticMetaMethodSite.java:44)
	at org.codehaus.groovy.runtime.callsite.StaticMetaMethodSite.callStatic(StaticMetaMethodSite.java:100)
	at org.codehaus.groovy.runtime.callsite.CallSiteArray.defaultCallStatic(CallSiteArray.java:55)
	at org.codehaus.groovy.runtime.callsite.AbstractCallSite.callStatic(AbstractCallSite.java:217)
	at org.codehaus.groovy.runtime.callsite.AbstractCallSite.callStatic(AbstractCallSite.java:240)
	at main_nf$_run_closure1$_closure2$_closure4.doCall(main.nf.test:29)
	at main_nf$_run_closure1$_closure2$_closure4.doCall(main.nf.test)
	at java.base/jdk.internal.reflect.NativeMethodAccessorImpl.invoke0(Native Method)
	at java.base/jdk.internal.reflect.NativeMethodAccessorImpl.invoke(NativeMethodAccessorImpl.java:77)
	at java.base/jdk.internal.reflect.DelegatingMethodAccessorImpl.invoke(DelegatingMethodAccessorImpl.java:43)
	at java.base/java.lang.reflect.Method.invoke(Method.java:569)
	at org.codehaus.groovy.reflection.CachedMethod.invoke(CachedMethod.java:107)
	at groovy.lang.MetaMethod.doMethodInvoke(MetaMethod.java:323)
	at org.codehaus.groovy.runtime.metaclass.ClosureMetaClass.invokeMethod(ClosureMetaClass.java:274)
	at groovy.lang.MetaClassImpl.invokeMethod(MetaClassImpl.java:1030)
	at groovy.lang.Closure.call(Closure.java:427)
	at groovy.lang.Closure.call(Closure.java:406)
	at com.askimed.nf.test.lang.TestCode.execute(TestCode.java:16)
	at com.askimed.nf.test.lang.process.ProcessTest.execute(ProcessTest.java:171)
	at com.askimed.nf.test.core.TestExecutionEngine.execute(TestExecutionEngine.java:172)
	at com.askimed.nf.test.commands.RunTestsCommand.execute(RunTestsCommand.java:322)
	at com.askimed.nf.test.commands.AbstractCommand.call(AbstractCommand.java:43)
	at com.askimed.nf.test.commands.AbstractCommand.call(AbstractCommand.java:18)
	at picocli.CommandLine.executeUserObject(CommandLine.java:1953)
	at picocli.CommandLine.access$1300(CommandLine.java:145)
	at picocli.CommandLine$RunLast.executeUserObjectOfLastSubcommandWithSameParent(CommandLine.java:2352)
	at picocli.CommandLine$RunLast.handle(CommandLine.java:2346)
	at picocli.CommandLine$RunLast.handle(CommandLine.java:2311)
	at picocli.CommandLine$AbstractParseResultHandler.execute(CommandLine.java:2179)
	at picocli.CommandLine.execute(CommandLine.java:2078)
	at com.askimed.nf.test.App.run(App.java:39)
	at com.askimed.nf.test.App.main(App.java:46)
java.io.EOFException
	at java.base/java.util.zip.GZIPInputStream.readUByte(GZIPInputStream.java:268)
	at java.base/java.util.zip.GZIPInputStream.readUShort(GZIPInputStream.java:258)
	at java.base/java.util.zip.GZIPInputStream.readHeader(GZIPInputStream.java:164)
	at java.base/java.util.zip.GZIPInputStream.<init>(GZIPInputStream.java:79)
	at java.base/java.util.zip.GZIPInputStream.<init>(GZIPInputStream.java:91)
	at com.askimed.nf.test.util.FileUtil.getMd5(FileUtil.java:103)
	at com.askimed.nf.test.lang.extensions.PathExtension.getMd5(PathExtension.java:21)
	at com.askimed.nf.test.lang.extensions.util.PathConverter.serializeFile(PathConverter.java:57)
	at com.askimed.nf.test.lang.extensions.util.PathConverter.convert(PathConverter.java:42)
	at groovy.json.DefaultJsonGenerator.writeObject(DefaultJsonGenerator.java:185)
	at groovy.json.DefaultJsonGenerator.writeObject(DefaultJsonGenerator.java:164)
	at groovy.json.DefaultJsonGenerator.writeIterator(DefaultJsonGenerator.java:396)
	at groovy.json.DefaultJsonGenerator.writeObject(DefaultJsonGenerator.java:202)
	at groovy.json.DefaultJsonGenerator.writeObject(DefaultJsonGenerator.java:164)
	at groovy.json.DefaultJsonGenerator.writeIterator(DefaultJsonGenerator.java:396)
	at groovy.json.DefaultJsonGenerator.writeObject(DefaultJsonGenerator.java:202)
	at groovy.json.DefaultJsonGenerator.writeObject(DefaultJsonGenerator.java:164)
	at groovy.json.DefaultJsonGenerator.writeIterator(DefaultJsonGenerator.java:396)
	at groovy.json.DefaultJsonGenerator.writeObject(DefaultJsonGenerator.java:202)
	at groovy.json.DefaultJsonGenerator.writeObject(DefaultJsonGenerator.java:164)
	at groovy.json.DefaultJsonGenerator.writeIterator(DefaultJsonGenerator.java:396)
	at groovy.json.DefaultJsonGenerator.writeArray(DefaultJsonGenerator.java:279)
	at groovy.json.DefaultJsonGenerator.writeObject(DefaultJsonGenerator.java:221)
	at groovy.json.DefaultJsonGenerator.writeObject(DefaultJsonGenerator.java:164)
	at groovy.json.DefaultJsonGenerator.toJson(DefaultJsonGenerator.java:98)
	at com.askimed.nf.test.lang.extensions.util.SnapshotDiffUtil.writeSnapshotToFile(SnapshotDiffUtil.java:95)
	at com.askimed.nf.test.lang.extensions.util.SnapshotDiffUtil.getDiff(SnapshotDiffUtil.java:37)
	at com.askimed.nf.test.lang.extensions.SnapshotFileItem.equals(SnapshotFileItem.java:69)
	at com.askimed.nf.test.lang.extensions.Snapshot.match(Snapshot.java:57)
	at com.askimed.nf.test.lang.extensions.Snapshot.match(Snapshot.java:27)
	at com.askimed.nf.test.lang.extensions.Snapshot$match.call(Unknown Source)
	at org.codehaus.groovy.runtime.callsite.CallSiteArray.defaultCall(CallSiteArray.java:47)
	at org.codehaus.groovy.runtime.callsite.AbstractCallSite.call(AbstractCallSite.java:125)
	at org.codehaus.groovy.runtime.callsite.AbstractCallSite.call(AbstractCallSite.java:130)
	at main_nf$_run_closure1$_closure2$_closure4$_closure7.doCall(main.nf.test:31)
	at main_nf$_run_closure1$_closure2$_closure4$_closure7.doCall(main.nf.test)
	at java.base/jdk.internal.reflect.NativeMethodAccessorImpl.invoke0(Native Method)
	at java.base/jdk.internal.reflect.NativeMethodAccessorImpl.invoke(NativeMethodAccessorImpl.java:77)
	at java.base/jdk.internal.reflect.DelegatingMethodAccessorImpl.invoke(DelegatingMethodAccessorImpl.java:43)
	at java.base/java.lang.reflect.Method.invoke(Method.java:569)
	at org.codehaus.groovy.reflection.CachedMethod.invoke(CachedMethod.java:107)
	at groovy.lang.MetaMethod.doMethodInvoke(MetaMethod.java:323)
	at org.codehaus.groovy.runtime.metaclass.ClosureMetaClass.invokeMethod(ClosureMetaClass.java:274)
	at groovy.lang.MetaClassImpl.invokeMethod(MetaClassImpl.java:1030)
	at groovy.lang.Closure.call(Closure.java:427)
	at groovy.lang.Closure.call(Closure.java:406)
	at com.askimed.nf.test.lang.extensions.GlobalMethods.assertAll(GlobalMethods.java:39)
	at java.base/jdk.internal.reflect.NativeMethodAccessorImpl.invoke0(Native Method)
	at java.base/jdk.internal.reflect.NativeMethodAccessorImpl.invoke(NativeMethodAccessorImpl.java:77)
	at java.base/jdk.internal.reflect.DelegatingMethodAccessorImpl.invoke(DelegatingMethodAccessorImpl.java:43)
	at java.base/java.lang.reflect.Method.invoke(Method.java:569)
	at org.codehaus.groovy.reflection.CachedMethod.invoke(CachedMethod.java:107)
	at groovy.lang.MetaMethod.doMethodInvoke(MetaMethod.java:323)
	at org.codehaus.groovy.runtime.callsite.StaticMetaMethodSite.invoke(StaticMetaMethodSite.java:44)
	at org.codehaus.groovy.runtime.callsite.StaticMetaMethodSite.callStatic(StaticMetaMethodSite.java:100)
	at org.codehaus.groovy.runtime.callsite.CallSiteArray.defaultCallStatic(CallSiteArray.java:55)
	at org.codehaus.groovy.runtime.callsite.AbstractCallSite.callStatic(AbstractCallSite.java:217)
	at org.codehaus.groovy.runtime.callsite.AbstractCallSite.callStatic(AbstractCallSite.java:240)
	at main_nf$_run_closure1$_closure2$_closure4.doCall(main.nf.test:29)
	at main_nf$_run_closure1$_closure2$_closure4.doCall(main.nf.test)
	at java.base/jdk.internal.reflect.NativeMethodAccessorImpl.invoke0(Native Method)
	at java.base/jdk.internal.reflect.NativeMethodAccessorImpl.invoke(NativeMethodAccessorImpl.java:77)
	at java.base/jdk.internal.reflect.DelegatingMethodAccessorImpl.invoke(DelegatingMethodAccessorImpl.java:43)
	at java.base/java.lang.reflect.Method.invoke(Method.java:569)
	at org.codehaus.groovy.reflection.CachedMethod.invoke(CachedMethod.java:107)
	at groovy.lang.MetaMethod.doMethodInvoke(MetaMethod.java:323)
	at org.codehaus.groovy.runtime.metaclass.ClosureMetaClass.invokeMethod(ClosureMetaClass.java:274)
	at groovy.lang.MetaClassImpl.invokeMethod(MetaClassImpl.java:1030)
	at groovy.lang.Closure.call(Closure.java:427)
	at groovy.lang.Closure.call(Closure.java:406)
	at com.askimed.nf.test.lang.TestCode.execute(TestCode.java:16)
	at com.askimed.nf.test.lang.process.ProcessTest.execute(ProcessTest.java:171)
	at com.askimed.nf.test.core.TestExecutionEngine.execute(TestExecutionEngine.java:172)
	at com.askimed.nf.test.commands.RunTestsCommand.execute(RunTestsCommand.java:322)
	at com.askimed.nf.test.commands.AbstractCommand.call(AbstractCommand.java:43)
	at com.askimed.nf.test.commands.AbstractCommand.call(AbstractCommand.java:18)
	at picocli.CommandLine.executeUserObject(CommandLine.java:1953)
	at picocli.CommandLine.access$1300(CommandLine.java:145)
	at picocli.CommandLine$RunLast.executeUserObjectOfLastSubcommandWithSameParent(CommandLine.java:2352)
	at picocli.CommandLine$RunLast.handle(CommandLine.java:2346)
	at picocli.CommandLine$RunLast.handle(CommandLine.java:2311)
	at picocli.CommandLine$AbstractParseResultHandler.execute(CommandLine.java:2179)
	at picocli.CommandLine.execute(CommandLine.java:2078)
	at com.askimed.nf.test.App.run(App.java:39)
	at com.askimed.nf.test.App.main(App.java:46)
java.io.EOFException
	at java.base/java.util.zip.GZIPInputStream.readUByte(GZIPInputStream.java:268)
	at java.base/java.util.zip.GZIPInputStream.readUShort(GZIPInputStream.java:258)
	at java.base/java.util.zip.GZIPInputStream.readHeader(GZIPInputStream.java:164)
	at java.base/java.util.zip.GZIPInputStream.<init>(GZIPInputStream.java:79)
	at java.base/java.util.zip.GZIPInputStream.<init>(GZIPInputStream.java:91)
	at com.askimed.nf.test.util.FileUtil.getMd5(FileUtil.java:103)
	at com.askimed.nf.test.lang.extensions.PathExtension.getMd5(PathExtension.java:21)
	at com.askimed.nf.test.lang.extensions.util.PathConverter.serializeFile(PathConverter.java:57)
	at com.askimed.nf.test.lang.extensions.util.PathConverter.convert(PathConverter.java:42)
	at groovy.json.DefaultJsonGenerator.writeObject(DefaultJsonGenerator.java:185)
	at groovy.json.DefaultJsonGenerator.writeObject(DefaultJsonGenerator.java:164)
	at groovy.json.DefaultJsonGenerator.writeIterator(DefaultJsonGenerator.java:396)
	at groovy.json.DefaultJsonGenerator.writeObject(DefaultJsonGenerator.java:202)
	at groovy.json.DefaultJsonGenerator.writeObject(DefaultJsonGenerator.java:164)
	at groovy.json.DefaultJsonGenerator.writeIterator(DefaultJsonGenerator.java:396)
	at groovy.json.DefaultJsonGenerator.writeObject(DefaultJsonGenerator.java:202)
	at groovy.json.DefaultJsonGenerator.writeObject(DefaultJsonGenerator.java:164)
	at groovy.json.DefaultJsonGenerator.writeIterator(DefaultJsonGenerator.java:396)
	at groovy.json.DefaultJsonGenerator.writeObject(DefaultJsonGenerator.java:202)
	at groovy.json.DefaultJsonGenerator.writeObject(DefaultJsonGenerator.java:164)
	at groovy.json.DefaultJsonGenerator.writeIterator(DefaultJsonGenerator.java:396)
	at groovy.json.DefaultJsonGenerator.writeArray(DefaultJsonGenerator.java:279)
	at groovy.json.DefaultJsonGenerator.writeObject(DefaultJsonGenerator.java:221)
	at groovy.json.DefaultJsonGenerator.writeObject(DefaultJsonGenerator.java:164)
	at groovy.json.DefaultJsonGenerator.toJson(DefaultJsonGenerator.java:98)
	at com.askimed.nf.test.lang.extensions.util.SnapshotDiffUtil.writeSnapshotToFile(SnapshotDiffUtil.java:95)
	at com.askimed.nf.test.lang.extensions.util.SnapshotDiffUtil.getDiff(SnapshotDiffUtil.java:37)
	at com.askimed.nf.test.lang.extensions.SnapshotFileItem.equals(SnapshotFileItem.java:69)
	at com.askimed.nf.test.lang.extensions.Snapshot.match(Snapshot.java:57)
	at com.askimed.nf.test.lang.extensions.Snapshot.match(Snapshot.java:27)
	at com.askimed.nf.test.lang.extensions.Snapshot$match.call(Unknown Source)
	at org.codehaus.groovy.runtime.callsite.CallSiteArray.defaultCall(CallSiteArray.java:47)
	at org.codehaus.groovy.runtime.callsite.AbstractCallSite.call(AbstractCallSite.java:125)
	at org.codehaus.groovy.runtime.callsite.AbstractCallSite.call(AbstractCallSite.java:130)
	at main_nf$_run_closure1$_closure2$_closure4$_closure7.doCall(main.nf.test:31)
	at main_nf$_run_closure1$_closure2$_closure4$_closure7.doCall(main.nf.test)
	at java.base/jdk.internal.reflect.NativeMethodAccessorImpl.invoke0(Native Method)
	at java.base/jdk.internal.reflect.NativeMethodAccessorImpl.invoke(NativeMethodAccessorImpl.java:77)
	at java.base/jdk.internal.reflect.DelegatingMethodAccessorImpl.invoke(DelegatingMethodAccessorImpl.java:43)
	at java.base/java.lang.reflect.Method.invoke(Method.java:569)
	at org.codehaus.groovy.reflection.CachedMethod.invoke(CachedMethod.java:107)
	at groovy.lang.MetaMethod.doMethodInvoke(MetaMethod.java:323)
	at org.codehaus.groovy.runtime.metaclass.ClosureMetaClass.invokeMethod(ClosureMetaClass.java:274)
	at groovy.lang.MetaClassImpl.invokeMethod(MetaClassImpl.java:1030)
	at groovy.lang.Closure.call(Closure.java:427)
	at groovy.lang.Closure.call(Closure.java:406)
	at com.askimed.nf.test.lang.extensions.GlobalMethods.assertAll(GlobalMethods.java:39)
	at java.base/jdk.internal.reflect.NativeMethodAccessorImpl.invoke0(Native Method)
	at java.base/jdk.internal.reflect.NativeMethodAccessorImpl.invoke(NativeMethodAccessorImpl.java:77)
	at java.base/jdk.internal.reflect.DelegatingMethodAccessorImpl.invoke(DelegatingMethodAccessorImpl.java:43)
	at java.base/java.lang.reflect.Method.invoke(Method.java:569)
	at org.codehaus.groovy.reflection.CachedMethod.invoke(CachedMethod.java:107)
	at groovy.lang.MetaMethod.doMethodInvoke(MetaMethod.java:323)
	at org.codehaus.groovy.runtime.callsite.StaticMetaMethodSite.invoke(StaticMetaMethodSite.java:44)
	at org.codehaus.groovy.runtime.callsite.StaticMetaMethodSite.callStatic(StaticMetaMethodSite.java:100)
	at org.codehaus.groovy.runtime.callsite.CallSiteArray.defaultCallStatic(CallSiteArray.java:55)
	at org.codehaus.groovy.runtime.callsite.AbstractCallSite.callStatic(AbstractCallSite.java:217)
	at org.codehaus.groovy.runtime.callsite.AbstractCallSite.callStatic(AbstractCallSite.java:240)
	at main_nf$_run_closure1$_closure2$_closure4.doCall(main.nf.test:29)
	at main_nf$_run_closure1$_closure2$_closure4.doCall(main.nf.test)
	at java.base/jdk.internal.reflect.NativeMethodAccessorImpl.invoke0(Native Method)
	at java.base/jdk.internal.reflect.NativeMethodAccessorImpl.invoke(NativeMethodAccessorImpl.java:77)
	at java.base/jdk.internal.reflect.DelegatingMethodAccessorImpl.invoke(DelegatingMethodAccessorImpl.java:43)
	at java.base/java.lang.reflect.Method.invoke(Method.java:569)
	at org.codehaus.groovy.reflection.CachedMethod.invoke(CachedMethod.java:107)
	at groovy.lang.MetaMethod.doMethodInvoke(MetaMethod.java:323)
	at org.codehaus.groovy.runtime.metaclass.ClosureMetaClass.invokeMethod(ClosureMetaClass.java:274)
	at groovy.lang.MetaClassImpl.invokeMethod(MetaClassImpl.java:1030)
	at groovy.lang.Closure.call(Closure.java:427)
	at groovy.lang.Closure.call(Closure.java:406)
	at com.askimed.nf.test.lang.TestCode.execute(TestCode.java:16)
	at com.askimed.nf.test.lang.process.ProcessTest.execute(ProcessTest.java:171)
	at com.askimed.nf.test.core.TestExecutionEngine.execute(TestExecutionEngine.java:172)
	at com.askimed.nf.test.commands.RunTestsCommand.execute(RunTestsCommand.java:322)
	at com.askimed.nf.test.commands.AbstractCommand.call(AbstractCommand.java:43)
	at com.askimed.nf.test.commands.AbstractCommand.call(AbstractCommand.java:18)
	at picocli.CommandLine.executeUserObject(CommandLine.java:1953)
	at picocli.CommandLine.access$1300(CommandLine.java:145)
	at picocli.CommandLine$RunLast.executeUserObjectOfLastSubcommandWithSameParent(CommandLine.java:2352)
	at picocli.CommandLine$RunLast.handle(CommandLine.java:2346)
	at picocli.CommandLine$RunLast.handle(CommandLine.java:2311)
	at picocli.CommandLine$AbstractParseResultHandler.execute(CommandLine.java:2179)
	at picocli.CommandLine.execute(CommandLine.java:2078)
	at com.askimed.nf.test.App.run(App.java:39)
	at com.askimed.nf.test.App.main(App.java:46)
java.io.EOFException
	at java.base/java.util.zip.GZIPInputStream.readUByte(GZIPInputStream.java:268)
	at java.base/java.util.zip.GZIPInputStream.readUShort(GZIPInputStream.java:258)
	at java.base/java.util.zip.GZIPInputStream.readHeader(GZIPInputStream.java:164)
	at java.base/java.util.zip.GZIPInputStream.<init>(GZIPInputStream.java:79)
	at java.base/java.util.zip.GZIPInputStream.<init>(GZIPInputStream.java:91)
	at com.askimed.nf.test.util.FileUtil.getMd5(FileUtil.java:103)
	at com.askimed.nf.test.lang.extensions.PathExtension.getMd5(PathExtension.java:21)
	at com.askimed.nf.test.lang.extensions.util.PathConverter.serializeFile(PathConverter.java:57)
	at com.askimed.nf.test.lang.extensions.util.PathConverter.convert(PathConverter.java:42)
	at groovy.json.DefaultJsonGenerator.writeObject(DefaultJsonGenerator.java:185)
	at groovy.json.DefaultJsonGenerator.writeObject(DefaultJsonGenerator.java:164)
	at groovy.json.DefaultJsonGenerator.writeIterator(DefaultJsonGenerator.java:396)
	at groovy.json.DefaultJsonGenerator.writeObject(DefaultJsonGenerator.java:202)
	at groovy.json.DefaultJsonGenerator.writeObject(DefaultJsonGenerator.java:164)
	at groovy.json.DefaultJsonGenerator.writeIterator(DefaultJsonGenerator.java:396)
	at groovy.json.DefaultJsonGenerator.writeObject(DefaultJsonGenerator.java:202)
	at groovy.json.DefaultJsonGenerator.writeObject(DefaultJsonGenerator.java:164)
	at groovy.json.DefaultJsonGenerator.writeIterator(DefaultJsonGenerator.java:396)
	at groovy.json.DefaultJsonGenerator.writeObject(DefaultJsonGenerator.java:202)
	at groovy.json.DefaultJsonGenerator.writeObject(DefaultJsonGenerator.java:164)
	at groovy.json.DefaultJsonGenerator.writeIterator(DefaultJsonGenerator.java:396)
	at groovy.json.DefaultJsonGenerator.writeArray(DefaultJsonGenerator.java:279)
	at groovy.json.DefaultJsonGenerator.writeObject(DefaultJsonGenerator.java:221)
	at groovy.json.DefaultJsonGenerator.writeObject(DefaultJsonGenerator.java:164)
	at groovy.json.DefaultJsonGenerator.toJson(DefaultJsonGenerator.java:98)
	at com.askimed.nf.test.lang.extensions.util.SnapshotDiffUtil.writeSnapshotToFile(SnapshotDiffUtil.java:95)
	at com.askimed.nf.test.lang.extensions.util.SnapshotDiffUtil.getDiff(SnapshotDiffUtil.java:37)
	at com.askimed.nf.test.lang.extensions.SnapshotFileItem.equals(SnapshotFileItem.java:69)
	at com.askimed.nf.test.lang.extensions.Snapshot.match(Snapshot.java:57)
	at com.askimed.nf.test.lang.extensions.Snapshot.match(Snapshot.java:27)
	at com.askimed.nf.test.lang.extensions.Snapshot$match.call(Unknown Source)
	at org.codehaus.groovy.runtime.callsite.CallSiteArray.defaultCall(CallSiteArray.java:47)
	at org.codehaus.groovy.runtime.callsite.AbstractCallSite.call(AbstractCallSite.java:125)
	at org.codehaus.groovy.runtime.callsite.AbstractCallSite.call(AbstractCallSite.java:130)
	at main_nf$_run_closure1$_closure2$_closure4$_closure7.doCall(main.nf.test:31)
	at main_nf$_run_closure1$_closure2$_closure4$_closure7.doCall(main.nf.test)
	at java.base/jdk.internal.reflect.NativeMethodAccessorImpl.invoke0(Native Method)
	at java.base/jdk.internal.reflect.NativeMethodAccessorImpl.invoke(NativeMethodAccessorImpl.java:77)
	at java.base/jdk.internal.reflect.DelegatingMethodAccessorImpl.invoke(DelegatingMethodAccessorImpl.java:43)
	at java.base/java.lang.reflect.Method.invoke(Method.java:569)
	at org.codehaus.groovy.reflection.CachedMethod.invoke(CachedMethod.java:107)
	at groovy.lang.MetaMethod.doMethodInvoke(MetaMethod.java:323)
	at org.codehaus.groovy.runtime.metaclass.ClosureMetaClass.invokeMethod(ClosureMetaClass.java:274)
	at groovy.lang.MetaClassImpl.invokeMethod(MetaClassImpl.java:1030)
	at groovy.lang.Closure.call(Closure.java:427)
	at groovy.lang.Closure.call(Closure.java:406)
	at com.askimed.nf.test.lang.extensions.GlobalMethods.assertAll(GlobalMethods.java:39)
	at java.base/jdk.internal.reflect.NativeMethodAccessorImpl.invoke0(Native Method)
	at java.base/jdk.internal.reflect.NativeMethodAccessorImpl.invoke(NativeMethodAccessorImpl.java:77)
	at java.base/jdk.internal.reflect.DelegatingMethodAccessorImpl.invoke(DelegatingMethodAccessorImpl.java:43)
	at java.base/java.lang.reflect.Method.invoke(Method.java:569)
	at org.codehaus.groovy.reflection.CachedMethod.invoke(CachedMethod.java:107)
	at groovy.lang.MetaMethod.doMethodInvoke(MetaMethod.java:323)
	at org.codehaus.groovy.runtime.callsite.StaticMetaMethodSite.invoke(StaticMetaMethodSite.java:44)
	at org.codehaus.groovy.runtime.callsite.StaticMetaMethodSite.callStatic(StaticMetaMethodSite.java:100)
	at org.codehaus.groovy.runtime.callsite.CallSiteArray.defaultCallStatic(CallSiteArray.java:55)
	at org.codehaus.groovy.runtime.callsite.AbstractCallSite.callStatic(AbstractCallSite.java:217)
	at org.codehaus.groovy.runtime.callsite.AbstractCallSite.callStatic(AbstractCallSite.java:240)
	at main_nf$_run_closure1$_closure2$_closure4.doCall(main.nf.test:29)
	at main_nf$_run_closure1$_closure2$_closure4.doCall(main.nf.test)
	at java.base/jdk.internal.reflect.NativeMethodAccessorImpl.invoke0(Native Method)
	at java.base/jdk.internal.reflect.NativeMethodAccessorImpl.invoke(NativeMethodAccessorImpl.java:77)
	at java.base/jdk.internal.reflect.DelegatingMethodAccessorImpl.invoke(DelegatingMethodAccessorImpl.java:43)
	at java.base/java.lang.reflect.Method.invoke(Method.java:569)
	at org.codehaus.groovy.reflection.CachedMethod.invoke(CachedMethod.java:107)
	at groovy.lang.MetaMethod.doMethodInvoke(MetaMethod.java:323)
	at org.codehaus.groovy.runtime.metaclass.ClosureMetaClass.invokeMethod(ClosureMetaClass.java:274)
	at groovy.lang.MetaClassImpl.invokeMethod(MetaClassImpl.java:1030)
	at groovy.lang.Closure.call(Closure.java:427)
	at groovy.lang.Closure.call(Closure.java:406)
	at com.askimed.nf.test.lang.TestCode.execute(TestCode.java:16)
	at com.askimed.nf.test.lang.process.ProcessTest.execute(ProcessTest.java:171)
	at com.askimed.nf.test.core.TestExecutionEngine.execute(TestExecutionEngine.java:172)
	at com.askimed.nf.test.commands.RunTestsCommand.execute(RunTestsCommand.java:322)
	at com.askimed.nf.test.commands.AbstractCommand.call(AbstractCommand.java:43)
	at com.askimed.nf.test.commands.AbstractCommand.call(AbstractCommand.java:18)
	at picocli.CommandLine.executeUserObject(CommandLine.java:1953)
	at picocli.CommandLine.access$1300(CommandLine.java:145)
	at picocli.CommandLine$RunLast.executeUserObjectOfLastSubcommandWithSameParent(CommandLine.java:2352)
	at picocli.CommandLine$RunLast.handle(CommandLine.java:2346)
	at picocli.CommandLine$RunLast.handle(CommandLine.java:2311)
	at picocli.CommandLine$AbstractParseResultHandler.execute(CommandLine.java:2179)
	at picocli.CommandLine.execute(CommandLine.java:2078)
	at com.askimed.nf.test.App.run(App.java:39)
	at com.askimed.nf.test.App.main(App.java:46)
java.io.EOFException
	at java.base/java.util.zip.GZIPInputStream.readUByte(GZIPInputStream.java:268)
	at java.base/java.util.zip.GZIPInputStream.readUShort(GZIPInputStream.java:258)
	at java.base/java.util.zip.GZIPInputStream.readHeader(GZIPInputStream.java:164)
	at java.base/java.util.zip.GZIPInputStream.<init>(GZIPInputStream.java:79)
	at java.base/java.util.zip.GZIPInputStream.<init>(GZIPInputStream.java:91)
	at com.askimed.nf.test.util.FileUtil.getMd5(FileUtil.java:103)
	at com.askimed.nf.test.lang.extensions.PathExtension.getMd5(PathExtension.java:21)
	at com.askimed.nf.test.lang.extensions.util.PathConverter.serializeFile(PathConverter.java:57)
	at com.askimed.nf.test.lang.extensions.util.PathConverter.convert(PathConverter.java:42)
	at groovy.json.DefaultJsonGenerator.writeObject(DefaultJsonGenerator.java:185)
	at groovy.json.DefaultJsonGenerator.writeObject(DefaultJsonGenerator.java:164)
	at groovy.json.DefaultJsonGenerator.writeIterator(DefaultJsonGenerator.java:396)
	at groovy.json.DefaultJsonGenerator.writeObject(DefaultJsonGenerator.java:202)
	at groovy.json.DefaultJsonGenerator.writeObject(DefaultJsonGenerator.java:164)
	at groovy.json.DefaultJsonGenerator.writeIterator(DefaultJsonGenerator.java:396)
	at groovy.json.DefaultJsonGenerator.writeObject(DefaultJsonGenerator.java:202)
	at groovy.json.DefaultJsonGenerator.writeObject(DefaultJsonGenerator.java:164)
	at groovy.json.DefaultJsonGenerator.writeIterator(DefaultJsonGenerator.java:396)
	at groovy.json.DefaultJsonGenerator.writeObject(DefaultJsonGenerator.java:202)
	at groovy.json.DefaultJsonGenerator.writeObject(DefaultJsonGenerator.java:164)
	at groovy.json.DefaultJsonGenerator.writeIterator(DefaultJsonGenerator.java:396)
	at groovy.json.DefaultJsonGenerator.writeArray(DefaultJsonGenerator.java:279)
	at groovy.json.DefaultJsonGenerator.writeObject(DefaultJsonGenerator.java:221)
	at groovy.json.DefaultJsonGenerator.writeObject(DefaultJsonGenerator.java:164)
	at groovy.json.DefaultJsonGenerator.toJson(DefaultJsonGenerator.java:98)
	at com.askimed.nf.test.lang.extensions.util.SnapshotDiffUtil.writeSnapshotToFile(SnapshotDiffUtil.java:95)
	at com.askimed.nf.test.lang.extensions.util.SnapshotDiffUtil.getDiff(SnapshotDiffUtil.java:37)
	at com.askimed.nf.test.lang.extensions.SnapshotFileItem.equals(SnapshotFileItem.java:69)
	at com.askimed.nf.test.lang.extensions.Snapshot.match(Snapshot.java:57)
	at com.askimed.nf.test.lang.extensions.Snapshot.match(Snapshot.java:27)
	at com.askimed.nf.test.lang.extensions.Snapshot$match.call(Unknown Source)
	at org.codehaus.groovy.runtime.callsite.CallSiteArray.defaultCall(CallSiteArray.java:47)
	at org.codehaus.groovy.runtime.callsite.AbstractCallSite.call(AbstractCallSite.java:125)
	at org.codehaus.groovy.runtime.callsite.AbstractCallSite.call(AbstractCallSite.java:130)
	at main_nf$_run_closure1$_closure2$_closure4$_closure7.doCall(main.nf.test:31)
	at main_nf$_run_closure1$_closure2$_closure4$_closure7.doCall(main.nf.test)
	at java.base/jdk.internal.reflect.NativeMethodAccessorImpl.invoke0(Native Method)
	at java.base/jdk.internal.reflect.NativeMethodAccessorImpl.invoke(NativeMethodAccessorImpl.java:77)
	at java.base/jdk.internal.reflect.DelegatingMethodAccessorImpl.invoke(DelegatingMethodAccessorImpl.java:43)
	at java.base/java.lang.reflect.Method.invoke(Method.java:569)
	at org.codehaus.groovy.reflection.CachedMethod.invoke(CachedMethod.java:107)
	at groovy.lang.MetaMethod.doMethodInvoke(MetaMethod.java:323)
	at org.codehaus.groovy.runtime.metaclass.ClosureMetaClass.invokeMethod(ClosureMetaClass.java:274)
	at groovy.lang.MetaClassImpl.invokeMethod(MetaClassImpl.java:1030)
	at groovy.lang.Closure.call(Closure.java:427)
	at groovy.lang.Closure.call(Closure.java:406)
	at com.askimed.nf.test.lang.extensions.GlobalMethods.assertAll(GlobalMethods.java:39)
	at java.base/jdk.internal.reflect.NativeMethodAccessorImpl.invoke0(Native Method)
	at java.base/jdk.internal.reflect.NativeMethodAccessorImpl.invoke(NativeMethodAccessorImpl.java:77)
	at java.base/jdk.internal.reflect.DelegatingMethodAccessorImpl.invoke(DelegatingMethodAccessorImpl.java:43)
	at java.base/java.lang.reflect.Method.invoke(Method.java:569)
	at org.codehaus.groovy.reflection.CachedMethod.invoke(CachedMethod.java:107)
	at groovy.lang.MetaMethod.doMethodInvoke(MetaMethod.java:323)
	at org.codehaus.groovy.runtime.callsite.StaticMetaMethodSite.invoke(StaticMetaMethodSite.java:44)
	at org.codehaus.groovy.runtime.callsite.StaticMetaMethodSite.callStatic(StaticMetaMethodSite.java:100)
	at org.codehaus.groovy.runtime.callsite.CallSiteArray.defaultCallStatic(CallSiteArray.java:55)
	at org.codehaus.groovy.runtime.callsite.AbstractCallSite.callStatic(AbstractCallSite.java:217)
	at org.codehaus.groovy.runtime.callsite.AbstractCallSite.callStatic(AbstractCallSite.java:240)
	at main_nf$_run_closure1$_closure2$_closure4.doCall(main.nf.test:29)
	at main_nf$_run_closure1$_closure2$_closure4.doCall(main.nf.test)
	at java.base/jdk.internal.reflect.NativeMethodAccessorImpl.invoke0(Native Method)
	at java.base/jdk.internal.reflect.NativeMethodAccessorImpl.invoke(NativeMethodAccessorImpl.java:77)
	at java.base/jdk.internal.reflect.DelegatingMethodAccessorImpl.invoke(DelegatingMethodAccessorImpl.java:43)
	at java.base/java.lang.reflect.Method.invoke(Method.java:569)
	at org.codehaus.groovy.reflection.CachedMethod.invoke(CachedMethod.java:107)
	at groovy.lang.MetaMethod.doMethodInvoke(MetaMethod.java:323)
	at org.codehaus.groovy.runtime.metaclass.ClosureMetaClass.invokeMethod(ClosureMetaClass.java:274)
	at groovy.lang.MetaClassImpl.invokeMethod(MetaClassImpl.java:1030)
	at groovy.lang.Closure.call(Closure.java:427)
	at groovy.lang.Closure.call(Closure.java:406)
	at com.askimed.nf.test.lang.TestCode.execute(TestCode.java:16)
	at com.askimed.nf.test.lang.process.ProcessTest.execute(ProcessTest.java:171)
	at com.askimed.nf.test.core.TestExecutionEngine.execute(TestExecutionEngine.java:172)
	at com.askimed.nf.test.commands.RunTestsCommand.execute(RunTestsCommand.java:322)
	at com.askimed.nf.test.commands.AbstractCommand.call(AbstractCommand.java:43)
	at com.askimed.nf.test.commands.AbstractCommand.call(AbstractCommand.java:18)
	at picocli.CommandLine.executeUserObject(CommandLine.java:1953)
	at picocli.CommandLine.access$1300(CommandLine.java:145)
	at picocli.CommandLine$RunLast.executeUserObjectOfLastSubcommandWithSameParent(CommandLine.java:2352)
	at picocli.CommandLine$RunLast.handle(CommandLine.java:2346)
	at picocli.CommandLine$RunLast.handle(CommandLine.java:2311)
	at picocli.CommandLine$AbstractParseResultHandler.execute(CommandLine.java:2179)
	at picocli.CommandLine.execute(CommandLine.java:2078)
	at com.askimed.nf.test.App.run(App.java:39)
	at com.askimed.nf.test.App.main(App.java:46)
java.io.EOFException
	at java.base/java.util.zip.GZIPInputStream.readUByte(GZIPInputStream.java:268)
	at java.base/java.util.zip.GZIPInputStream.readUShort(GZIPInputStream.java:258)
	at java.base/java.util.zip.GZIPInputStream.readHeader(GZIPInputStream.java:164)
	at java.base/java.util.zip.GZIPInputStream.<init>(GZIPInputStream.java:79)
	at java.base/java.util.zip.GZIPInputStream.<init>(GZIPInputStream.java:91)
	at com.askimed.nf.test.util.FileUtil.getMd5(FileUtil.java:103)
	at com.askimed.nf.test.lang.extensions.PathExtension.getMd5(PathExtension.java:21)
	at com.askimed.nf.test.lang.extensions.util.PathConverter.serializeFile(PathConverter.java:57)
	at com.askimed.nf.test.lang.extensions.util.PathConverter.convert(PathConverter.java:42)
	at groovy.json.DefaultJsonGenerator.writeObject(DefaultJsonGenerator.java:185)
	at groovy.json.DefaultJsonGenerator.writeObject(DefaultJsonGenerator.java:164)
	at groovy.json.DefaultJsonGenerator.writeIterator(DefaultJsonGenerator.java:396)
	at groovy.json.DefaultJsonGenerator.writeObject(DefaultJsonGenerator.java:202)
	at groovy.json.DefaultJsonGenerator.writeObject(DefaultJsonGenerator.java:164)
	at groovy.json.DefaultJsonGenerator.writeIterator(DefaultJsonGenerator.java:396)
	at groovy.json.DefaultJsonGenerator.writeObject(DefaultJsonGenerator.java:202)
	at groovy.json.DefaultJsonGenerator.writeObject(DefaultJsonGenerator.java:164)
	at groovy.json.DefaultJsonGenerator.writeIterator(DefaultJsonGenerator.java:396)
	at groovy.json.DefaultJsonGenerator.writeObject(DefaultJsonGenerator.java:202)
	at groovy.json.DefaultJsonGenerator.writeObject(DefaultJsonGenerator.java:164)
	at groovy.json.DefaultJsonGenerator.writeIterator(DefaultJsonGenerator.java:396)
	at groovy.json.DefaultJsonGenerator.writeArray(DefaultJsonGenerator.java:279)
	at groovy.json.DefaultJsonGenerator.writeObject(DefaultJsonGenerator.java:221)
	at groovy.json.DefaultJsonGenerator.writeObject(DefaultJsonGenerator.java:164)
	at groovy.json.DefaultJsonGenerator.toJson(DefaultJsonGenerator.java:98)
	at com.askimed.nf.test.lang.extensions.util.SnapshotDiffUtil.writeSnapshotToFile(SnapshotDiffUtil.java:95)
	at com.askimed.nf.test.lang.extensions.util.SnapshotDiffUtil.getDiff(SnapshotDiffUtil.java:37)
	at com.askimed.nf.test.lang.extensions.SnapshotFileItem.equals(SnapshotFileItem.java:69)
	at com.askimed.nf.test.lang.extensions.Snapshot.match(Snapshot.java:57)
	at com.askimed.nf.test.lang.extensions.Snapshot.match(Snapshot.java:27)
	at com.askimed.nf.test.lang.extensions.Snapshot$match.call(Unknown Source)
	at org.codehaus.groovy.runtime.callsite.CallSiteArray.defaultCall(CallSiteArray.java:47)
	at org.codehaus.groovy.runtime.callsite.AbstractCallSite.call(AbstractCallSite.java:125)
	at org.codehaus.groovy.runtime.callsite.AbstractCallSite.call(AbstractCallSite.java:130)
	at main_nf$_run_closure1$_closure2$_closure4$_closure7.doCall(main.nf.test:31)
	at main_nf$_run_closure1$_closure2$_closure4$_closure7.doCall(main.nf.test)
	at java.base/jdk.internal.reflect.NativeMethodAccessorImpl.invoke0(Native Method)
	at java.base/jdk.internal.reflect.NativeMethodAccessorImpl.invoke(NativeMethodAccessorImpl.java:77)
	at java.base/jdk.internal.reflect.DelegatingMethodAccessorImpl.invoke(DelegatingMethodAccessorImpl.java:43)
	at java.base/java.lang.reflect.Method.invoke(Method.java:569)
	at org.codehaus.groovy.reflection.CachedMethod.invoke(CachedMethod.java:107)
	at groovy.lang.MetaMethod.doMethodInvoke(MetaMethod.java:323)
	at org.codehaus.groovy.runtime.metaclass.ClosureMetaClass.invokeMethod(ClosureMetaClass.java:274)
	at groovy.lang.MetaClassImpl.invokeMethod(MetaClassImpl.java:1030)
	at groovy.lang.Closure.call(Closure.java:427)
	at groovy.lang.Closure.call(Closure.java:406)
	at com.askimed.nf.test.lang.extensions.GlobalMethods.assertAll(GlobalMethods.java:39)
	at java.base/jdk.internal.reflect.NativeMethodAccessorImpl.invoke0(Native Method)
	at java.base/jdk.internal.reflect.NativeMethodAccessorImpl.invoke(NativeMethodAccessorImpl.java:77)
	at java.base/jdk.internal.reflect.DelegatingMethodAccessorImpl.invoke(DelegatingMethodAccessorImpl.java:43)
	at java.base/java.lang.reflect.Method.invoke(Method.java:569)
	at org.codehaus.groovy.reflection.CachedMethod.invoke(CachedMethod.java:107)
	at groovy.lang.MetaMethod.doMethodInvoke(MetaMethod.java:323)
	at org.codehaus.groovy.runtime.callsite.StaticMetaMethodSite.invoke(StaticMetaMethodSite.java:44)
	at org.codehaus.groovy.runtime.callsite.StaticMetaMethodSite.callStatic(StaticMetaMethodSite.java:100)
	at org.codehaus.groovy.runtime.callsite.CallSiteArray.defaultCallStatic(CallSiteArray.java:55)
	at org.codehaus.groovy.runtime.callsite.AbstractCallSite.callStatic(AbstractCallSite.java:217)
	at org.codehaus.groovy.runtime.callsite.AbstractCallSite.callStatic(AbstractCallSite.java:240)
	at main_nf$_run_closure1$_closure2$_closure4.doCall(main.nf.test:29)
	at main_nf$_run_closure1$_closure2$_closure4.doCall(main.nf.test)
	at java.base/jdk.internal.reflect.NativeMethodAccessorImpl.invoke0(Native Method)
	at java.base/jdk.internal.reflect.NativeMethodAccessorImpl.invoke(NativeMethodAccessorImpl.java:77)
	at java.base/jdk.internal.reflect.DelegatingMethodAccessorImpl.invoke(DelegatingMethodAccessorImpl.java:43)
	at java.base/java.lang.reflect.Method.invoke(Method.java:569)
	at org.codehaus.groovy.reflection.CachedMethod.invoke(CachedMethod.java:107)
	at groovy.lang.MetaMethod.doMethodInvoke(MetaMethod.java:323)
	at org.codehaus.groovy.runtime.metaclass.ClosureMetaClass.invokeMethod(ClosureMetaClass.java:274)
	at groovy.lang.MetaClassImpl.invokeMethod(MetaClassImpl.java:1030)
	at groovy.lang.Closure.call(Closure.java:427)
	at groovy.lang.Closure.call(Closure.java:406)
	at com.askimed.nf.test.lang.TestCode.execute(TestCode.java:16)
	at com.askimed.nf.test.lang.process.ProcessTest.execute(ProcessTest.java:171)
	at com.askimed.nf.test.core.TestExecutionEngine.execute(TestExecutionEngine.java:172)
	at com.askimed.nf.test.commands.RunTestsCommand.execute(RunTestsCommand.java:322)
	at com.askimed.nf.test.commands.AbstractCommand.call(AbstractCommand.java:43)
	at com.askimed.nf.test.commands.AbstractCommand.call(AbstractCommand.java:18)
	at picocli.CommandLine.executeUserObject(CommandLine.java:1953)
	at picocli.CommandLine.access$1300(CommandLine.java:145)
	at picocli.CommandLine$RunLast.executeUserObjectOfLastSubcommandWithSameParent(CommandLine.java:2352)
	at picocli.CommandLine$RunLast.handle(CommandLine.java:2346)
	at picocli.CommandLine$RunLast.handle(CommandLine.java:2311)
	at picocli.CommandLine$AbstractParseResultHandler.execute(CommandLine.java:2179)
	at picocli.CommandLine.execute(CommandLine.java:2078)
	at com.askimed.nf.test.App.run(App.java:39)
	at com.askimed.nf.test.App.main(App.java:46)
java.io.EOFException
	at java.base/java.util.zip.GZIPInputStream.readUByte(GZIPInputStream.java:268)
	at java.base/java.util.zip.GZIPInputStream.readUShort(GZIPInputStream.java:258)
	at java.base/java.util.zip.GZIPInputStream.readHeader(GZIPInputStream.java:164)
	at java.base/java.util.zip.GZIPInputStream.<init>(GZIPInputStream.java:79)
	at java.base/java.util.zip.GZIPInputStream.<init>(GZIPInputStream.java:91)
	at com.askimed.nf.test.util.FileUtil.getMd5(FileUtil.java:103)
	at com.askimed.nf.test.lang.extensions.PathExtension.getMd5(PathExtension.java:21)
	at com.askimed.nf.test.lang.extensions.util.PathConverter.serializeFile(PathConverter.java:57)
	at com.askimed.nf.test.lang.extensions.util.PathConverter.convert(PathConverter.java:42)
	at groovy.json.DefaultJsonGenerator.writeObject(DefaultJsonGenerator.java:185)
	at groovy.json.DefaultJsonGenerator.writeObject(DefaultJsonGenerator.java:164)
	at groovy.json.DefaultJsonGenerator.writeIterator(DefaultJsonGenerator.java:396)
	at groovy.json.DefaultJsonGenerator.writeObject(DefaultJsonGenerator.java:202)
	at groovy.json.DefaultJsonGenerator.writeObject(DefaultJsonGenerator.java:164)
	at groovy.json.DefaultJsonGenerator.writeIterator(DefaultJsonGenerator.java:396)
	at groovy.json.DefaultJsonGenerator.writeObject(DefaultJsonGenerator.java:202)
	at groovy.json.DefaultJsonGenerator.writeObject(DefaultJsonGenerator.java:164)
	at groovy.json.DefaultJsonGenerator.writeIterator(DefaultJsonGenerator.java:396)
	at groovy.json.DefaultJsonGenerator.writeObject(DefaultJsonGenerator.java:202)
	at groovy.json.DefaultJsonGenerator.writeObject(DefaultJsonGenerator.java:164)
	at groovy.json.DefaultJsonGenerator.writeIterator(DefaultJsonGenerator.java:396)
	at groovy.json.DefaultJsonGenerator.writeArray(DefaultJsonGenerator.java:279)
	at groovy.json.DefaultJsonGenerator.writeObject(DefaultJsonGenerator.java:221)
	at groovy.json.DefaultJsonGenerator.writeObject(DefaultJsonGenerator.java:164)
	at groovy.json.DefaultJsonGenerator.toJson(DefaultJsonGenerator.java:98)
	at com.askimed.nf.test.lang.extensions.util.SnapshotDiffUtil.writeSnapshotToFile(SnapshotDiffUtil.java:95)
	at com.askimed.nf.test.lang.extensions.util.SnapshotDiffUtil.getDiff(SnapshotDiffUtil.java:37)
	at com.askimed.nf.test.lang.extensions.SnapshotFileItem.equals(SnapshotFileItem.java:69)
	at com.askimed.nf.test.lang.extensions.Snapshot.match(Snapshot.java:57)
	at com.askimed.nf.test.lang.extensions.Snapshot.match(Snapshot.java:27)
	at com.askimed.nf.test.lang.extensions.Snapshot$match.call(Unknown Source)
	at org.codehaus.groovy.runtime.callsite.CallSiteArray.defaultCall(CallSiteArray.java:47)
	at org.codehaus.groovy.runtime.callsite.AbstractCallSite.call(AbstractCallSite.java:125)
	at org.codehaus.groovy.runtime.callsite.AbstractCallSite.call(AbstractCallSite.java:130)
	at main_nf$_run_closure1$_closure2$_closure4$_closure7.doCall(main.nf.test:31)
	at main_nf$_run_closure1$_closure2$_closure4$_closure7.doCall(main.nf.test)
	at java.base/jdk.internal.reflect.NativeMethodAccessorImpl.invoke0(Native Method)
	at java.base/jdk.internal.reflect.NativeMethodAccessorImpl.invoke(NativeMethodAccessorImpl.java:77)
	at java.base/jdk.internal.reflect.DelegatingMethodAccessorImpl.invoke(DelegatingMethodAccessorImpl.java:43)
	at java.base/java.lang.reflect.Method.invoke(Method.java:569)
	at org.codehaus.groovy.reflection.CachedMethod.invoke(CachedMethod.java:107)
	at groovy.lang.MetaMethod.doMethodInvoke(MetaMethod.java:323)
	at org.codehaus.groovy.runtime.metaclass.ClosureMetaClass.invokeMethod(ClosureMetaClass.java:274)
	at groovy.lang.MetaClassImpl.invokeMethod(MetaClassImpl.java:1030)
	at groovy.lang.Closure.call(Closure.java:427)
	at groovy.lang.Closure.call(Closure.java:406)
	at com.askimed.nf.test.lang.extensions.GlobalMethods.assertAll(GlobalMethods.java:39)
	at java.base/jdk.internal.reflect.NativeMethodAccessorImpl.invoke0(Native Method)
	at java.base/jdk.internal.reflect.NativeMethodAccessorImpl.invoke(NativeMethodAccessorImpl.java:77)
	at java.base/jdk.internal.reflect.DelegatingMethodAccessorImpl.invoke(DelegatingMethodAccessorImpl.java:43)
	at java.base/java.lang.reflect.Method.invoke(Method.java:569)
	at org.codehaus.groovy.reflection.CachedMethod.invoke(CachedMethod.java:107)
	at groovy.lang.MetaMethod.doMethodInvoke(MetaMethod.java:323)
	at org.codehaus.groovy.runtime.callsite.StaticMetaMethodSite.invoke(StaticMetaMethodSite.java:44)
	at org.codehaus.groovy.runtime.callsite.StaticMetaMethodSite.callStatic(StaticMetaMethodSite.java:100)
	at org.codehaus.groovy.runtime.callsite.CallSiteArray.defaultCallStatic(CallSiteArray.java:55)
	at org.codehaus.groovy.runtime.callsite.AbstractCallSite.callStatic(AbstractCallSite.java:217)
	at org.codehaus.groovy.runtime.callsite.AbstractCallSite.callStatic(AbstractCallSite.java:240)
	at main_nf$_run_closure1$_closure2$_closure4.doCall(main.nf.test:29)
	at main_nf$_run_closure1$_closure2$_closure4.doCall(main.nf.test)
	at java.base/jdk.internal.reflect.NativeMethodAccessorImpl.invoke0(Native Method)
	at java.base/jdk.internal.reflect.NativeMethodAccessorImpl.invoke(NativeMethodAccessorImpl.java:77)
	at java.base/jdk.internal.reflect.DelegatingMethodAccessorImpl.invoke(DelegatingMethodAccessorImpl.java:43)
	at java.base/java.lang.reflect.Method.invoke(Method.java:569)
	at org.codehaus.groovy.reflection.CachedMethod.invoke(CachedMethod.java:107)
	at groovy.lang.MetaMethod.doMethodInvoke(MetaMethod.java:323)
	at org.codehaus.groovy.runtime.metaclass.ClosureMetaClass.invokeMethod(ClosureMetaClass.java:274)
	at groovy.lang.MetaClassImpl.invokeMethod(MetaClassImpl.java:1030)
	at groovy.lang.Closure.call(Closure.java:427)
	at groovy.lang.Closure.call(Closure.java:406)
	at com.askimed.nf.test.lang.TestCode.execute(TestCode.java:16)
	at com.askimed.nf.test.lang.process.ProcessTest.execute(ProcessTest.java:171)
	at com.askimed.nf.test.core.TestExecutionEngine.execute(TestExecutionEngine.java:172)
	at com.askimed.nf.test.commands.RunTestsCommand.execute(RunTestsCommand.java:322)
	at com.askimed.nf.test.commands.AbstractCommand.call(AbstractCommand.java:43)
	at com.askimed.nf.test.commands.AbstractCommand.call(AbstractCommand.java:18)
	at picocli.CommandLine.executeUserObject(CommandLine.java:1953)
	at picocli.CommandLine.access$1300(CommandLine.java:145)
	at picocli.CommandLine$RunLast.executeUserObjectOfLastSubcommandWithSameParent(CommandLine.java:2352)
	at picocli.CommandLine$RunLast.handle(CommandLine.java:2346)
	at picocli.CommandLine$RunLast.handle(CommandLine.java:2311)
	at picocli.CommandLine$AbstractParseResultHandler.execute(CommandLine.java:2179)
	at picocli.CommandLine.execute(CommandLine.java:2078)
	at com.askimed.nf.test.App.run(App.java:39)
	at com.askimed.nf.test.App.main(App.java:46)
java.io.EOFException
	at java.base/java.util.zip.GZIPInputStream.readUByte(GZIPInputStream.java:268)
	at java.base/java.util.zip.GZIPInputStream.readUShort(GZIPInputStream.java:258)
	at java.base/java.util.zip.GZIPInputStream.readHeader(GZIPInputStream.java:164)
	at java.base/java.util.zip.GZIPInputStream.<init>(GZIPInputStream.java:79)
	at java.base/java.util.zip.GZIPInputStream.<init>(GZIPInputStream.java:91)
	at com.askimed.nf.test.util.FileUtil.getMd5(FileUtil.java:103)
	at com.askimed.nf.test.lang.extensions.PathExtension.getMd5(PathExtension.java:21)
	at com.askimed.nf.test.lang.extensions.util.PathConverter.serializeFile(PathConverter.java:57)
	at com.askimed.nf.test.lang.extensions.util.PathConverter.convert(PathConverter.java:42)
	at groovy.json.DefaultJsonGenerator.writeObject(DefaultJsonGenerator.java:185)
	at groovy.json.DefaultJsonGenerator.writeObject(DefaultJsonGenerator.java:164)
	at groovy.json.DefaultJsonGenerator.writeIterator(DefaultJsonGenerator.java:396)
	at groovy.json.DefaultJsonGenerator.writeObject(DefaultJsonGenerator.java:202)
	at groovy.json.DefaultJsonGenerator.writeObject(DefaultJsonGenerator.java:164)
	at groovy.json.DefaultJsonGenerator.writeIterator(DefaultJsonGenerator.java:396)
	at groovy.json.DefaultJsonGenerator.writeObject(DefaultJsonGenerator.java:202)
	at groovy.json.DefaultJsonGenerator.writeObject(DefaultJsonGenerator.java:164)
	at groovy.json.DefaultJsonGenerator.writeIterator(DefaultJsonGenerator.java:396)
	at groovy.json.DefaultJsonGenerator.writeObject(DefaultJsonGenerator.java:202)
	at groovy.json.DefaultJsonGenerator.writeObject(DefaultJsonGenerator.java:164)
	at groovy.json.DefaultJsonGenerator.writeIterator(DefaultJsonGenerator.java:396)
	at groovy.json.DefaultJsonGenerator.writeArray(DefaultJsonGenerator.java:279)
	at groovy.json.DefaultJsonGenerator.writeObject(DefaultJsonGenerator.java:221)
	at groovy.json.DefaultJsonGenerator.writeObject(DefaultJsonGenerator.java:164)
	at groovy.json.DefaultJsonGenerator.toJson(DefaultJsonGenerator.java:98)
	at com.askimed.nf.test.lang.extensions.util.SnapshotDiffUtil.writeSnapshotToFile(SnapshotDiffUtil.java:95)
	at com.askimed.nf.test.lang.extensions.util.SnapshotDiffUtil.getDiff(SnapshotDiffUtil.java:37)
	at com.askimed.nf.test.lang.extensions.SnapshotFileItem.equals(SnapshotFileItem.java:69)
	at com.askimed.nf.test.lang.extensions.Snapshot.match(Snapshot.java:57)
	at com.askimed.nf.test.lang.extensions.Snapshot.match(Snapshot.java:27)
	at com.askimed.nf.test.lang.extensions.Snapshot$match.call(Unknown Source)
	at org.codehaus.groovy.runtime.callsite.CallSiteArray.defaultCall(CallSiteArray.java:47)
	at org.codehaus.groovy.runtime.callsite.AbstractCallSite.call(AbstractCallSite.java:125)
	at org.codehaus.groovy.runtime.callsite.AbstractCallSite.call(AbstractCallSite.java:130)
	at main_nf$_run_closure1$_closure2$_closure4$_closure7.doCall(main.nf.test:31)
	at main_nf$_run_closure1$_closure2$_closure4$_closure7.doCall(main.nf.test)
	at java.base/jdk.internal.reflect.NativeMethodAccessorImpl.invoke0(Native Method)
	at java.base/jdk.internal.reflect.NativeMethodAccessorImpl.invoke(NativeMethodAccessorImpl.java:77)
	at java.base/jdk.internal.reflect.DelegatingMethodAccessorImpl.invoke(DelegatingMethodAccessorImpl.java:43)
	at java.base/java.lang.reflect.Method.invoke(Method.java:569)
	at org.codehaus.groovy.reflection.CachedMethod.invoke(CachedMethod.java:107)
	at groovy.lang.MetaMethod.doMethodInvoke(MetaMethod.java:323)
	at org.codehaus.groovy.runtime.metaclass.ClosureMetaClass.invokeMethod(ClosureMetaClass.java:274)
	at groovy.lang.MetaClassImpl.invokeMethod(MetaClassImpl.java:1030)
	at groovy.lang.Closure.call(Closure.java:427)
	at groovy.lang.Closure.call(Closure.java:406)
	at com.askimed.nf.test.lang.extensions.GlobalMethods.assertAll(GlobalMethods.java:39)
	at java.base/jdk.internal.reflect.NativeMethodAccessorImpl.invoke0(Native Method)
	at java.base/jdk.internal.reflect.NativeMethodAccessorImpl.invoke(NativeMethodAccessorImpl.java:77)
	at java.base/jdk.internal.reflect.DelegatingMethodAccessorImpl.invoke(DelegatingMethodAccessorImpl.java:43)
	at java.base/java.lang.reflect.Method.invoke(Method.java:569)
	at org.codehaus.groovy.reflection.CachedMethod.invoke(CachedMethod.java:107)
	at groovy.lang.MetaMethod.doMethodInvoke(MetaMethod.java:323)
	at org.codehaus.groovy.runtime.callsite.StaticMetaMethodSite.invoke(StaticMetaMethodSite.java:44)
	at org.codehaus.groovy.runtime.callsite.StaticMetaMethodSite.callStatic(StaticMetaMethodSite.java:100)
	at org.codehaus.groovy.runtime.callsite.CallSiteArray.defaultCallStatic(CallSiteArray.java:55)
	at org.codehaus.groovy.runtime.callsite.AbstractCallSite.callStatic(AbstractCallSite.java:217)
	at org.codehaus.groovy.runtime.callsite.AbstractCallSite.callStatic(AbstractCallSite.java:240)
	at main_nf$_run_closure1$_closure2$_closure4.doCall(main.nf.test:29)
	at main_nf$_run_closure1$_closure2$_closure4.doCall(main.nf.test)
	at java.base/jdk.internal.reflect.NativeMethodAccessorImpl.invoke0(Native Method)
	at java.base/jdk.internal.reflect.NativeMethodAccessorImpl.invoke(NativeMethodAccessorImpl.java:77)
	at java.base/jdk.internal.reflect.DelegatingMethodAccessorImpl.invoke(DelegatingMethodAccessorImpl.java:43)
	at java.base/java.lang.reflect.Method.invoke(Method.java:569)
	at org.codehaus.groovy.reflection.CachedMethod.invoke(CachedMethod.java:107)
	at groovy.lang.MetaMethod.doMethodInvoke(MetaMethod.java:323)
	at org.codehaus.groovy.runtime.metaclass.ClosureMetaClass.invokeMethod(ClosureMetaClass.java:274)
	at groovy.lang.MetaClassImpl.invokeMethod(MetaClassImpl.java:1030)
	at groovy.lang.Closure.call(Closure.java:427)
	at groovy.lang.Closure.call(Closure.java:406)
	at com.askimed.nf.test.lang.TestCode.execute(TestCode.java:16)
	at com.askimed.nf.test.lang.process.ProcessTest.execute(ProcessTest.java:171)
	at com.askimed.nf.test.core.TestExecutionEngine.execute(TestExecutionEngine.java:172)
	at com.askimed.nf.test.commands.RunTestsCommand.execute(RunTestsCommand.java:322)
	at com.askimed.nf.test.commands.AbstractCommand.call(AbstractCommand.java:43)
	at com.askimed.nf.test.commands.AbstractCommand.call(AbstractCommand.java:18)
	at picocli.CommandLine.executeUserObject(CommandLine.java:1953)
	at picocli.CommandLine.access$1300(CommandLine.java:145)
	at picocli.CommandLine$RunLast.executeUserObjectOfLastSubcommandWithSameParent(CommandLine.java:2352)
	at picocli.CommandLine$RunLast.handle(CommandLine.java:2346)
	at picocli.CommandLine$RunLast.handle(CommandLine.java:2311)
	at picocli.CommandLine$AbstractParseResultHandler.execute(CommandLine.java:2179)
	at picocli.CommandLine.execute(CommandLine.java:2078)
	at com.askimed.nf.test.App.run(App.java:39)
	at com.askimed.nf.test.App.main(App.java:46)
java.lang.RuntimeException: Different Snapshot:
[													[
    [													    [
        [												        [
            {												            {
                "id": "DRR026872",									                "id": "DRR026872",
                "single_end": true									                "single_end": true
            },												            },
            [												            [
                "/Users/siyangming/nextflow_nf_core/bio.nf/.nf-test/tests/e4d5a349258389adacc699   |	                "/Users/siyangming/nextflow_nf_core/bio.nf/.nf-test/tests/e4d5a349258389adacc699
                "/Users/siyangming/nextflow_nf_core/bio.nf/.nf-test/tests/e4d5a349258389adacc699   |	                "/Users/siyangming/nextflow_nf_core/bio.nf/.nf-test/tests/e4d5a349258389adacc699
            ]												            ]
        ],												        ],
        [												        [
            {												            {
                "id": "DRR028935",									                "id": "DRR028935",
                "single_end": true									                "single_end": true
            },												            },
            [												            [
                "/Users/siyangming/nextflow_nf_core/bio.nf/.nf-test/tests/e4d5a349258389adacc699   |	                "/Users/siyangming/nextflow_nf_core/bio.nf/.nf-test/tests/e4d5a349258389adacc699
                "/Users/siyangming/nextflow_nf_core/bio.nf/.nf-test/tests/e4d5a349258389adacc699   |	                "/Users/siyangming/nextflow_nf_core/bio.nf/.nf-test/tests/e4d5a349258389adacc699
            ]												            ]
        ],												        ],
        [												        [
            {												            {
                "id": "ERR1160846",									                "id": "ERR1160846",
                "single_end": true									                "single_end": true
            },												            },
            [												            [
                "/Users/siyangming/nextflow_nf_core/bio.nf/.nf-test/tests/e4d5a349258389adacc699   |	                "/Users/siyangming/nextflow_nf_core/bio.nf/.nf-test/tests/e4d5a349258389adacc699
                "/Users/siyangming/nextflow_nf_core/bio.nf/.nf-test/tests/e4d5a349258389adacc699   |	                "/Users/siyangming/nextflow_nf_core/bio.nf/.nf-test/tests/e4d5a349258389adacc699
            ]												            ]
        ],												        ],
        [												        [
            {												            {
                "id": "GSE214215",									                "id": "GSE214215",
                "single_end": true									                "single_end": true
            },												            },
            [												            [
                "/Users/siyangming/nextflow_nf_core/bio.nf/.nf-test/tests/e4d5a349258389adacc699   |	                "/Users/siyangming/nextflow_nf_core/bio.nf/.nf-test/tests/e4d5a349258389adacc699
                "/Users/siyangming/nextflow_nf_core/bio.nf/.nf-test/tests/e4d5a349258389adacc699   |	                "/Users/siyangming/nextflow_nf_core/bio.nf/.nf-test/tests/e4d5a349258389adacc699
            ]												            ]
        ],												        ],
        [												        [
            {												            {
                "id": "GSM4907283",									                "id": "GSM4907283",
                "single_end": true									                "single_end": true
            },												            },
            [												            [
                "/Users/siyangming/nextflow_nf_core/bio.nf/.nf-test/tests/e4d5a349258389adacc699   |	                "/Users/siyangming/nextflow_nf_core/bio.nf/.nf-test/tests/e4d5a349258389adacc699
                "/Users/siyangming/nextflow_nf_core/bio.nf/.nf-test/tests/e4d5a349258389adacc699   |	                "/Users/siyangming/nextflow_nf_core/bio.nf/.nf-test/tests/e4d5a349258389adacc699
            ]												            ]
        ],												        ],
        [												        [
            {												            {
                "id": "SRR12848126",									                "id": "SRR12848126",
                "single_end": true									                "single_end": true
            },												            },
            [												            [
                "/Users/siyangming/nextflow_nf_core/bio.nf/.nf-test/tests/e4d5a349258389adacc699   |	                "/Users/siyangming/nextflow_nf_core/bio.nf/.nf-test/tests/e4d5a349258389adacc699
                "/Users/siyangming/nextflow_nf_core/bio.nf/.nf-test/tests/e4d5a349258389adacc699   |	                "/Users/siyangming/nextflow_nf_core/bio.nf/.nf-test/tests/e4d5a349258389adacc699
            ]												            ]
        ],												        ],
        [												        [
            {												            {
                "id": "SRR13191702",									                "id": "SRR13191702",
                "single_end": true									                "single_end": true
            },												            },
            [												            [
                "/Users/siyangming/nextflow_nf_core/bio.nf/.nf-test/tests/e4d5a349258389adacc699   |	                "/Users/siyangming/nextflow_nf_core/bio.nf/.nf-test/tests/e4d5a349258389adacc699
                "/Users/siyangming/nextflow_nf_core/bio.nf/.nf-test/tests/e4d5a349258389adacc699   |	                "/Users/siyangming/nextflow_nf_core/bio.nf/.nf-test/tests/e4d5a349258389adacc699
            ]												            ]
        ],												        ],
        [												        [
            {												            {
                "id": "SRR14593545",									                "id": "SRR14593545",
                "single_end": true									                "single_end": true
            },												            },
            [												            [
                "/Users/siyangming/nextflow_nf_core/bio.nf/.nf-test/tests/e4d5a349258389adacc699   |	                "/Users/siyangming/nextflow_nf_core/bio.nf/.nf-test/tests/e4d5a349258389adacc699
                "/Users/siyangming/nextflow_nf_core/bio.nf/.nf-test/tests/e4d5a349258389adacc699   |	                "/Users/siyangming/nextflow_nf_core/bio.nf/.nf-test/tests/e4d5a349258389adacc699
            ]												            ]
        ],												        ],
        [												        [
            {												            {
                "id": "SRR14709033",									                "id": "SRR14709033",
                "single_end": true									                "single_end": true
            },												            },
            [												            [
                "/Users/siyangming/nextflow_nf_core/bio.nf/.nf-test/tests/e4d5a349258389adacc699   |	                "/Users/siyangming/nextflow_nf_core/bio.nf/.nf-test/tests/e4d5a349258389adacc699
                "/Users/siyangming/nextflow_nf_core/bio.nf/.nf-test/tests/e4d5a349258389adacc699   |	                "/Users/siyangming/nextflow_nf_core/bio.nf/.nf-test/tests/e4d5a349258389adacc699
            ]												            ]
        ],												        ],
        [												        [
            {												            {
                "id": "SRR9984183",									                "id": "SRR9984183",
                "single_end": true									                "single_end": true
            },												            },
            [												            [
                "/Users/siyangming/nextflow_nf_core/bio.nf/.nf-test/tests/e4d5a349258389adacc699   |	                "/Users/siyangming/nextflow_nf_core/bio.nf/.nf-test/tests/e4d5a349258389adacc699
                "/Users/siyangming/nextflow_nf_core/bio.nf/.nf-test/tests/e4d5a349258389adacc699   |	                "/Users/siyangming/nextflow_nf_core/bio.nf/.nf-test/tests/e4d5a349258389adacc699
            ]												            ]
        ]												        ]
    ],													    ],
    [													    [
        "versions.yml:md5,c467502260af7e00c4f8b12a5c0f90a1",						        "versions.yml:md5,c467502260af7e00c4f8b12a5c0f90a1",
        "versions.yml:md5,c467502260af7e00c4f8b12a5c0f90a1",						        "versions.yml:md5,c467502260af7e00c4f8b12a5c0f90a1",
        "versions.yml:md5,c467502260af7e00c4f8b12a5c0f90a1",						        "versions.yml:md5,c467502260af7e00c4f8b12a5c0f90a1",
        "versions.yml:md5,c467502260af7e00c4f8b12a5c0f90a1",						        "versions.yml:md5,c467502260af7e00c4f8b12a5c0f90a1",
        "versions.yml:md5,c467502260af7e00c4f8b12a5c0f90a1",						        "versions.yml:md5,c467502260af7e00c4f8b12a5c0f90a1",
        "versions.yml:md5,c467502260af7e00c4f8b12a5c0f90a1",						        "versions.yml:md5,c467502260af7e00c4f8b12a5c0f90a1",
        "versions.yml:md5,c467502260af7e00c4f8b12a5c0f90a1",						        "versions.yml:md5,c467502260af7e00c4f8b12a5c0f90a1",
        "versions.yml:md5,c467502260af7e00c4f8b12a5c0f90a1",						        "versions.yml:md5,c467502260af7e00c4f8b12a5c0f90a1",
        "versions.yml:md5,c467502260af7e00c4f8b12a5c0f90a1",						        "versions.yml:md5,c467502260af7e00c4f8b12a5c0f90a1",
        "versions.yml:md5,c467502260af7e00c4f8b12a5c0f90a1"						        "versions.yml:md5,c467502260af7e00c4f8b12a5c0f90a1"
    ]													    ]
]
\ No newline at end of file
													]
\ No newline at end of file


ERROR conda.cli.main_run:execute(142): `conda run nf-test test modules/kingfisher/get/tests/main.nf.test modules/kingfisher/annotate/tests/main.nf.test modules/kingfisher/extract/tests/main.nf.test --profile standard` failed. (See above for error)

🚀[1m nf-test 0.9.3[0m
https://www.nf-test.com
(c) 2021 - 2024 Lukas Forer and Sebastian Schoenherr


[1mTest Process KINGFISHER_ANNOTATE[0m

  [1mTest[0m [ff376825] 'sra_ids_from_csv' [32mPASSED[0m (4.52s)
  Snapshots:
[33m    1 obsolete [sra_annotate][0m

[1mTest Process KINGFISHER_EXTRACT[0m

  [1mTest[0m [f0346009] 'sra_extract_stub' [31mFAILED[0m (6.539s)

  [31mAssertion failed: 
  
  1 of 2 assertions failed
  [0m
  [31mNextflow stdout:
  
  Nextflow stderr:
  
  [33mNextflow 25.10.4 is available - Please consider updating your version to it(B[m
  [0m

    Obsolete snapshots can only be checked if all tests of a file are executed successful.

[1mTest Process KINGFISHER_GET[0m

  [1mTest[0m [e4d5a349] 'sra_ids_from_csv' [31mFAILED[0m (4.95s)

  [31mAssertion failed: 
  
  1 of 2 assertions failed
  [0m
  [31mNextflow stdout:
  
  Nextflow stderr:
  
  [33mNextflow 25.10.4 is available - Please consider updating your version to it(B[m
  [0m

  Snapshots:
    Obsolete snapshots can only be checked if all tests of a file are executed successful.


Snapshot Summary:
[33m  1 obsolete[0m

[1m[31mFAILURE: [0m[0mExecuted 3 tests in 16.081s (2 failed)

